Tue Apr 28 14:12:38 2009,660 [18076] INFO SugarCRM - Connect:Resource id #158
Tue Apr 28 14:12:38 2009,661 [18076] INFO SugarCRM - Query:SELECT id, name, symbol, conversion_rate FROM currencies WHERE status = 'Active' and deleted = 0
Tue Apr 28 14:12:38 2009,662 [18076] INFO SugarCRM - Query Execution Time:0.00035200000000002
Tue Apr 28 14:12:38 2009,669 [18076] INFO SugarCRM - Query:SELECT category, name, value FROM config
Tue Apr 28 14:12:38 2009,670 [18076] INFO SugarCRM - Query Execution Time:0.00069999999999992
Tue Apr 28 14:12:38 2009,678 [18076] DEBUG SugarCRM - ****Starting Application for  session lf6dcggfmkpl20795jqb5qna57
Tue Apr 28 14:12:38 2009,679 [18076] DEBUG SugarCRM - We have an authenticated user id: 5f3f3269-7a7d-6cde-fd28-46ade30c9354
Tue Apr 28 14:12:38 2009,679 [18076] DEBUG SugarCRM - We have an authenticated user id: 5f3f3269-7a7d-6cde-fd28-46ade30c9354
Tue Apr 28 14:12:38 2009,680 [18076] DEBUG SugarCRM - Retrieve User : SELECT users.* , users_cstm.* FROM users   LEFT JOIN users_cstm ON users.id = users_cstm.id_c  WHERE users.id = '5f3f3269-7a7d-6cde-fd28-46ade30c9354' 
Tue Apr 28 14:12:38 2009,680 [18076] DEBUG SugarCRM - Limit Query:SELECT users.* , users_cstm.* FROM users   LEFT JOIN users_cstm ON users.id = users_cstm.id_c  WHERE users.id = '5f3f3269-7a7d-6cde-fd28-46ade30c9354'  Start: 0 count: 1
Tue Apr 28 14:12:38 2009,681 [18076] INFO SugarCRM - Query:SELECT users.* , users_cstm.* FROM users   LEFT JOIN users_cstm ON users.id = users_cstm.id_c  WHERE users.id = '5f3f3269-7a7d-6cde-fd28-46ade30c9354'  LIMIT 0,1
Tue Apr 28 14:12:38 2009,682 [18076] INFO SugarCRM - Query Execution Time:0.00080799999999992
Tue Apr 28 14:12:38 2009,686 [18076] DEBUG SugarCRM - In fill_relationships :Usersdefault_team_id_c,default_team_id_c,Default_Team_c,,Users,enum,36,optional,,2007-01-11 12:35:41,0,1,0,0,teams_array,,,
Tue Apr 28 14:12:38 2009,687 [18076] DEBUG SugarCRM - In fill_relationships :Usersio_msg_c,io_msg_c,In_Out_Message_c,,Users,text,254,optional,,2007-01-12 12:32:13,0,0,0,0,,,,
Tue Apr 28 14:12:38 2009,687 [18076] DEBUG SugarCRM - In fill_relationships :Usersio_status_c,io_status_c,In_Out_Status_c,,Users,text,25,optional,Out,2007-01-12 12:32:12,0,0,0,0,,,,
Tue Apr 28 14:12:38 2009,688 [18076] DEBUG SugarCRM - In fill_relationships :Usersshow_all_teams_c,show_all_teams_c,Show_All_Teams_c,,Users,bool,,optional,0,2007-01-11 12:35:41,0,0,0,0,,,,
Tue Apr 28 14:12:38 2009,688 [18076] DEBUG SugarCRM - Additional custom fields :
Tue Apr 28 14:12:38 2009,688 [18076] INFO SugarCRM - Query:SELECT u1.first_name, u1.last_name from users  u1, users  u2 where u1.id = u2.reports_to_id AND u2.id = '5f3f3269-7a7d-6cde-fd28-46ade30c9354' and u1.deleted=0
Tue Apr 28 14:12:38 2009,689 [18076] INFO SugarCRM - Query Execution Time:0.00041400000000003
Tue Apr 28 14:12:38 2009,689 [18076] INFO SugarCRM - Query:SELECT name from suboffice_mast where id = '9b9a0336-9a5d-e9f9-828c-465adde4e7da' AND deleted=0
Tue Apr 28 14:12:38 2009,690 [18076] INFO SugarCRM - Query Execution Time:0.00028099999999998
Tue Apr 28 14:12:38 2009,691 [18076] INFO SugarCRM - Query:SELECT name from usertype_mast where id = '9182080c-9e95-d0d5-9ec8-465581f07c44' AND deleted=0
Tue Apr 28 14:12:38 2009,691 [18076] INFO SugarCRM - Query Execution Time:0.00024399999999991
Tue Apr 28 14:12:38 2009,692 [18076] DEBUG SugarCRM - Including module specific hook file for Users
Tue Apr 28 14:12:38 2009,699 [18076] DEBUG SugarCRM - Creating new instance of hook class TeamFormBase without parameters
Tue Apr 28 14:12:38 2009,707 [18076] INFO SugarCRM - Query:SELECT id FROM users WHERE reports_to_id = '5f3f3269-7a7d-6cde-fd28-46ade30c9354'
Tue Apr 28 14:12:38 2009,720 [18076] INFO SugarCRM - Query Execution Time:0.0128
Tue Apr 28 14:12:38 2009,720 [18076] INFO SugarCRM - Query:SELECT id FROM users WHERE reports_to_id = '6852a3ba-84b8-8047-bbff-46ade4d1107f'
Tue Apr 28 14:12:38 2009,734 [18076] INFO SugarCRM - Query Execution Time:0.012754
Tue Apr 28 14:12:38 2009,734 [18076] INFO SugarCRM - Query:SELECT id FROM users WHERE reports_to_id = '54c91d05-0633-c9a0-16a6-46ade7203996'
Tue Apr 28 14:12:38 2009,746 [18076] INFO SugarCRM - Query Execution Time:0.012148
Tue Apr 28 14:12:38 2009,746 [18076] INFO SugarCRM - Query:SELECT id FROM users WHERE reports_to_id = 'ea47cec9-ae55-9bdf-c756-46aed1f23b9a'
Tue Apr 28 14:12:38 2009,759 [18076] INFO SugarCRM - Query Execution Time:0.01212
Tue Apr 28 14:12:38 2009,759 [18076] INFO SugarCRM - Query:SELECT id FROM users WHERE reports_to_id = 'd237ee6c-6935-8cc2-e705-46aed37b3596'
Tue Apr 28 14:12:38 2009,771 [18076] INFO SugarCRM - Query Execution Time:0.012187
Tue Apr 28 14:12:38 2009,771 [18076] INFO SugarCRM - Query:SELECT id FROM users WHERE reports_to_id = '6c8739c5-8c3a-507e-1406-46aed38cf377'
Tue Apr 28 14:12:38 2009,784 [18076] INFO SugarCRM - Query Execution Time:0.01214
Tue Apr 28 14:12:38 2009,784 [18076] INFO SugarCRM - Query:SELECT id FROM users WHERE reports_to_id = '2fca1e5a-bf4c-375e-0bfe-46aed71d119e'
Tue Apr 28 14:12:38 2009,796 [18076] INFO SugarCRM - Query Execution Time:0.012164
Tue Apr 28 14:12:38 2009,796 [18076] INFO SugarCRM - Query:SELECT id FROM users WHERE reports_to_id = 'd3ee10b4-d688-d1f1-7c04-48f81ad11ca4'
Tue Apr 28 14:12:38 2009,809 [18076] INFO SugarCRM - Query Execution Time:0.012121
Tue Apr 28 14:12:38 2009,809 [18076] INFO SugarCRM - Query:SELECT id FROM users WHERE reports_to_id = 'ed0f1261-9e14-40ea-4e78-46aed42c21ae'
Tue Apr 28 14:12:38 2009,821 [18076] INFO SugarCRM - Query Execution Time:0.012141
Tue Apr 28 14:12:38 2009,821 [18076] INFO SugarCRM - Query:SELECT id FROM users WHERE reports_to_id = '69288c10-92c0-de4c-f82e-46ade45f908a'
Tue Apr 28 14:12:38 2009,834 [18076] INFO SugarCRM - Query Execution Time:0.012164
Tue Apr 28 14:12:38 2009,834 [18076] INFO SugarCRM - Query:SELECT id FROM users WHERE reports_to_id = '589de9bd-8106-b0c8-2f94-46ade45c2215'
Tue Apr 28 14:12:38 2009,846 [18076] INFO SugarCRM - Query Execution Time:0.012117
Tue Apr 28 14:12:38 2009,846 [18076] INFO SugarCRM - Query:SELECT id FROM users WHERE reports_to_id = '584b0b54-89a9-cc57-3b4c-46aed56e4c07'
Tue Apr 28 14:12:38 2009,859 [18076] INFO SugarCRM - Query Execution Time:0.012116
Tue Apr 28 14:12:38 2009,859 [18076] INFO SugarCRM - Query:SELECT id FROM users WHERE reports_to_id = '551d2740-cab1-3d2b-70da-46fa4be9da91'
Tue Apr 28 14:12:38 2009,871 [18076] INFO SugarCRM - Query Execution Time:0.012132
Tue Apr 28 14:12:38 2009,871 [18076] INFO SugarCRM - Query:SELECT id FROM users WHERE reports_to_id = '3943158b-b214-bd02-08c1-489836c7a997'
Tue Apr 28 14:12:38 2009,884 [18076] INFO SugarCRM - Query Execution Time:0.012163
Tue Apr 28 14:12:38 2009,884 [18076] INFO SugarCRM - Query:SELECT id FROM users WHERE reports_to_id = '623db42a-7435-43d5-90b6-48bcda53a317'
Tue Apr 28 14:12:38 2009,896 [18076] INFO SugarCRM - Query Execution Time:0.012233
Tue Apr 28 14:12:38 2009,896 [18076] INFO SugarCRM - Query:SELECT id FROM users WHERE reports_to_id = '41623a03-6cf8-9c80-0407-48f5782c928c'
Tue Apr 28 14:12:38 2009,909 [18076] INFO SugarCRM - Query Execution Time:0.012172
Tue Apr 28 14:12:38 2009,909 [18076] INFO SugarCRM - Query:SELECT id FROM users WHERE reports_to_id = '7166d781-8600-b23f-544d-48f579053699'
Tue Apr 28 14:12:38 2009,921 [18076] INFO SugarCRM - Query Execution Time:0.012126
Tue Apr 28 14:12:38 2009,921 [18076] INFO SugarCRM - Query:SELECT id FROM users WHERE reports_to_id = '2b8c3956-98e7-8b09-dbb9-495074810a44'
Tue Apr 28 14:12:38 2009,934 [18076] INFO SugarCRM - Query Execution Time:0.01214
Tue Apr 28 14:12:38 2009,934 [18076] INFO SugarCRM - Query:SELECT id FROM users WHERE reports_to_id = '3ce4f035-8f88-3d8c-a033-49b0d52a2c6f'
Tue Apr 28 14:12:38 2009,946 [18076] INFO SugarCRM - Query Execution Time:0.012127
Tue Apr 28 14:12:38 2009,946 [18076] INFO SugarCRM - Query:SELECT id FROM users WHERE reports_to_id = '99dcdf16-9ed4-35e0-b864-49dc4f508078'
Tue Apr 28 14:12:38 2009,959 [18076] INFO SugarCRM - Query Execution Time:0.012122
Tue Apr 28 14:12:38 2009,959 [18076] INFO SugarCRM - Query:SELECT id FROM users WHERE reports_to_id = '523b125c-e57a-5a3f-c9ee-46ade5d24cc8'
Tue Apr 28 14:12:38 2009,971 [18076] INFO SugarCRM - Query Execution Time:0.012159
Tue Apr 28 14:12:38 2009,971 [18076] INFO SugarCRM - Query:SELECT id FROM users WHERE reports_to_id = '9b2d7282-e947-8433-f6f8-46ade6ee51a8'
Tue Apr 28 14:12:38 2009,984 [18076] INFO SugarCRM - Query Execution Time:0.012175
Tue Apr 28 14:12:38 2009,984 [18076] INFO SugarCRM - Query:SELECT id FROM users WHERE reports_to_id = '3e672f17-ced6-c710-dbc6-46ade6268cac'
Tue Apr 28 14:12:38 2009,996 [18076] INFO SugarCRM - Query Execution Time:0.012349
Tue Apr 28 14:12:38 2009,997 [18076] INFO SugarCRM - Query:SELECT id FROM users WHERE reports_to_id = '1ca64ee4-59ee-bb4f-2701-46ade67621c9'
Tue Apr 28 14:12:39 2009,009 [18076] INFO SugarCRM - Query Execution Time:0.012162
Tue Apr 28 14:12:39 2009,009 [18076] INFO SugarCRM - Query:SELECT id FROM users WHERE reports_to_id = '7afb379b-6c6e-166b-c670-46aed2411bd5'
Tue Apr 28 14:12:39 2009,021 [18076] INFO SugarCRM - Query Execution Time:0.012176
Tue Apr 28 14:12:39 2009,022 [18076] INFO SugarCRM - Query:SELECT id FROM users WHERE reports_to_id = '89c81fa4-6b09-ce4f-a387-46ade73c04db'
Tue Apr 28 14:12:39 2009,034 [18076] INFO SugarCRM - Query Execution Time:0.012133
Tue Apr 28 14:12:39 2009,034 [18076] INFO SugarCRM - Query:SELECT id FROM users WHERE reports_to_id = '96b2078e-e27a-3e36-823c-46aed2973c30'
Tue Apr 28 14:12:39 2009,046 [18076] INFO SugarCRM - Query Execution Time:0.012134
Tue Apr 28 14:12:39 2009,047 [18076] INFO SugarCRM - Query:SELECT id FROM users WHERE reports_to_id = '2819f43d-dd56-ba6e-965c-46fa4c0b091d'
Tue Apr 28 14:12:39 2009,059 [18076] INFO SugarCRM - Query Execution Time:0.012134
Tue Apr 28 14:12:39 2009,059 [18076] INFO SugarCRM - Query:SELECT id FROM users WHERE reports_to_id = '9e45138e-679a-3dab-f3ec-46fa4f895d3a'
Tue Apr 28 14:12:39 2009,071 [18076] INFO SugarCRM - Query Execution Time:0.012132
Tue Apr 28 14:12:39 2009,072 [18076] INFO SugarCRM - Query:SELECT id FROM users WHERE reports_to_id = '44cbcd45-1c11-cfb7-f413-481f046eddee'
Tue Apr 28 14:12:39 2009,084 [18076] INFO SugarCRM - Query Execution Time:0.012482
Tue Apr 28 14:12:39 2009,084 [18076] INFO SugarCRM - Query:SELECT id FROM users WHERE reports_to_id = '88ce862e-a4df-83ab-f1bc-4828365d57bd'
Tue Apr 28 14:12:39 2009,097 [18076] INFO SugarCRM - Query Execution Time:0.012244
Tue Apr 28 14:12:39 2009,097 [18076] INFO SugarCRM - Query:SELECT id FROM users WHERE reports_to_id = 'a84f02e4-c2eb-43d5-44a4-46fa4d75d185'
Tue Apr 28 14:12:39 2009,109 [18076] INFO SugarCRM - Query Execution Time:0.01234
Tue Apr 28 14:12:39 2009,110 [18076] INFO SugarCRM - Query:SELECT id FROM users WHERE reports_to_id = 'aa42f6a4-2df8-5043-947c-482a92e7ac4a'
Tue Apr 28 14:12:39 2009,122 [18076] INFO SugarCRM - Query Execution Time:0.012077
Tue Apr 28 14:12:39 2009,122 [18076] INFO SugarCRM - Query:SELECT id FROM users WHERE reports_to_id = '6e5f6d03-1c0d-51b4-6f33-46ade73f454c'
Tue Apr 28 14:12:39 2009,134 [18076] INFO SugarCRM - Query Execution Time:0.012174
Tue Apr 28 14:12:39 2009,135 [18076] INFO SugarCRM - Query:SELECT id FROM users WHERE reports_to_id = '816d4394-0e5a-8a01-45d5-46ade7347b07'
Tue Apr 28 14:12:39 2009,147 [18076] INFO SugarCRM - Query Execution Time:0.012168
Tue Apr 28 14:12:39 2009,147 [18076] INFO SugarCRM - Query:SELECT id FROM users WHERE reports_to_id = '47e6e58d-0465-bede-8828-46ade7174e55'
Tue Apr 28 14:12:39 2009,160 [18076] INFO SugarCRM - Query Execution Time:0.012801
Tue Apr 28 14:12:39 2009,160 [18076] INFO SugarCRM - Query:SELECT id FROM users WHERE reports_to_id = '83641dca-8ba6-deb2-fe81-46aed141fa77'
Tue Apr 28 14:12:39 2009,173 [18076] INFO SugarCRM - Query Execution Time:0.012982
Tue Apr 28 14:12:39 2009,174 [18076] INFO SugarCRM - Query:SELECT id FROM users WHERE reports_to_id = '809cce1a-7f5c-2217-6408-48bf71c1d77a'
Tue Apr 28 14:12:39 2009,180 [18076] INFO SugarCRM - Query Execution Time:0.005753
Tue Apr 28 14:12:39 2009,180 [18076] INFO SugarCRM - Query:SELECT id FROM users WHERE reports_to_id = 'e3e5e7ba-b0b2-0a54-91a1-46aed2a68596'
Tue Apr 28 14:12:39 2009,187 [18076] INFO SugarCRM - Query Execution Time:0.00579
Tue Apr 28 14:12:39 2009,187 [18076] INFO SugarCRM - Query:SELECT id FROM users WHERE reports_to_id = '62f11b96-39f3-4340-8e19-46aed2fafc01'
Tue Apr 28 14:12:39 2009,193 [18076] INFO SugarCRM - Query Execution Time:0.005747
Tue Apr 28 14:12:39 2009,194 [18076] INFO SugarCRM - Query:SELECT id FROM users WHERE reports_to_id = '98277644-48ac-0e56-1777-46aed286a711'
Tue Apr 28 14:12:39 2009,200 [18076] INFO SugarCRM - Query Execution Time:0.005717
Tue Apr 28 14:12:39 2009,200 [18076] INFO SugarCRM - Query:SELECT id FROM users WHERE reports_to_id = '940ca5dd-469f-ce68-2337-46aed6c35288'
Tue Apr 28 14:12:39 2009,206 [18076] INFO SugarCRM - Query Execution Time:0.005718
Tue Apr 28 14:12:39 2009,207 [18076] INFO SugarCRM - Query:SELECT id FROM users WHERE reports_to_id = '815ff0ec-3f0b-746c-6f49-46aed7b3e3f5'
Tue Apr 28 14:12:39 2009,213 [18076] INFO SugarCRM - Query Execution Time:0.005718
Tue Apr 28 14:12:39 2009,213 [18076] INFO SugarCRM - Query:SELECT id FROM users WHERE reports_to_id = '760c9e40-5f83-db66-0ed3-46aed7638dd3'
Tue Apr 28 14:12:39 2009,219 [18076] INFO SugarCRM - Query Execution Time:0.005723
Tue Apr 28 14:12:39 2009,219 [18076] INFO SugarCRM - Query:SELECT id FROM users WHERE reports_to_id = 'a6d709be-ecb2-46ed-b7de-47033fe9d09a'
Tue Apr 28 14:12:39 2009,226 [18076] INFO SugarCRM - Query Execution Time:0.005823
Tue Apr 28 14:12:39 2009,226 [18076] INFO SugarCRM - Query:SELECT id FROM users WHERE reports_to_id = 'a2e602d5-5715-398a-94b4-47500ab6811b'
Tue Apr 28 14:12:39 2009,232 [18076] INFO SugarCRM - Query Execution Time:0.005776
Tue Apr 28 14:12:39 2009,233 [18076] INFO SugarCRM - Query:SELECT id FROM users WHERE reports_to_id = '9e2d267e-79bd-196a-9a99-480705233015'
Tue Apr 28 14:12:39 2009,239 [18076] INFO SugarCRM - Query Execution Time:0.005778
Tue Apr 28 14:12:39 2009,239 [18076] INFO SugarCRM - Query:SELECT id FROM users WHERE reports_to_id = '3d86dc97-9e25-ef7b-21de-46aed38f0f09'
Tue Apr 28 14:12:39 2009,245 [18076] INFO SugarCRM - Query Execution Time:0.005815
Tue Apr 28 14:12:39 2009,246 [18076] INFO SugarCRM - Query:SELECT id FROM users WHERE reports_to_id = '9236b89d-e13f-bc24-2bf5-46ade56e2f5a'
Tue Apr 28 14:12:39 2009,252 [18076] INFO SugarCRM - Query Execution Time:0.005759
Tue Apr 28 14:12:39 2009,252 [18076] INFO SugarCRM - Query:SELECT id FROM users WHERE reports_to_id = 'a90cb8ac-2152-00bb-7b34-46ade6445a8d'
Tue Apr 28 14:12:39 2009,258 [18076] INFO SugarCRM - Query Execution Time:0.005766
Tue Apr 28 14:12:39 2009,259 [18076] INFO SugarCRM - Query:SELECT id FROM users WHERE reports_to_id = 'bdc33039-a683-3848-0cc2-46aed3e87e4a'
Tue Apr 28 14:12:39 2009,265 [18076] INFO SugarCRM - Query Execution Time:0.006098
Tue Apr 28 14:12:39 2009,266 [18076] INFO SugarCRM - Query:SELECT id FROM users WHERE reports_to_id = 'add7cf6f-991f-2688-4922-47c3f6e49c03'
Tue Apr 28 14:12:39 2009,272 [18076] INFO SugarCRM - Query Execution Time:0.005767
Tue Apr 28 14:12:39 2009,272 [18076] INFO SugarCRM - Query:SELECT id FROM users WHERE reports_to_id = 'e8dc0a5d-41af-5c48-b718-482456d06879'
Tue Apr 28 14:12:39 2009,278 [18076] INFO SugarCRM - Query Execution Time:0.005768
Tue Apr 28 14:12:39 2009,279 [18076] INFO SugarCRM - Query:SELECT id FROM users WHERE reports_to_id = '8a7ff732-7954-e6f6-ba24-48a2ca9a04cb'
Tue Apr 28 14:12:39 2009,285 [18076] INFO SugarCRM - Query Execution Time:0.005763
Tue Apr 28 14:12:39 2009,285 [18076] INFO SugarCRM - Query:SELECT id FROM users WHERE reports_to_id = '67895d8e-c0c6-5b97-f738-46aed32d055d'
Tue Apr 28 14:12:39 2009,291 [18076] INFO SugarCRM - Query Execution Time:0.005807
Tue Apr 28 14:12:39 2009,292 [18076] INFO SugarCRM - Query:SELECT id FROM users WHERE reports_to_id = '5bd01e9b-7104-3c66-8bba-47c3f4016d28'
Tue Apr 28 14:12:39 2009,298 [18076] INFO SugarCRM - Query Execution Time:0.005805
Tue Apr 28 14:12:39 2009,298 [18076] INFO SugarCRM - Query:SELECT id FROM users WHERE reports_to_id = 'e21e2085-ca07-749b-eee6-48a2cb44bcb1'
Tue Apr 28 14:12:39 2009,304 [18076] INFO SugarCRM - Query Execution Time:0.005759
Tue Apr 28 14:12:39 2009,305 [18076] INFO SugarCRM - Query:SELECT id FROM users WHERE reports_to_id = '946eb92b-d6d0-bc9a-dacd-4912ea3e46f8'
Tue Apr 28 14:12:39 2009,311 [18076] INFO SugarCRM - Query Execution Time:0.005769
Tue Apr 28 14:12:39 2009,311 [18076] INFO SugarCRM - Query:SELECT id FROM users WHERE reports_to_id = 'e3a69e99-eb45-48bb-1e7a-4912ebaf66e0'
Tue Apr 28 14:12:39 2009,318 [18076] INFO SugarCRM - Query Execution Time:0.005771
Tue Apr 28 14:12:39 2009,318 [18076] INFO SugarCRM - Query:SELECT id FROM users WHERE reports_to_id = '70170632-96b6-03d1-c01f-491c2a357baa'
Tue Apr 28 14:12:39 2009,324 [18076] INFO SugarCRM - Query Execution Time:0.005761
Tue Apr 28 14:12:39 2009,324 [18076] INFO SugarCRM - Query:SELECT id FROM users WHERE reports_to_id = 'c5df11e5-a9b3-7639-108c-4938c03019d1'
Tue Apr 28 14:12:39 2009,331 [18076] INFO SugarCRM - Query Execution Time:0.00576
Tue Apr 28 14:12:39 2009,331 [18076] INFO SugarCRM - Query:SELECT id FROM users WHERE reports_to_id = 'c85703cb-7e8d-e3d7-4e8f-49645caff869'
Tue Apr 28 14:12:39 2009,337 [18076] INFO SugarCRM - Query Execution Time:0.005758
Tue Apr 28 14:12:39 2009,337 [18076] INFO SugarCRM - Query:SELECT id FROM users WHERE reports_to_id = '33a768c2-2ea7-392b-ff41-46aed422a77a'
Tue Apr 28 14:12:39 2009,344 [18076] INFO SugarCRM - Query Execution Time:0.005793
Tue Apr 28 14:12:39 2009,344 [18076] INFO SugarCRM - Query:SELECT id FROM users WHERE reports_to_id = '138bee1e-d6c3-fce5-c2a6-469dcbc39465'
Tue Apr 28 14:12:39 2009,350 [18076] INFO SugarCRM - Query Execution Time:0.005781
Tue Apr 28 14:12:39 2009,351 [18076] INFO SugarCRM - Query:SELECT id FROM users WHERE reports_to_id = '6ec65fd5-e4da-dd05-c6e1-46ade5b25948'
Tue Apr 28 14:12:39 2009,357 [18076] INFO SugarCRM - Query Execution Time:0.005748
Tue Apr 28 14:12:39 2009,357 [18076] INFO SugarCRM - Query:SELECT id FROM users WHERE reports_to_id = '23f12cc3-1de4-9ac4-cfe2-46ade675ebde'
Tue Apr 28 14:12:39 2009,363 [18076] INFO SugarCRM - Query Execution Time:0.005754
Tue Apr 28 14:12:39 2009,364 [18076] INFO SugarCRM - Query:SELECT id FROM users WHERE reports_to_id = 'c5b8bbdf-e809-a77a-2c4e-46fa5037751f'
Tue Apr 28 14:12:39 2009,370 [18076] INFO SugarCRM - Query Execution Time:0.005763
Tue Apr 28 14:12:39 2009,370 [18076] INFO SugarCRM - Query:SELECT id FROM users WHERE reports_to_id = 'c8588a22-7428-eacf-af54-482984e17862'
Tue Apr 28 14:12:39 2009,376 [18076] INFO SugarCRM - Query Execution Time:0.005757
Tue Apr 28 14:12:39 2009,377 [18076] INFO SugarCRM - Query:SELECT id FROM users WHERE reports_to_id = '7e8b539a-1c1a-c847-2ae4-482a90c2f5f0'
Tue Apr 28 14:12:39 2009,383 [18076] INFO SugarCRM - Query Execution Time:0.005764
Tue Apr 28 14:12:39 2009,383 [18076] INFO SugarCRM - Query:SELECT id FROM users WHERE reports_to_id = '2cf6414c-a090-bcd4-0dae-482a91d5f8a2'
Tue Apr 28 14:12:39 2009,389 [18076] INFO SugarCRM - Query Execution Time:0.005756
Tue Apr 28 14:12:39 2009,390 [18076] INFO SugarCRM - Query:SELECT id FROM users WHERE reports_to_id = '2298c836-73a1-82d1-4cfc-496ec7bab3cd'
Tue Apr 28 14:12:39 2009,396 [18076] INFO SugarCRM - Query Execution Time:0.005784
Tue Apr 28 14:12:39 2009,396 [18076] INFO SugarCRM - Query:SELECT id FROM users WHERE reports_to_id = '5e28ef32-a998-30f2-1357-46ade4759eea'
Tue Apr 28 14:12:39 2009,402 [18076] INFO SugarCRM - Query Execution Time:0.005787
Tue Apr 28 14:12:39 2009,403 [18076] INFO SugarCRM - Query:SELECT id FROM users WHERE reports_to_id = '2f805932-1f16-16eb-db0c-46ade8d7c852'
Tue Apr 28 14:12:39 2009,409 [18076] INFO SugarCRM - Query Execution Time:0.005757
Tue Apr 28 14:12:39 2009,409 [18076] INFO SugarCRM - Query:SELECT id FROM users WHERE reports_to_id = 'a42f5502-3a74-31c0-56ad-48809d42a4c3'
Tue Apr 28 14:12:39 2009,415 [18076] INFO SugarCRM - Query Execution Time:0.005764
Tue Apr 28 14:12:39 2009,416 [18076] INFO SugarCRM - Query:SELECT id FROM users WHERE reports_to_id = 'cf3ee46a-c763-77a9-7f4c-48809eb53566'
Tue Apr 28 14:12:39 2009,422 [18076] INFO SugarCRM - Query Execution Time:0.005759
Tue Apr 28 14:12:39 2009,422 [18076] INFO SugarCRM - Query:SELECT id FROM users WHERE reports_to_id = '980c7908-47d3-c87c-bb28-46ade5c9b3a7'
Tue Apr 28 14:12:39 2009,428 [18076] INFO SugarCRM - Query Execution Time:0.005756
Tue Apr 28 14:12:39 2009,429 [18076] INFO SugarCRM - Query:SELECT id FROM users WHERE reports_to_id = '4e74c114-22de-a64d-45b2-46aed48d4fb1'
Tue Apr 28 14:12:39 2009,435 [18076] INFO SugarCRM - Query Execution Time:0.005765
Tue Apr 28 14:12:39 2009,435 [18076] INFO SugarCRM - Query:SELECT id FROM users WHERE reports_to_id = 'e6aa40ee-eccf-565e-0127-46aed47c8e05'
Tue Apr 28 14:12:39 2009,441 [18076] INFO SugarCRM - Query Execution Time:0.005748
Tue Apr 28 14:12:39 2009,442 [18076] INFO SugarCRM - Query:SELECT id FROM users WHERE reports_to_id = '5bba445d-8c05-f543-cfa5-46aed4773157'
Tue Apr 28 14:12:39 2009,448 [18076] INFO SugarCRM - Query Execution Time:0.005756
Tue Apr 28 14:12:39 2009,448 [18076] INFO SugarCRM - Query:SELECT id FROM users WHERE reports_to_id = 'cec3c75e-2f3e-8111-fc33-4964937110c1'
Tue Apr 28 14:12:39 2009,454 [18076] INFO SugarCRM - Query Execution Time:0.005769
Tue Apr 28 14:12:39 2009,455 [18076] INFO SugarCRM - Query:SELECT id FROM users WHERE reports_to_id = 'a57e551a-c168-1942-2ec2-46aed58d35b1'
Tue Apr 28 14:12:39 2009,461 [18076] INFO SugarCRM - Query Execution Time:0.005762
Tue Apr 28 14:12:39 2009,461 [18076] INFO SugarCRM - Query:SELECT id FROM users WHERE reports_to_id = 'c89ee836-f163-724e-195c-46aed507e421'
Tue Apr 28 14:12:39 2009,467 [18076] INFO SugarCRM - Query Execution Time:0.005763
Tue Apr 28 14:12:39 2009,468 [18076] INFO SugarCRM - Query:SELECT id FROM users WHERE reports_to_id = '8a881cf0-ad2a-b843-1f07-46aed573347c'
Tue Apr 28 14:12:39 2009,474 [18076] INFO SugarCRM - Query Execution Time:0.005756
Tue Apr 28 14:12:39 2009,474 [18076] INFO SugarCRM - Query:SELECT id FROM users WHERE reports_to_id = '50a06a70-67e0-1357-9440-4896e1210cd1'
Tue Apr 28 14:12:39 2009,480 [18076] INFO SugarCRM - Query Execution Time:0.005762
Tue Apr 28 14:12:39 2009,481 [18076] INFO SugarCRM - Query:SELECT id FROM users WHERE reports_to_id = '77619d1e-dce5-f5a9-7b56-4913c3b2e2da'
Tue Apr 28 14:12:39 2009,487 [18076] INFO SugarCRM - Query Execution Time:0.005759
Tue Apr 28 14:12:39 2009,487 [18076] INFO SugarCRM - Query:SELECT id FROM users WHERE reports_to_id = 'bc97b1a9-9cf3-c47b-610d-46aed7023b30'
Tue Apr 28 14:12:39 2009,494 [18076] INFO SugarCRM - Query Execution Time:0.005784
Tue Apr 28 14:12:39 2009,494 [18076] INFO SugarCRM - Query:SELECT id FROM users WHERE reports_to_id = '5b9a5d5b-f36b-61e9-18fc-46aed7dffee8'
Tue Apr 28 14:12:39 2009,500 [18076] INFO SugarCRM - Query Execution Time:0.005794
Tue Apr 28 14:12:39 2009,500 [18076] INFO SugarCRM - Query:SELECT id FROM users WHERE reports_to_id = '60d2c59c-efbb-0ebb-f48b-46aed82b69a6'
Tue Apr 28 14:12:39 2009,507 [18076] INFO SugarCRM - Query Execution Time:0.005795
Tue Apr 28 14:12:39 2009,507 [18076] INFO SugarCRM - Query:SELECT id FROM users WHERE reports_to_id = '327b01ba-ad26-444f-2975-46aed8946675'
Tue Apr 28 14:12:39 2009,513 [18076] INFO SugarCRM - Query Execution Time:0.005764
Tue Apr 28 14:12:39 2009,514 [18076] INFO SugarCRM - Query:SELECT id FROM users WHERE reports_to_id = '6b53f562-e554-4ef2-bf70-476f60e04606'
Tue Apr 28 14:12:39 2009,520 [18076] INFO SugarCRM - Query Execution Time:0.005749
Tue Apr 28 14:12:39 2009,520 [18076] INFO SugarCRM - Query:SELECT id FROM users WHERE reports_to_id = '79cf7305-7b78-fed9-891e-4819565ab76c'
Tue Apr 28 14:12:39 2009,526 [18076] INFO SugarCRM - Query Execution Time:0.005769
Tue Apr 28 14:12:39 2009,527 [18076] INFO SugarCRM - Query:SELECT id FROM users WHERE reports_to_id = '69a11935-8f51-2e35-1929-46aed8915273'
Tue Apr 28 14:12:39 2009,537 [18076] INFO SugarCRM - Query Execution Time:0.009275
Tue Apr 28 14:12:39 2009,537 [18076] INFO SugarCRM - Query:SELECT id FROM users WHERE reports_to_id = 'd3d508a7-e279-52b5-e822-46aed89021a6'
Tue Apr 28 14:12:39 2009,543 [18076] INFO SugarCRM - Query Execution Time:0.0058049999999999
Tue Apr 28 14:12:39 2009,544 [18076] INFO SugarCRM - Query:SELECT id FROM users WHERE reports_to_id = '63955fb9-215c-dab0-1346-46aed9ef8e76'
Tue Apr 28 14:12:39 2009,550 [18076] INFO SugarCRM - Query Execution Time:0.005758
Tue Apr 28 14:12:39 2009,551 [18076] INFO SugarCRM - Query:SELECT id FROM users WHERE reports_to_id = 'b02a0186-ac38-bd7f-1195-46aed97fd953'
Tue Apr 28 14:12:39 2009,557 [18076] INFO SugarCRM - Query Execution Time:0.0058149999999999
Tue Apr 28 14:12:39 2009,557 [18076] INFO SugarCRM - Query:SELECT id FROM users WHERE reports_to_id = '969992dc-bbde-5ae5-4d4e-46aed9794a6e'
Tue Apr 28 14:12:39 2009,563 [18076] INFO SugarCRM - Query Execution Time:0.0057820000000001
Tue Apr 28 14:12:39 2009,564 [18076] INFO SugarCRM - Query:SELECT id FROM users WHERE reports_to_id = '16153405-5021-e12a-c2c2-46aed9a24953'
Tue Apr 28 14:12:39 2009,570 [18076] INFO SugarCRM - Query Execution Time:0.005744
Tue Apr 28 14:12:39 2009,570 [18076] INFO SugarCRM - Query:SELECT id FROM users WHERE reports_to_id = '9b838f23-6005-fa4a-ef00-47c3f5d2ac44'
Tue Apr 28 14:12:39 2009,577 [18076] INFO SugarCRM - Query Execution Time:0.006046
Tue Apr 28 14:12:39 2009,577 [18076] INFO SugarCRM - Query:SELECT id FROM users WHERE reports_to_id = '86f1d54f-d66c-5797-cbfe-491ede323ec6'
Tue Apr 28 14:12:39 2009,583 [18076] INFO SugarCRM - Query Execution Time:0.005862
Tue Apr 28 14:12:39 2009,584 [18076] INFO SugarCRM - Query:SELECT id FROM users WHERE reports_to_id = 'ccfac9da-70db-cd84-5627-491ee07cbc79'
Tue Apr 28 14:12:39 2009,590 [18076] INFO SugarCRM - Query Execution Time:0.005789
Tue Apr 28 14:12:39 2009,590 [18076] DEBUG SugarCRM - Team Membership query: SELECT teams.id as team_id
			                FROM team_membership as tm inner join teams 
			                ON (tm.team_id=teams.id AND
			                      tm.user_id IN ('6852a3ba-84b8-8047-bbff-46ade4d1107f','54c91d05-0633-c9a0-16a6-46ade7203996','ea47cec9-ae55-9bdf-c756-46aed1f23b9a','d237ee6c-6935-8cc2-e705-46aed37b3596','6c8739c5-8c3a-507e-1406-46aed38cf377','2fca1e5a-bf4c-375e-0bfe-46aed71d119e','d3ee10b4-d688-d1f1-7c04-48f81ad11ca4','ed0f1261-9e14-40ea-4e78-46aed42c21ae','69288c10-92c0-de4c-f82e-46ade45f908a','589de9bd-8106-b0c8-2f94-46ade45c2215','584b0b54-89a9-cc57-3b4c-46aed56e4c07','551d2740-cab1-3d2b-70da-46fa4be9da91','3943158b-b214-bd02-08c1-489836c7a997','623db42a-7435-43d5-90b6-48bcda53a317','41623a03-6cf8-9c80-0407-48f5782c928c','7166d781-8600-b23f-544d-48f579053699','2b8c3956-98e7-8b09-dbb9-495074810a44','3ce4f035-8f88-3d8c-a033-49b0d52a2c6f','99dcdf16-9ed4-35e0-b864-49dc4f508078','523b125c-e57a-5a3f-c9ee-46ade5d24cc8','9b2d7282-e947-8433-f6f8-46ade6ee51a8','3e672f17-ced6-c710-dbc6-46ade6268cac','1ca64ee4-59ee-bb4f-2701-46ade67621c9','7afb379b-6c6e-166b-c670-46aed2411bd5','89c81fa4-6b09-ce4f-a387-46ade73c04db','96b2078e-e27a-3e36-823c-46aed2973c30','2819f43d-dd56-ba6e-965c-46fa4c0b091d','9e45138e-679a-3dab-f3ec-46fa4f895d3a','44cbcd45-1c11-cfb7-f413-481f046eddee','88ce862e-a4df-83ab-f1bc-4828365d57bd','a84f02e4-c2eb-43d5-44a4-46fa4d75d185','aa42f6a4-2df8-5043-947c-482a92e7ac4a','6e5f6d03-1c0d-51b4-6f33-46ade73f454c','816d4394-0e5a-8a01-45d5-46ade7347b07','47e6e58d-0465-bede-8828-46ade7174e55','83641dca-8ba6-deb2-fe81-46aed141fa77','809cce1a-7f5c-2217-6408-48bf71c1d77a','e3e5e7ba-b0b2-0a54-91a1-46aed2a68596','62f11b96-39f3-4340-8e19-46aed2fafc01','98277644-48ac-0e56-1777-46aed286a711','940ca5dd-469f-ce68-2337-46aed6c35288','815ff0ec-3f0b-746c-6f49-46aed7b3e3f5','760c9e40-5f83-db66-0ed3-46aed7638dd3','a6d709be-ecb2-46ed-b7de-47033fe9d09a','a2e602d5-5715-398a-94b4-47500ab6811b','9e2d267e-79bd-196a-9a99-480705233015','3d86dc97-9e25-ef7b-21de-46aed38f0f09','9236b89d-e13f-bc24-2bf5-46ade56e2f5a','a90cb8ac-2152-00bb-7b34-46ade6445a8d','bdc33039-a683-3848-0cc2-46aed3e87e4a','add7cf6f-991f-2688-4922-47c3f6e49c03','e8dc0a5d-41af-5c48-b718-482456d06879','8a7ff732-7954-e6f6-ba24-48a2ca9a04cb','67895d8e-c0c6-5b97-f738-46aed32d055d','5bd01e9b-7104-3c66-8bba-47c3f4016d28','e21e2085-ca07-749b-eee6-48a2cb44bcb1','946eb92b-d6d0-bc9a-dacd-4912ea3e46f8','e3a69e99-eb45-48bb-1e7a-4912ebaf66e0','70170632-96b6-03d1-c01f-491c2a357baa','c5df11e5-a9b3-7639-108c-4938c03019d1','c85703cb-7e8d-e3d7-4e8f-49645caff869','33a768c2-2ea7-392b-ff41-46aed422a77a','138bee1e-d6c3-fce5-c2a6-469dcbc39465','6ec65fd5-e4da-dd05-c6e1-46ade5b25948','23f12cc3-1de4-9ac4-cfe2-46ade675ebde','c5b8bbdf-e809-a77a-2c4e-46fa5037751f','c8588a22-7428-eacf-af54-482984e17862','7e8b539a-1c1a-c847-2ae4-482a90c2f5f0','2cf6414c-a090-bcd4-0dae-482a91d5f8a2','2298c836-73a1-82d1-4cfc-496ec7bab3cd','5e28ef32-a998-30f2-1357-46ade4759eea','2f805932-1f16-16eb-db0c-46ade8d7c852','a42f5502-3a74-31c0-56ad-48809d42a4c3','cf3ee46a-c763-77a9-7f4c-48809eb53566','980c7908-47d3-c87c-bb28-46ade5c9b3a7','4e74c114-22de-a64d-45b2-46aed48d4fb1','e6aa40ee-eccf-565e-0127-46aed47c8e05','5bba445d-8c05-f543-cfa5-46aed4773157','cec3c75e-2f3e-8111-fc33-4964937110c1','a57e551a-c168-1942-2ec2-46aed58d35b1','c89ee836-f163-724e-195c-46aed507e421','8a881cf0-ad2a-b843-1f07-46aed573347c','50a06a70-67e0-1357-9440-4896e1210cd1','77619d1e-dce5-f5a9-7b56-4913c3b2e2da','bc97b1a9-9cf3-c47b-610d-46aed7023b30','5b9a5d5b-f36b-61e9-18fc-46aed7dffee8','60d2c59c-efbb-0ebb-f48b-46aed82b69a6','327b01ba-ad26-444f-2975-46aed8946675','6b53f562-e554-4ef2-bf70-476f60e04606','79cf7305-7b78-fed9-891e-4819565ab76c','69a11935-8f51-2e35-1929-46aed8915273','d3d508a7-e279-52b5-e822-46aed89021a6','63955fb9-215c-dab0-1346-46aed9ef8e76','b02a0186-ac38-bd7f-1195-46aed97fd953','969992dc-bbde-5ae5-4d4e-46aed9794a6e','16153405-5021-e12a-c2c2-46aed9a24953','9b838f23-6005-fa4a-ef00-47c3f5d2ac44','86f1d54f-d66c-5797-cbfe-491ede323ec6','ccfac9da-70db-cd84-5627-491ee07cbc79') AND
			                      teams.deleted=0 AND tm.deleted=0 AND teams.private=0)
Tue Apr 28 14:12:39 2009,591 [18076] INFO SugarCRM - Query:SELECT teams.id as team_id
			                FROM team_membership as tm inner join teams 
			                ON (tm.team_id=teams.id AND
			                      tm.user_id IN ('6852a3ba-84b8-8047-bbff-46ade4d1107f','54c91d05-0633-c9a0-16a6-46ade7203996','ea47cec9-ae55-9bdf-c756-46aed1f23b9a','d237ee6c-6935-8cc2-e705-46aed37b3596','6c8739c5-8c3a-507e-1406-46aed38cf377','2fca1e5a-bf4c-375e-0bfe-46aed71d119e','d3ee10b4-d688-d1f1-7c04-48f81ad11ca4','ed0f1261-9e14-40ea-4e78-46aed42c21ae','69288c10-92c0-de4c-f82e-46ade45f908a','589de9bd-8106-b0c8-2f94-46ade45c2215','584b0b54-89a9-cc57-3b4c-46aed56e4c07','551d2740-cab1-3d2b-70da-46fa4be9da91','3943158b-b214-bd02-08c1-489836c7a997','623db42a-7435-43d5-90b6-48bcda53a317','41623a03-6cf8-9c80-0407-48f5782c928c','7166d781-8600-b23f-544d-48f579053699','2b8c3956-98e7-8b09-dbb9-495074810a44','3ce4f035-8f88-3d8c-a033-49b0d52a2c6f','99dcdf16-9ed4-35e0-b864-49dc4f508078','523b125c-e57a-5a3f-c9ee-46ade5d24cc8','9b2d7282-e947-8433-f6f8-46ade6ee51a8','3e672f17-ced6-c710-dbc6-46ade6268cac','1ca64ee4-59ee-bb4f-2701-46ade67621c9','7afb379b-6c6e-166b-c670-46aed2411bd5','89c81fa4-6b09-ce4f-a387-46ade73c04db','96b2078e-e27a-3e36-823c-46aed2973c30','2819f43d-dd56-ba6e-965c-46fa4c0b091d','9e45138e-679a-3dab-f3ec-46fa4f895d3a','44cbcd45-1c11-cfb7-f413-481f046eddee','88ce862e-a4df-83ab-f1bc-4828365d57bd','a84f02e4-c2eb-43d5-44a4-46fa4d75d185','aa42f6a4-2df8-5043-947c-482a92e7ac4a','6e5f6d03-1c0d-51b4-6f33-46ade73f454c','816d4394-0e5a-8a01-45d5-46ade7347b07','47e6e58d-0465-bede-8828-46ade7174e55','83641dca-8ba6-deb2-fe81-46aed141fa77','809cce1a-7f5c-2217-6408-48bf71c1d77a','e3e5e7ba-b0b2-0a54-91a1-46aed2a68596','62f11b96-39f3-4340-8e19-46aed2fafc01','98277644-48ac-0e56-1777-46aed286a711','940ca5dd-469f-ce68-2337-46aed6c35288','815ff0ec-3f0b-746c-6f49-46aed7b3e3f5','760c9e40-5f83-db66-0ed3-46aed7638dd3','a6d709be-ecb2-46ed-b7de-47033fe9d09a','a2e602d5-5715-398a-94b4-47500ab6811b','9e2d267e-79bd-196a-9a99-480705233015','3d86dc97-9e25-ef7b-21de-46aed38f0f09','9236b89d-e13f-bc24-2bf5-46ade56e2f5a','a90cb8ac-2152-00bb-7b34-46ade6445a8d','bdc33039-a683-3848-0cc2-46aed3e87e4a','add7cf6f-991f-2688-4922-47c3f6e49c03','e8dc0a5d-41af-5c48-b718-482456d06879','8a7ff732-7954-e6f6-ba24-48a2ca9a04cb','67895d8e-c0c6-5b97-f738-46aed32d055d','5bd01e9b-7104-3c66-8bba-47c3f4016d28','e21e2085-ca07-749b-eee6-48a2cb44bcb1','946eb92b-d6d0-bc9a-dacd-4912ea3e46f8','e3a69e99-eb45-48bb-1e7a-4912ebaf66e0','70170632-96b6-03d1-c01f-491c2a357baa','c5df11e5-a9b3-7639-108c-4938c03019d1','c85703cb-7e8d-e3d7-4e8f-49645caff869','33a768c2-2ea7-392b-ff41-46aed422a77a','138bee1e-d6c3-fce5-c2a6-469dcbc39465','6ec65fd5-e4da-dd05-c6e1-46ade5b25948','23f12cc3-1de4-9ac4-cfe2-46ade675ebde','c5b8bbdf-e809-a77a-2c4e-46fa5037751f','c8588a22-7428-eacf-af54-482984e17862','7e8b539a-1c1a-c847-2ae4-482a90c2f5f0','2cf6414c-a090-bcd4-0dae-482a91d5f8a2','2298c836-73a1-82d1-4cfc-496ec7bab3cd','5e28ef32-a998-30f2-1357-46ade4759eea','2f805932-1f16-16eb-db0c-46ade8d7c852','a42f5502-3a74-31c0-56ad-48809d42a4c3','cf3ee46a-c763-77a9-7f4c-48809eb53566','980c7908-47d3-c87c-bb28-46ade5c9b3a7','4e74c114-22de-a64d-45b2-46aed48d4fb1','e6aa40ee-eccf-565e-0127-46aed47c8e05','5bba445d-8c05-f543-cfa5-46aed4773157','cec3c75e-2f3e-8111-fc33-4964937110c1','a57e551a-c168-1942-2ec2-46aed58d35b1','c89ee836-f163-724e-195c-46aed507e421','8a881cf0-ad2a-b843-1f07-46aed573347c','50a06a70-67e0-1357-9440-4896e1210cd1','77619d1e-dce5-f5a9-7b56-4913c3b2e2da','bc97b1a9-9cf3-c47b-610d-46aed7023b30','5b9a5d5b-f36b-61e9-18fc-46aed7dffee8','60d2c59c-efbb-0ebb-f48b-46aed82b69a6','327b01ba-ad26-444f-2975-46aed8946675','6b53f562-e554-4ef2-bf70-476f60e04606','79cf7305-7b78-fed9-891e-4819565ab76c','69a11935-8f51-2e35-1929-46aed8915273','d3d508a7-e279-52b5-e822-46aed89021a6','63955fb9-215c-dab0-1346-46aed9ef8e76','b02a0186-ac38-bd7f-1195-46aed97fd953','969992dc-bbde-5ae5-4d4e-46aed9794a6e','16153405-5021-e12a-c2c2-46aed9a24953','9b838f23-6005-fa4a-ef00-47c3f5d2ac44','86f1d54f-d66c-5797-cbfe-491ede323ec6','ccfac9da-70db-cd84-5627-491ee07cbc79') AND
			                      teams.deleted=0 AND tm.deleted=0 AND teams.private=0)
Tue Apr 28 14:12:39 2009,592 [18076] INFO SugarCRM - Query Execution Time:0.00065899999999997
Tue Apr 28 14:12:39 2009,592 [18076] DEBUG SugarCRM - Team Membership query: SELECT teams.id as team_id
			                FROM team_membership AS tm inner join teams
			                ON (tm.team_id=teams.id AND
			                      tm.user_id = '5f3f3269-7a7d-6cde-fd28-46ade30c9354' AND
			                      teams.deleted=0 AND tm.deleted=0)
Tue Apr 28 14:12:39 2009,593 [18076] INFO SugarCRM - Query:SELECT teams.id as team_id
			                FROM team_membership AS tm inner join teams
			                ON (tm.team_id=teams.id AND
			                      tm.user_id = '5f3f3269-7a7d-6cde-fd28-46ade30c9354' AND
			                      teams.deleted=0 AND tm.deleted=0)
Tue Apr 28 14:12:39 2009,593 [18076] INFO SugarCRM - Query Execution Time:0.00013600000000002
Tue Apr 28 14:12:39 2009,593 [18076] INFO SugarCRM - Query:SELECT name FROM teams WHERE id=''
Tue Apr 28 14:12:39 2009,594 [18076] INFO SugarCRM - Query Execution Time:9.9999999999989E-05
Tue Apr 28 14:12:39 2009,595 [18076] DEBUG SugarCRM - Current user is: Amitava
Tue Apr 28 14:12:39 2009,595 [18076] DEBUG SugarCRM - Current user is: Amitava
Tue Apr 28 14:12:39 2009,595 [18076] DEBUG SugarCRM - array (
  'module' => 'Users',
  'record' => '5f3f3269-7a7d-6cde-fd28-46ade30c9354',
  'Users_CELL_offset' => '10',
  'Users_CELL_ORDER_BY' => '',
  'sort_order' => 'desc',
  'to_pdf' => 'true',
  'action' => 'SubPanelViewer',
  'subpanel' => 'user_mycoreteam',
  'ck_login_id_20' => '5f3f3269-7a7d-6cde-fd28-46ade30c9354',
  'ck_login_theme_20' => 'Sugar',
  'ck_login_language_20' => 'en_us',
  'Users_divs' => 'user_mycoreteam_v=#',
  'showLeftCol' => 'true',
  'PHPSESSID' => 'lf6dcggfmkpl20795jqb5qna57',
)
Tue Apr 28 14:12:39 2009,596 [18076] INFO SugarCRM - In module: Users -- About to take action SubPanelViewer
Tue Apr 28 14:12:39 2009,596 [18076] DEBUG SugarCRM - in module Users -- in SubPanelViewer
Tue Apr 28 14:12:39 2009,596 [18076] DEBUG SugarCRM - ----------------------------------------------------------------------------------------------------------------------------------------------
Tue Apr 28 14:12:39 2009,597 [18076] INFO SugarCRM - current page is include/SubPanel/SubPanelViewer.php
Tue Apr 28 14:12:39 2009,597 [18076] INFO SugarCRM - current module is Users
Tue Apr 28 14:12:39 2009,598 [18076] INFO SugarCRM - Query:SELECT count(*) as the_count FROM config WHERE category='info' AND name='sugar_version' AND value = '4.5.0'
Tue Apr 28 14:12:39 2009,598 [18076] INFO SugarCRM - Query Execution Time:0.00028399999999995
Tue Apr 28 14:12:39 2009,599 [18076] DEBUG SugarCRM - current_language is: en_us
Tue Apr 28 14:12:39 2009,612 [18076] INFO SugarCRM - Found extended language file: en_us.lang.ext.php
Tue Apr 28 14:12:39 2009,614 [18076] INFO SugarCRM - Found custom language file: en_us.lang.php
Tue Apr 28 14:12:39 2009,620 [18076] INFO SugarCRM - Found custom language file: en_us.lang.php
Tue Apr 28 14:12:39 2009,621 [18076] INFO SugarCRM - Found extended language file: en_us.lang.ext.php
Tue Apr 28 14:12:39 2009,625 [18076] INFO SugarCRM - Found extended language file: en_us.lang.ext.php
Tue Apr 28 14:12:39 2009,626 [18076] DEBUG SugarCRM - setting cookie ck_login_id_20 to 5f3f3269-7a7d-6cde-fd28-46ade30c9354
Tue Apr 28 14:12:39 2009,626 [18076] DEBUG SugarCRM - setting cookie ck_login_theme_20 to Sugar
Tue Apr 28 14:12:39 2009,626 [18076] DEBUG SugarCRM - setting cookie ck_login_language_20 to en_us
Tue Apr 28 14:12:39 2009,627 [18076] DEBUG SugarCRM - Current theme is: Sugar
Tue Apr 28 14:12:39 2009,627 [18076] DEBUG SugarCRM - skipping headers
Tue Apr 28 14:12:39 2009,627 [18076] INFO SugarCRM - Query:SELECT category, name, value FROM config
Tue Apr 28 14:12:39 2009,628 [18076] INFO SugarCRM - Query Execution Time:0.00020500000000001
Tue Apr 28 14:12:39 2009,630 [18076] DEBUG SugarCRM - --------->  BEGING INCLUDING REQUESTED PAGE: [include/SubPanel/SubPanelViewer.php]  <------------
Tue Apr 28 14:12:39 2009,647 [18076] DEBUG SugarCRM - Retrieve User : SELECT users.* , users_cstm.* FROM users   LEFT JOIN users_cstm ON users.id = users_cstm.id_c  WHERE users.id = '5f3f3269-7a7d-6cde-fd28-46ade30c9354' 
Tue Apr 28 14:12:39 2009,647 [18076] DEBUG SugarCRM - Limit Query:SELECT users.* , users_cstm.* FROM users   LEFT JOIN users_cstm ON users.id = users_cstm.id_c  WHERE users.id = '5f3f3269-7a7d-6cde-fd28-46ade30c9354'  Start: 0 count: 1
Tue Apr 28 14:12:39 2009,647 [18076] INFO SugarCRM - Query:SELECT users.* , users_cstm.* FROM users   LEFT JOIN users_cstm ON users.id = users_cstm.id_c  WHERE users.id = '5f3f3269-7a7d-6cde-fd28-46ade30c9354'  LIMIT 0,1
Tue Apr 28 14:12:39 2009,648 [18076] INFO SugarCRM - Query Execution Time:0.00033099999999997
Tue Apr 28 14:12:39 2009,650 [18076] DEBUG SugarCRM - In fill_relationships :Usersdefault_team_id_c,default_team_id_c,Default_Team_c,,Users,enum,36,optional,,2007-01-11 12:35:41,0,1,0,0,teams_array,,,
Tue Apr 28 14:12:39 2009,650 [18076] DEBUG SugarCRM - In fill_relationships :Usersio_msg_c,io_msg_c,In_Out_Message_c,,Users,text,254,optional,,2007-01-12 12:32:13,0,0,0,0,,,,
Tue Apr 28 14:12:39 2009,650 [18076] DEBUG SugarCRM - In fill_relationships :Usersio_status_c,io_status_c,In_Out_Status_c,,Users,text,25,optional,Out,2007-01-12 12:32:12,0,0,0,0,,,,
Tue Apr 28 14:12:39 2009,650 [18076] DEBUG SugarCRM - In fill_relationships :Usersshow_all_teams_c,show_all_teams_c,Show_All_Teams_c,,Users,bool,,optional,0,2007-01-11 12:35:41,0,0,0,0,,,,
Tue Apr 28 14:12:39 2009,650 [18076] DEBUG SugarCRM - Additional custom fields :
Tue Apr 28 14:12:39 2009,651 [18076] INFO SugarCRM - Query:SELECT u1.first_name, u1.last_name from users  u1, users  u2 where u1.id = u2.reports_to_id AND u2.id = '5f3f3269-7a7d-6cde-fd28-46ade30c9354' and u1.deleted=0
Tue Apr 28 14:12:39 2009,651 [18076] INFO SugarCRM - Query Execution Time:0.00018600000000002
Tue Apr 28 14:12:39 2009,651 [18076] INFO SugarCRM - Query:SELECT name from suboffice_mast where id = '9b9a0336-9a5d-e9f9-828c-465adde4e7da' AND deleted=0
Tue Apr 28 14:12:39 2009,651 [18076] INFO SugarCRM - Query Execution Time:0.00012000000000001
Tue Apr 28 14:12:39 2009,652 [18076] INFO SugarCRM - Query:SELECT name from usertype_mast where id = '9182080c-9e95-d0d5-9ec8-465581f07c44' AND deleted=0
Tue Apr 28 14:12:39 2009,652 [18076] INFO SugarCRM - Query Execution Time:0.00011499999999998
Tue Apr 28 14:12:39 2009,652 [18076] DEBUG SugarCRM - Including module specific hook file for Users
Tue Apr 28 14:12:39 2009,652 [18076] DEBUG SugarCRM - Creating new instance of hook class TeamFormBase without parameters
Tue Apr 28 14:12:39 2009,653 [18076] INFO SugarCRM - Query:SELECT id FROM users WHERE reports_to_id = '5f3f3269-7a7d-6cde-fd28-46ade30c9354'
Tue Apr 28 14:12:39 2009,655 [18416] INFO SugarCRM - Connect:Resource id #158
Tue Apr 28 14:12:39 2009,655 [18416] INFO SugarCRM - Query:SELECT id, name, symbol, conversion_rate FROM currencies WHERE status = 'Active' and deleted = 0
Tue Apr 28 14:12:39 2009,656 [18416] INFO SugarCRM - Query Execution Time:0.00017599999999995
Tue Apr 28 14:12:39 2009,659 [18076] INFO SugarCRM - Query Execution Time:0.005868
Tue Apr 28 14:12:39 2009,659 [18076] INFO SugarCRM - Query:SELECT id FROM users WHERE reports_to_id = '6852a3ba-84b8-8047-bbff-46ade4d1107f'
Tue Apr 28 14:12:39 2009,659 [18416] INFO SugarCRM - Query:SELECT category, name, value FROM config
Tue Apr 28 14:12:39 2009,659 [18416] INFO SugarCRM - Query Execution Time:0.00029200000000007
Tue Apr 28 14:12:39 2009,664 [18416] DEBUG SugarCRM - ****Starting Application for  session 4e0j7f5bicofdgq74ur7nocp20
Tue Apr 28 14:12:39 2009,664 [18416] DEBUG SugarCRM - We have an authenticated user id: 941b05d3-f856-f468-c791-4819568c29c6
Tue Apr 28 14:12:39 2009,664 [18416] DEBUG SugarCRM - We have an authenticated user id: 941b05d3-f856-f468-c791-4819568c29c6
Tue Apr 28 14:12:39 2009,664 [18416] DEBUG SugarCRM - Retrieve User : SELECT users.* , users_cstm.* FROM users   LEFT JOIN users_cstm ON users.id = users_cstm.id_c  WHERE users.id = '941b05d3-f856-f468-c791-4819568c29c6' 
Tue Apr 28 14:12:39 2009,665 [18416] DEBUG SugarCRM - Limit Query:SELECT users.* , users_cstm.* FROM users   LEFT JOIN users_cstm ON users.id = users_cstm.id_c  WHERE users.id = '941b05d3-f856-f468-c791-4819568c29c6'  Start: 0 count: 1
Tue Apr 28 14:12:39 2009,665 [18416] INFO SugarCRM - Query:SELECT users.* , users_cstm.* FROM users   LEFT JOIN users_cstm ON users.id = users_cstm.id_c  WHERE users.id = '941b05d3-f856-f468-c791-4819568c29c6'  LIMIT 0,1
Tue Apr 28 14:12:39 2009,665 [18076] INFO SugarCRM - Query Execution Time:0.005754
Tue Apr 28 14:12:39 2009,665 [18076] INFO SugarCRM - Query:SELECT id FROM users WHERE reports_to_id = '54c91d05-0633-c9a0-16a6-46ade7203996'
Tue Apr 28 14:12:39 2009,665 [18416] INFO SugarCRM - Query Execution Time:0.00047999999999992
Tue Apr 28 14:12:39 2009,668 [18416] DEBUG SugarCRM - In fill_relationships :Usersdefault_team_id_c,default_team_id_c,Default_Team_c,,Users,enum,36,optional,,2007-01-11 12:35:41,0,1,0,0,teams_array,,,
Tue Apr 28 14:12:39 2009,668 [18416] DEBUG SugarCRM - In fill_relationships :Usersio_msg_c,io_msg_c,In_Out_Message_c,,Users,text,254,optional,,2007-01-12 12:32:13,0,0,0,0,,,,
Tue Apr 28 14:12:39 2009,668 [18416] DEBUG SugarCRM - In fill_relationships :Usersio_status_c,io_status_c,In_Out_Status_c,,Users,text,25,optional,Out,2007-01-12 12:32:12,0,0,0,0,,,,
Tue Apr 28 14:12:39 2009,668 [18416] DEBUG SugarCRM - In fill_relationships :Usersshow_all_teams_c,show_all_teams_c,Show_All_Teams_c,,Users,bool,,optional,0,2007-01-11 12:35:41,0,0,0,0,,,,
Tue Apr 28 14:12:39 2009,668 [18416] DEBUG SugarCRM - Additional custom fields :
Tue Apr 28 14:12:39 2009,668 [18416] INFO SugarCRM - Query:SELECT u1.first_name, u1.last_name from users  u1, users  u2 where u1.id = u2.reports_to_id AND u2.id = '941b05d3-f856-f468-c791-4819568c29c6' and u1.deleted=0
Tue Apr 28 14:12:39 2009,669 [18416] INFO SugarCRM - Query Execution Time:0.0002930000000001
Tue Apr 28 14:12:39 2009,669 [18416] INFO SugarCRM - Query:SELECT name from suboffice_mast where id = 'a78ff931-938e-48bf-dd9b-480f2ec30174' AND deleted=0
Tue Apr 28 14:12:39 2009,669 [18416] INFO SugarCRM - Query Execution Time:0.00014000000000003
Tue Apr 28 14:12:39 2009,670 [18416] INFO SugarCRM - Query:SELECT name from verticals_mast where id = '899c2dde-e9dd-8f85-a0b6-475926ea795a' AND deleted=0
Tue Apr 28 14:12:39 2009,670 [18416] INFO SugarCRM - Query Execution Time:0.00013600000000002
Tue Apr 28 14:12:39 2009,670 [18416] DEBUG SugarCRM - Including module specific hook file for Users
Tue Apr 28 14:12:39 2009,671 [18076] INFO SugarCRM - Query Execution Time:0.005642
Tue Apr 28 14:12:39 2009,671 [18076] INFO SugarCRM - Query:SELECT id FROM users WHERE reports_to_id = 'ea47cec9-ae55-9bdf-c756-46aed1f23b9a'
Tue Apr 28 14:12:39 2009,673 [18416] DEBUG SugarCRM - Creating new instance of hook class TeamFormBase without parameters
Tue Apr 28 14:12:39 2009,677 [18416] INFO SugarCRM - Query:SELECT id FROM users WHERE reports_to_id = '941b05d3-f856-f468-c791-4819568c29c6'
Tue Apr 28 14:12:39 2009,677 [18076] INFO SugarCRM - Query Execution Time:0.005645
Tue Apr 28 14:12:39 2009,677 [18076] INFO SugarCRM - Query:SELECT id FROM users WHERE reports_to_id = 'd237ee6c-6935-8cc2-e705-46aed37b3596'
Tue Apr 28 14:12:39 2009,683 [18076] INFO SugarCRM - Query Execution Time:0.006139
Tue Apr 28 14:12:39 2009,684 [18076] INFO SugarCRM - Query:SELECT id FROM users WHERE reports_to_id = '6c8739c5-8c3a-507e-1406-46aed38cf377'
Tue Apr 28 14:12:39 2009,684 [18416] INFO SugarCRM - Query Execution Time:0.007091
Tue Apr 28 14:12:39 2009,684 [18416] DEBUG SugarCRM - Team Membership query: SELECT teams.id as team_id
			                FROM team_membership AS tm inner join teams
			                ON (tm.team_id=teams.id AND
			                      tm.user_id = '941b05d3-f856-f468-c791-4819568c29c6' AND
			                      teams.deleted=0 AND tm.deleted=0)
Tue Apr 28 14:12:39 2009,684 [18416] INFO SugarCRM - Query:SELECT teams.id as team_id
			                FROM team_membership AS tm inner join teams
			                ON (tm.team_id=teams.id AND
			                      tm.user_id = '941b05d3-f856-f468-c791-4819568c29c6' AND
			                      teams.deleted=0 AND tm.deleted=0)
Tue Apr 28 14:12:39 2009,685 [18416] INFO SugarCRM - Query Execution Time:0.00019500000000006
Tue Apr 28 14:12:39 2009,685 [18416] INFO SugarCRM - Query:SELECT name FROM teams WHERE id=''
Tue Apr 28 14:12:39 2009,685 [18416] INFO SugarCRM - Query Execution Time:6.7999999999957E-05
Tue Apr 28 14:12:39 2009,686 [18416] DEBUG SugarCRM - Current user is: amisha
Tue Apr 28 14:12:39 2009,686 [18416] DEBUG SugarCRM - Current user is: amisha
Tue Apr 28 14:12:39 2009,686 [18416] DEBUG SugarCRM - array (
  'module' => 'Meetings',
  'record' => '',
  'action' => 'Save',
  'send_invites' => '',
  'user_invitees' => '941b05d3-f856-f468-c791-4819568c29c6,',
  'contact_invitees' => '',
  'isDuplicate' => 'false',
  'isSaveAndNew' => 'false',
  'contact_id' => '7eb17bb1-9a87-2ab6-a2ff-48d9c6b6857a',
  'return_module' => 'Meetings',
  'return_id' => '',
  'return_action' => 'index',
  'source_info' => '',
  'source_info_id' => '',
  'button' => '  Save  ',
  'name' => 'Pitched For MIRRORS',
  'status' => 'Held',
  'location' => '',
  'duration_hours' => '1',
  'duration_minutes' => '0',
  'date_start' => '2009-04-02',
  'time_hour_start' => '13',
  'time_minute_start' => '45',
  'should_remind' => '0',
  'reminder_time' => '60',
  'brand_id' => '',
  'brand_name' => '',
  'parent_type' => 'Accounts',
  'parent_id' => '352174b3-69a8-ed1e-7854-48e5b798ae06',
  'parent_name' => 'Vidyamandir Classes',
  'assigned_user_name' => 'amisha',
  'assigned_user_id' => '941b05d3-f856-f468-c791-4819568c29c6',
  'description' => 'Pitched for all MIRRORS & proposed innovations like jacket, sponsorships etc. Discussed about the client&#039;s requirements in Mumbai, Pune, Bgl & Pune. Also discussed about Prabhat khabar.',
  'outcome' => 'Will get Back',
  'ck_login_id_20' => '941b05d3-f856-f468-c791-4819568c29c6',
  'ck_login_theme_20' => 'Sugar',
  'ck_login_language_20' => 'en_us',
  'showLeftCol' => 'true',
  'PHPSESSID' => '4e0j7f5bicofdgq74ur7nocp20',
)
Tue Apr 28 14:12:39 2009,686 [18416] INFO SugarCRM - In module: Meetings -- About to take action Save
Tue Apr 28 14:12:39 2009,686 [18416] DEBUG SugarCRM - in module Meetings -- in Save
Tue Apr 28 14:12:39 2009,686 [18416] DEBUG SugarCRM - ----------------------------------------------------------------------------------------------------------------------------------------------
Tue Apr 28 14:12:39 2009,687 [18416] INFO SugarCRM - current page is modules/Meetings/Save.php
Tue Apr 28 14:12:39 2009,687 [18416] INFO SugarCRM - current module is Meetings
Tue Apr 28 14:12:39 2009,687 [18416] INFO SugarCRM - Query:SELECT count(*) as the_count FROM config WHERE category='info' AND name='sugar_version' AND value = '4.5.0'
Tue Apr 28 14:12:39 2009,687 [18416] INFO SugarCRM - Query Execution Time:0.00017599999999995
Tue Apr 28 14:12:39 2009,687 [18416] DEBUG SugarCRM - current_language is: en_us
Tue Apr 28 14:12:39 2009,690 [18076] INFO SugarCRM - Query Execution Time:0.005694
Tue Apr 28 14:12:39 2009,690 [18076] INFO SugarCRM - Query:SELECT id FROM users WHERE reports_to_id = '2fca1e5a-bf4c-375e-0bfe-46aed71d119e'
Tue Apr 28 14:12:39 2009,694 [18416] INFO SugarCRM - Found extended language file: en_us.lang.ext.php
Tue Apr 28 14:12:39 2009,694 [18416] INFO SugarCRM - Found custom language file: en_us.lang.php
Tue Apr 28 14:12:39 2009,696 [18076] INFO SugarCRM - Query Execution Time:0.005663
Tue Apr 28 14:12:39 2009,696 [18076] INFO SugarCRM - Query:SELECT id FROM users WHERE reports_to_id = 'd3ee10b4-d688-d1f1-7c04-48f81ad11ca4'
Tue Apr 28 14:12:39 2009,701 [18416] INFO SugarCRM - Found custom language file: en_us.lang.php
Tue Apr 28 14:12:39 2009,702 [18076] INFO SugarCRM - Query Execution Time:0.0056430000000001
Tue Apr 28 14:12:39 2009,702 [18076] INFO SugarCRM - Query:SELECT id FROM users WHERE reports_to_id = 'ed0f1261-9e14-40ea-4e78-46aed42c21ae'
Tue Apr 28 14:12:39 2009,702 [18416] INFO SugarCRM - Found extended language file: en_us.lang.ext.php
Tue Apr 28 14:12:39 2009,704 [18416] DEBUG SugarCRM - setting cookie ck_login_id_20 to 941b05d3-f856-f468-c791-4819568c29c6
Tue Apr 28 14:12:39 2009,704 [18416] DEBUG SugarCRM - setting cookie ck_login_theme_20 to Sugar
Tue Apr 28 14:12:39 2009,704 [18416] DEBUG SugarCRM - setting cookie ck_login_language_20 to en_us
Tue Apr 28 14:12:39 2009,704 [18416] DEBUG SugarCRM - Current theme is: Sugar
Tue Apr 28 14:12:39 2009,706 [18416] INFO SugarCRM - Query:
				SELECT meetings.id, name,reminder_time, description,location, date_start, time_start,
					CONCAT( date_start, CONCAT(' ', time_start ) ) AS dateTime
				FROM meetings LEFT JOIN meetings_users ON meetings.id = meetings_users.meeting_id
				WHERE meetings_users.user_id ='941b05d3-f856-f468-c791-4819568c29c6'
					AND meetings.reminder_time != -1
					AND meetings_users.deleted != 1
				HAVING dateTime >= '2009-04-28 08:42:39' AND dateTime <= '2009-04-28 09:42:39'
Tue Apr 28 14:12:39 2009,709 [18076] INFO SugarCRM - Query Execution Time:0.0069750000000001
Tue Apr 28 14:12:39 2009,709 [18076] INFO SugarCRM - Query:SELECT id FROM users WHERE reports_to_id = '69288c10-92c0-de4c-f82e-46ade45f908a'
Tue Apr 28 14:12:39 2009,715 [18076] INFO SugarCRM - Query Execution Time:0.005876
Tue Apr 28 14:12:39 2009,716 [18076] INFO SugarCRM - Query:SELECT id FROM users WHERE reports_to_id = '589de9bd-8106-b0c8-2f94-46ade45c2215'
Tue Apr 28 14:12:39 2009,722 [18076] INFO SugarCRM - Query Execution Time:0.0057
Tue Apr 28 14:12:39 2009,722 [18076] INFO SugarCRM - Query:SELECT id FROM users WHERE reports_to_id = '584b0b54-89a9-cc57-3b4c-46aed56e4c07'
Tue Apr 28 14:12:39 2009,728 [18076] INFO SugarCRM - Query Execution Time:0.006085
Tue Apr 28 14:12:39 2009,729 [18076] INFO SugarCRM - Query:SELECT id FROM users WHERE reports_to_id = '551d2740-cab1-3d2b-70da-46fa4be9da91'
Tue Apr 28 14:12:39 2009,735 [18076] INFO SugarCRM - Query Execution Time:0.00575
Tue Apr 28 14:12:39 2009,735 [18076] INFO SugarCRM - Query:SELECT id FROM users WHERE reports_to_id = '3943158b-b214-bd02-08c1-489836c7a997'
Tue Apr 28 14:12:39 2009,741 [18076] INFO SugarCRM - Query Execution Time:0.0057
Tue Apr 28 14:12:39 2009,741 [18076] INFO SugarCRM - Query:SELECT id FROM users WHERE reports_to_id = '623db42a-7435-43d5-90b6-48bcda53a317'
Tue Apr 28 14:12:39 2009,745 [18416] INFO SugarCRM - Query Execution Time:0.03888
Tue Apr 28 14:12:39 2009,745 [18416] INFO SugarCRM - Query:
				SELECT calls.id, name, reminder_time, description, date_start, time_start,
					CONCAT( date_start, CONCAT(' ', time_start) ) AS dateTime
				FROM calls LEFT JOIN calls_users ON calls.id = calls_users.call_id
				WHERE calls_users.user_id ='941b05d3-f856-f468-c791-4819568c29c6'
					AND calls.reminder_time != -1
					AND calls_users.deleted != 1
				HAVING dateTime >= '2009-04-28 08:42:39' AND dateTime <= '2009-04-28 09:42:39'
Tue Apr 28 14:12:39 2009,746 [18416] INFO SugarCRM - Query Execution Time:0.00036400000000003
Tue Apr 28 14:12:39 2009,746 [18416] DEBUG SugarCRM - skipping headers
Tue Apr 28 14:12:39 2009,746 [18416] INFO SugarCRM - Query:SELECT category, name, value FROM config
Tue Apr 28 14:12:39 2009,747 [18416] INFO SugarCRM - Query Execution Time:0.00017699999999998
Tue Apr 28 14:12:39 2009,747 [18076] INFO SugarCRM - Query Execution Time:0.005732
Tue Apr 28 14:12:39 2009,747 [18076] INFO SugarCRM - Query:SELECT id FROM users WHERE reports_to_id = '41623a03-6cf8-9c80-0407-48f5782c928c'
Tue Apr 28 14:12:39 2009,749 [18416] DEBUG SugarCRM - --------->  BEGING INCLUDING REQUESTED PAGE: [modules/Meetings/Save.php]  <------------
Tue Apr 28 14:12:39 2009,753 [18076] INFO SugarCRM - Query Execution Time:0.005972
Tue Apr 28 14:12:39 2009,754 [18076] INFO SugarCRM - Query:SELECT id FROM users WHERE reports_to_id = '7166d781-8600-b23f-544d-48f579053699'
Tue Apr 28 14:12:39 2009,759 [18076] INFO SugarCRM - Query Execution Time:0.005675
Tue Apr 28 14:12:39 2009,760 [18076] INFO SugarCRM - Query:SELECT id FROM users WHERE reports_to_id = '2b8c3956-98e7-8b09-dbb9-495074810a44'
Tue Apr 28 14:12:39 2009,765 [18076] INFO SugarCRM - Query Execution Time:0.0056590000000001
Tue Apr 28 14:12:39 2009,766 [18076] INFO SugarCRM - Query:SELECT id FROM users WHERE reports_to_id = '3ce4f035-8f88-3d8c-a033-49b0d52a2c6f'
Tue Apr 28 14:12:39 2009,771 [18076] INFO SugarCRM - Query Execution Time:0.005653
Tue Apr 28 14:12:39 2009,772 [18076] INFO SugarCRM - Query:SELECT id FROM users WHERE reports_to_id = '99dcdf16-9ed4-35e0-b864-49dc4f508078'
Tue Apr 28 14:12:39 2009,777 [18076] INFO SugarCRM - Query Execution Time:0.005656
Tue Apr 28 14:12:39 2009,778 [18076] INFO SugarCRM - Query:SELECT id FROM users WHERE reports_to_id = '523b125c-e57a-5a3f-c9ee-46ade5d24cc8'
Tue Apr 28 14:12:39 2009,784 [18076] INFO SugarCRM - Query Execution Time:0.005664
Tue Apr 28 14:12:39 2009,784 [18076] INFO SugarCRM - Query:SELECT id FROM users WHERE reports_to_id = '9b2d7282-e947-8433-f6f8-46ade6ee51a8'
Tue Apr 28 14:12:39 2009,784 [18416] DEBUG SugarCRM - In formbase.populateFromPost
Tue Apr 28 14:12:39 2009,790 [18076] INFO SugarCRM - Query Execution Time:0.005724
Tue Apr 28 14:12:39 2009,790 [18076] INFO SugarCRM - Query:SELECT id FROM users WHERE reports_to_id = '3e672f17-ced6-c710-dbc6-46ade6268cac'
Tue Apr 28 14:12:39 2009,796 [18076] INFO SugarCRM - Query Execution Time:0.0056780000000001
Tue Apr 28 14:12:39 2009,796 [18076] INFO SugarCRM - Query:SELECT id FROM users WHERE reports_to_id = '1ca64ee4-59ee-bb4f-2701-46ade67621c9'
Tue Apr 28 14:12:39 2009,801 [18416] INFO SugarCRM - Query:SELECT mu.user_id, mu.accept_status FROM meetings_users mu WHERE mu.meeting_id = '' AND mu.deleted = 0
Tue Apr 28 14:12:39 2009,802 [18076] INFO SugarCRM - Query Execution Time:0.0057
Tue Apr 28 14:12:39 2009,802 [18076] INFO SugarCRM - Query:SELECT id FROM users WHERE reports_to_id = '7afb379b-6c6e-166b-c670-46aed2411bd5'
Tue Apr 28 14:12:39 2009,802 [18416] INFO SugarCRM - Query Execution Time:0.00050300000000003
Tue Apr 28 14:12:39 2009,803 [18416] DEBUG SugarCRM - delete called with these parameter values. id=, related_id=
Tue Apr 28 14:12:39 2009,803 [18416] DEBUG SugarCRM - Link.Delete:Delete Query: UPDATE meetings_users SET deleted=1, date_modified='2009-04-28 08:42:39' WHERE meeting_id= ''
Tue Apr 28 14:12:39 2009,803 [18416] INFO SugarCRM - Query:UPDATE meetings_users SET deleted=1, date_modified='2009-04-28 08:42:39' WHERE meeting_id= ''
Tue Apr 28 14:12:39 2009,803 [18416] INFO SugarCRM - Query Execution Time:0.000139
Tue Apr 28 14:12:39 2009,806 [18416] DEBUG SugarCRM - Including module specific hook file for Meetings
Tue Apr 28 14:12:39 2009,806 [18416] DEBUG SugarCRM - Creating new instance of hook class TeamFormBase without parameters
Tue Apr 28 14:12:39 2009,808 [18416] DEBUG SugarCRM - vardef list is :id|LBL_NAME|id|1||Unique identifier
Tue Apr 28 14:12:39 2009,808 [18416] DEBUG SugarCRM - vardef list is :date_entered|LBL_DATE_ENTERED|datetime|1|Date record created
Tue Apr 28 14:12:39 2009,808 [18076] INFO SugarCRM - Query Execution Time:0.00595
Tue Apr 28 14:12:39 2009,808 [18416] DEBUG SugarCRM - vardef list is :date_modified|LBL_DATE_MODIFIED|datetime|1|Date record last modified
Tue Apr 28 14:12:39 2009,808 [18076] INFO SugarCRM - Query:SELECT id FROM users WHERE reports_to_id = '89c81fa4-6b09-ce4f-a387-46ade73c04db'
Tue Apr 28 14:12:39 2009,808 [18416] DEBUG SugarCRM - vardef list is :assigned_user_id|user_name|assigned_user_id|LBL_ASSIGNED_TO|assigned_user_name|users|false|id|User assigned to this record
Tue Apr 28 14:12:39 2009,808 [18416] DEBUG SugarCRM - vardef list is :modified_user_id|user_name|modified_user_id|LBL_MODIFIED_BY|assigned_user_name|users|false|id|User who last modified record
Tue Apr 28 14:12:39 2009,809 [18416] DEBUG SugarCRM - vardef list is :created_by|user_name|modified_user_id|LBL_CREATED_BY|assigned_user_name|users|false|id|User who created record
Tue Apr 28 14:12:39 2009,809 [18416] DEBUG SugarCRM - vardef list is :name|LBL_SUBJECT|name|varchar|50|Meeting name|1
Tue Apr 28 14:12:39 2009,809 [18416] DEBUG SugarCRM - vardef list is :duration_hours|LBL_DURATION_HOURS|int|2|Duration (hours)
Tue Apr 28 14:12:39 2009,809 [18416] DEBUG SugarCRM - vardef list is :duration_minutes|LBL_DURATION_MINUTES|int|2|Duration (minutes)
Tue Apr 28 14:12:39 2009,810 [18416] DEBUG SugarCRM - vardef list is :date_start|LBL_DATE|date|time_start|Date of start of meeting
Tue Apr 28 14:12:39 2009,810 [18416] DEBUG SugarCRM - vardef list is :time_start|LBL_TIME|time|date_start|Time of start of meeting
Tue Apr 28 14:12:39 2009,810 [18416] DEBUG SugarCRM - vardef list is :date_end|LBL_DATE_END|date||Date meeting ends
Tue Apr 28 14:12:39 2009,810 [18416] DEBUG SugarCRM - vardef list is :parent_type|LBL_LIST_RELATED_TO|varchar|25||Module meeting is associated with
Tue Apr 28 14:12:39 2009,810 [18416] DEBUG SugarCRM - vardef list is :status|LBL_STATUS|enum|25|call_status_dom|Meeting status (ex: Planned, Held, Not held)
Tue Apr 28 14:12:39 2009,811 [18416] DEBUG SugarCRM - vardef list is :parent_id|LBL_LIST_RELATED_TO|id||ID of item indicated by parent_type|1
Tue Apr 28 14:12:39 2009,811 [18416] DEBUG SugarCRM - vardef list is :description|LBL_DESCRIPTION|text|Full description of meeting
Tue Apr 28 14:12:39 2009,811 [18416] DEBUG SugarCRM - vardef list is :outcome|LBL_OUTCOME|text|A full outcome of call
Tue Apr 28 14:12:39 2009,811 [18416] DEBUG SugarCRM - vardef list is :deleted|LBL_DELETED|bool|1||Record deletion indicator
Tue Apr 28 14:12:39 2009,811 [18416] DEBUG SugarCRM - vardef list is :reminder_time|LBL_REMINDER_TIME|int|-1|Specifies when a reminder alert should be issued; -1 means no alert; otherwise the number of seconds prior to the start
Tue Apr 28 14:12:39 2009,812 [18416] INFO SugarCRM - Query:INSERT into meetings set id='c4a3a9a6-1d98-4a7f-8ec9-49f6c142da84', date_entered='2009-04-28 08:42:39', date_modified='2009-04-28 08:42:39', assigned_user_id='941b05d3-f856-f468-c791-4819568c29c6', modified_user_id='941b05d3-f856-f468-c791-4819568c29c6', created_by='941b05d3-f856-f468-c791-4819568c29c6', name='Pitched For MIRRORS', location=null, duration_hours='1', duration_minutes='0', date_start='2009-04-02', time_start='08:15:00', date_end='2009-04-02', parent_type='Accounts', status='Held', parent_id='352174b3-69a8-ed1e-7854-48e5b798ae06', brand_id=null, description='Pitched for all MIRRORS & proposed innovations like jacket, sponsorships etc. Discussed about the client\'s requirements in Mumbai, Pune, Bgl & Pune. Also discussed about Prabhat khabar.', outcome='Will get Back', deleted='0', reminder_time='-1'
Tue Apr 28 14:12:39 2009,812 [18416] INFO SugarCRM - Query Execution Time:0.00049699999999997
Tue Apr 28 14:12:39 2009,813 [18416] DEBUG SugarCRM - In get_link_table_definition for table meetings_users def name :indices
Tue Apr 28 14:12:39 2009,813 [18416] DEBUG SugarCRM - relationship_exists query(SELECT id FROM meetings_users WHERE  meeting_id='c4a3a9a6-1d98-4a7f-8ec9-49f6c142da84'AND user_id='941b05d3-f856-f468-c791-4819568c29c6'AND deleted=0)
Tue Apr 28 14:12:39 2009,813 [18416] INFO SugarCRM - Query:SELECT id FROM meetings_users WHERE  meeting_id='c4a3a9a6-1d98-4a7f-8ec9-49f6c142da84'AND user_id='941b05d3-f856-f468-c791-4819568c29c6'AND deleted=0
Tue Apr 28 14:12:39 2009,814 [18076] INFO SugarCRM - Query Execution Time:0.005789
Tue Apr 28 14:12:39 2009,814 [18076] INFO SugarCRM - Query:SELECT id FROM users WHERE reports_to_id = '96b2078e-e27a-3e36-823c-46aed2973c30'
Tue Apr 28 14:12:39 2009,820 [18076] INFO SugarCRM - Query Execution Time:0.005686
Tue Apr 28 14:12:39 2009,821 [18076] INFO SugarCRM - Query:SELECT id FROM users WHERE reports_to_id = '2819f43d-dd56-ba6e-965c-46fa4c0b091d'
Tue Apr 28 14:12:39 2009,826 [18076] INFO SugarCRM - Query Execution Time:0.005676
Tue Apr 28 14:12:39 2009,827 [18076] INFO SugarCRM - Query:SELECT id FROM users WHERE reports_to_id = '9e45138e-679a-3dab-f3ec-46fa4f895d3a'
Tue Apr 28 14:12:39 2009,832 [18076] INFO SugarCRM - Query Execution Time:0.005665
Tue Apr 28 14:12:39 2009,833 [18076] INFO SugarCRM - Query:SELECT id FROM users WHERE reports_to_id = '44cbcd45-1c11-cfb7-f413-481f046eddee'
Tue Apr 28 14:12:39 2009,838 [18076] INFO SugarCRM - Query Execution Time:0.005673
Tue Apr 28 14:12:39 2009,839 [18076] INFO SugarCRM - Query:SELECT id FROM users WHERE reports_to_id = '88ce862e-a4df-83ab-f1bc-4828365d57bd'
Tue Apr 28 14:12:39 2009,844 [18076] INFO SugarCRM - Query Execution Time:0.0056780000000001
Tue Apr 28 14:12:39 2009,845 [18076] INFO SugarCRM - Query:SELECT id FROM users WHERE reports_to_id = 'a84f02e4-c2eb-43d5-44a4-46fa4d75d185'
Tue Apr 28 14:12:39 2009,847 [18416] INFO SugarCRM - Query Execution Time:0.033499
Tue Apr 28 14:12:39 2009,847 [18416] DEBUG SugarCRM - Relationship Insert String :INSERT into meetings_users (meeting_id,user_id,deleted,date_modified,id) VALUES ('c4a3a9a6-1d98-4a7f-8ec9-49f6c142da84','941b05d3-f856-f468-c791-4819568c29c6','0','2009-04-28 08:42:39','ceda552c-9201-1a0f-1fea-49f6c1ef645a')
Tue Apr 28 14:12:39 2009,848 [18416] INFO SugarCRM - Query:INSERT into meetings_users (meeting_id,user_id,deleted,date_modified,id) VALUES ('c4a3a9a6-1d98-4a7f-8ec9-49f6c142da84','941b05d3-f856-f468-c791-4819568c29c6','0','2009-04-28 08:42:39','ceda552c-9201-1a0f-1fea-49f6c1ef645a')
Tue Apr 28 14:12:39 2009,850 [18076] INFO SugarCRM - Query Execution Time:0.0056659999999999
Tue Apr 28 14:12:39 2009,851 [18076] INFO SugarCRM - Query:SELECT id FROM users WHERE reports_to_id = 'aa42f6a4-2df8-5043-947c-482a92e7ac4a'
Tue Apr 28 14:12:39 2009,857 [18076] INFO SugarCRM - Query Execution Time:0.0056499999999999
Tue Apr 28 14:12:39 2009,857 [18076] INFO SugarCRM - Query:SELECT id FROM users WHERE reports_to_id = '6e5f6d03-1c0d-51b4-6f33-46ade73f454c'
Tue Apr 28 14:12:39 2009,859 [18416] INFO SugarCRM - Query Execution Time:0.011166
Tue Apr 28 14:12:39 2009,859 [18416] DEBUG SugarCRM - In get_link_table_definition for table meetings_contacts def name :indices
Tue Apr 28 14:12:39 2009,860 [18416] DEBUG SugarCRM - relationship_exists query(SELECT id FROM meetings_contacts WHERE  meeting_id='c4a3a9a6-1d98-4a7f-8ec9-49f6c142da84'AND contact_id='7eb17bb1-9a87-2ab6-a2ff-48d9c6b6857a'AND deleted=0)
Tue Apr 28 14:12:39 2009,860 [18416] INFO SugarCRM - Query:SELECT id FROM meetings_contacts WHERE  meeting_id='c4a3a9a6-1d98-4a7f-8ec9-49f6c142da84'AND contact_id='7eb17bb1-9a87-2ab6-a2ff-48d9c6b6857a'AND deleted=0
Tue Apr 28 14:12:39 2009,861 [18416] INFO SugarCRM - Query Execution Time:0.00061199999999995
Tue Apr 28 14:12:39 2009,861 [18416] DEBUG SugarCRM - Relationship Insert String :INSERT into meetings_contacts (meeting_id,contact_id,deleted,date_modified,id) VALUES ('c4a3a9a6-1d98-4a7f-8ec9-49f6c142da84','7eb17bb1-9a87-2ab6-a2ff-48d9c6b6857a','0','2009-04-28 08:42:39','d2237564-eb12-ebf2-48bd-49f6c1816117')
Tue Apr 28 14:12:39 2009,861 [18416] INFO SugarCRM - Query:INSERT into meetings_contacts (meeting_id,contact_id,deleted,date_modified,id) VALUES ('c4a3a9a6-1d98-4a7f-8ec9-49f6c142da84','7eb17bb1-9a87-2ab6-a2ff-48d9c6b6857a','0','2009-04-28 08:42:39','d2237564-eb12-ebf2-48bd-49f6c1816117')
Tue Apr 28 14:12:39 2009,861 [18416] INFO SugarCRM - Query Execution Time:0.00023200000000001
Tue Apr 28 14:12:39 2009,863 [18076] INFO SugarCRM - Query Execution Time:0.00568
Tue Apr 28 14:12:39 2009,863 [18076] INFO SugarCRM - Query:SELECT id FROM users WHERE reports_to_id = '816d4394-0e5a-8a01-45d5-46ade7347b07'
Tue Apr 28 14:12:39 2009,865 [18416] DEBUG SugarCRM - Retrieve vcal: SELECT vcals.* FROM vcals  WHERE user_id = '941b05d3-f856-f468-c791-4819568c29c6' AND type = 'vfb' AND source = 'sugar' AND deleted=0
Tue Apr 28 14:12:39 2009,866 [18416] DEBUG SugarCRM - Limit Query:SELECT vcals.* FROM vcals  WHERE user_id = '941b05d3-f856-f468-c791-4819568c29c6' AND type = 'vfb' AND source = 'sugar' AND deleted=0 Start: 0 count: 1
Tue Apr 28 14:12:39 2009,866 [18416] INFO SugarCRM - Query:SELECT vcals.* FROM vcals  WHERE user_id = '941b05d3-f856-f468-c791-4819568c29c6' AND type = 'vfb' AND source = 'sugar' AND deleted=0 LIMIT 0,1
Tue Apr 28 14:12:39 2009,866 [18416] INFO SugarCRM - Query Execution Time:0.000471
Tue Apr 28 14:12:39 2009,869 [18416] INFO SugarCRM - Query:SELECT meetings.* from meetings_users,meetings  WHERE (DATE_FORMAT(meetings.date_start,'%Y-%m-%d') >= '2009-03-01' AND DATE_FORMAT(meetings.date_start,'%Y-%m-%d') <= '2009-07-01') AND meetings_users.accept_status != 'decline' AND  meetings_users.meeting_id=meetings.id AND meetings_users.user_id='941b05d3-f856-f468-c791-4819568c29c6' AND meetings.deleted=0 AND meetings_users.deleted=0
Tue Apr 28 14:12:39 2009,869 [18076] INFO SugarCRM - Query Execution Time:0.005672
Tue Apr 28 14:12:39 2009,869 [18076] INFO SugarCRM - Query:SELECT id FROM users WHERE reports_to_id = '47e6e58d-0465-bede-8828-46ade7174e55'
Tue Apr 28 14:12:39 2009,875 [18076] INFO SugarCRM - Query Execution Time:0.005695
Tue Apr 28 14:12:39 2009,875 [18076] INFO SugarCRM - Query:SELECT id FROM users WHERE reports_to_id = '83641dca-8ba6-deb2-fe81-46aed141fa77'
Tue Apr 28 14:12:39 2009,881 [18076] INFO SugarCRM - Query Execution Time:0.00568
Tue Apr 28 14:12:39 2009,881 [18076] INFO SugarCRM - Query:SELECT id FROM users WHERE reports_to_id = '809cce1a-7f5c-2217-6408-48bf71c1d77a'
Tue Apr 28 14:12:39 2009,887 [18076] INFO SugarCRM - Query Execution Time:0.0056660000000001
Tue Apr 28 14:12:39 2009,888 [18076] INFO SugarCRM - Query:SELECT id FROM users WHERE reports_to_id = 'e3e5e7ba-b0b2-0a54-91a1-46aed2a68596'
Tue Apr 28 14:12:39 2009,893 [18076] INFO SugarCRM - Query Execution Time:0.005692
Tue Apr 28 14:12:39 2009,894 [18076] INFO SugarCRM - Query:SELECT id FROM users WHERE reports_to_id = '62f11b96-39f3-4340-8e19-46aed2fafc01'
Tue Apr 28 14:12:39 2009,900 [18076] INFO SugarCRM - Query Execution Time:0.005678
Tue Apr 28 14:12:39 2009,900 [18076] INFO SugarCRM - Query:SELECT id FROM users WHERE reports_to_id = '98277644-48ac-0e56-1777-46aed286a711'
Tue Apr 28 14:12:39 2009,906 [18076] INFO SugarCRM - Query Execution Time:0.005672
Tue Apr 28 14:12:39 2009,906 [18076] INFO SugarCRM - Query:SELECT id FROM users WHERE reports_to_id = '940ca5dd-469f-ce68-2337-46aed6c35288'
Tue Apr 28 14:12:39 2009,909 [18416] INFO SugarCRM - Query Execution Time:0.0406
Tue Apr 28 14:12:39 2009,912 [18076] INFO SugarCRM - Query Execution Time:0.005655
Tue Apr 28 14:12:39 2009,912 [18076] INFO SugarCRM - Query:SELECT id FROM users WHERE reports_to_id = '815ff0ec-3f0b-746c-6f49-46aed7b3e3f5'
Tue Apr 28 14:12:39 2009,918 [18076] INFO SugarCRM - Query Execution Time:0.005694
Tue Apr 28 14:12:39 2009,918 [18076] INFO SugarCRM - Query:SELECT id FROM users WHERE reports_to_id = '760c9e40-5f83-db66-0ed3-46aed7638dd3'
Tue Apr 28 14:12:39 2009,924 [18076] INFO SugarCRM - Query Execution Time:0.005661
Tue Apr 28 14:12:39 2009,924 [18076] INFO SugarCRM - Query:SELECT id FROM users WHERE reports_to_id = 'a6d709be-ecb2-46ed-b7de-47033fe9d09a'
Tue Apr 28 14:12:39 2009,930 [18076] INFO SugarCRM - Query Execution Time:0.005667
Tue Apr 28 14:12:39 2009,930 [18076] INFO SugarCRM - Query:SELECT id FROM users WHERE reports_to_id = 'a2e602d5-5715-398a-94b4-47500ab6811b'
Tue Apr 28 14:12:39 2009,936 [18076] INFO SugarCRM - Query Execution Time:0.005641
Tue Apr 28 14:12:39 2009,936 [18076] INFO SugarCRM - Query:SELECT id FROM users WHERE reports_to_id = '9e2d267e-79bd-196a-9a99-480705233015'
Tue Apr 28 14:12:39 2009,942 [18076] INFO SugarCRM - Query Execution Time:0.005645
Tue Apr 28 14:12:39 2009,942 [18076] INFO SugarCRM - Query:SELECT id FROM users WHERE reports_to_id = '3d86dc97-9e25-ef7b-21de-46aed38f0f09'
Tue Apr 28 14:12:39 2009,948 [18076] INFO SugarCRM - Query Execution Time:0.00568
Tue Apr 28 14:12:39 2009,948 [18076] INFO SugarCRM - Query:SELECT id FROM users WHERE reports_to_id = '9236b89d-e13f-bc24-2bf5-46ade56e2f5a'
Tue Apr 28 14:12:39 2009,954 [18076] INFO SugarCRM - Query Execution Time:0.0056510000000001
Tue Apr 28 14:12:39 2009,954 [18076] INFO SugarCRM - Query:SELECT id FROM users WHERE reports_to_id = 'a90cb8ac-2152-00bb-7b34-46ade6445a8d'
Tue Apr 28 14:12:39 2009,960 [18076] INFO SugarCRM - Query Execution Time:0.005643
Tue Apr 28 14:12:39 2009,960 [18076] INFO SugarCRM - Query:SELECT id FROM users WHERE reports_to_id = 'bdc33039-a683-3848-0cc2-46aed3e87e4a'
Tue Apr 28 14:12:39 2009,966 [18076] INFO SugarCRM - Query Execution Time:0.0056579999999999
Tue Apr 28 14:12:39 2009,966 [18076] INFO SugarCRM - Query:SELECT id FROM users WHERE reports_to_id = 'add7cf6f-991f-2688-4922-47c3f6e49c03'
Tue Apr 28 14:12:39 2009,972 [18076] INFO SugarCRM - Query Execution Time:0.005648
Tue Apr 28 14:12:39 2009,972 [18076] INFO SugarCRM - Query:SELECT id FROM users WHERE reports_to_id = 'e8dc0a5d-41af-5c48-b718-482456d06879'
Tue Apr 28 14:12:39 2009,978 [18076] INFO SugarCRM - Query Execution Time:0.005653
Tue Apr 28 14:12:39 2009,978 [18076] INFO SugarCRM - Query:SELECT id FROM users WHERE reports_to_id = '8a7ff732-7954-e6f6-ba24-48a2ca9a04cb'
Tue Apr 28 14:12:39 2009,984 [18076] INFO SugarCRM - Query Execution Time:0.005646
Tue Apr 28 14:12:39 2009,984 [18076] INFO SugarCRM - Query:SELECT id FROM users WHERE reports_to_id = '67895d8e-c0c6-5b97-f738-46aed32d055d'
Tue Apr 28 14:12:39 2009,990 [18076] INFO SugarCRM - Query Execution Time:0.0056470000000001
Tue Apr 28 14:12:39 2009,990 [18076] INFO SugarCRM - Query:SELECT id FROM users WHERE reports_to_id = '5bd01e9b-7104-3c66-8bba-47c3f4016d28'
Tue Apr 28 14:12:39 2009,996 [18076] INFO SugarCRM - Query Execution Time:0.005652
Tue Apr 28 14:12:39 2009,996 [18076] INFO SugarCRM - Query:SELECT id FROM users WHERE reports_to_id = 'e21e2085-ca07-749b-eee6-48a2cb44bcb1'
Tue Apr 28 14:12:40 2009,002 [18076] INFO SugarCRM - Query Execution Time:0.005636
Tue Apr 28 14:12:40 2009,002 [18076] INFO SugarCRM - Query:SELECT id FROM users WHERE reports_to_id = '946eb92b-d6d0-bc9a-dacd-4912ea3e46f8'
Tue Apr 28 14:12:40 2009,008 [18076] INFO SugarCRM - Query Execution Time:0.005677
Tue Apr 28 14:12:40 2009,008 [18076] INFO SugarCRM - Query:SELECT id FROM users WHERE reports_to_id = 'e3a69e99-eb45-48bb-1e7a-4912ebaf66e0'
Tue Apr 28 14:12:40 2009,014 [18076] INFO SugarCRM - Query Execution Time:0.005657
Tue Apr 28 14:12:40 2009,014 [18076] INFO SugarCRM - Query:SELECT id FROM users WHERE reports_to_id = '70170632-96b6-03d1-c01f-491c2a357baa'
Tue Apr 28 14:12:40 2009,020 [18076] INFO SugarCRM - Query Execution Time:0.005682
Tue Apr 28 14:12:40 2009,020 [18076] INFO SugarCRM - Query:SELECT id FROM users WHERE reports_to_id = 'c5df11e5-a9b3-7639-108c-4938c03019d1'
Tue Apr 28 14:12:40 2009,026 [18076] INFO SugarCRM - Query Execution Time:0.005661
Tue Apr 28 14:12:40 2009,026 [18076] INFO SugarCRM - Query:SELECT id FROM users WHERE reports_to_id = 'c85703cb-7e8d-e3d7-4e8f-49645caff869'
Tue Apr 28 14:12:40 2009,032 [18076] INFO SugarCRM - Query Execution Time:0.005656
Tue Apr 28 14:12:40 2009,032 [18076] INFO SugarCRM - Query:SELECT id FROM users WHERE reports_to_id = '33a768c2-2ea7-392b-ff41-46aed422a77a'
Tue Apr 28 14:12:40 2009,038 [18076] INFO SugarCRM - Query Execution Time:0.005682
Tue Apr 28 14:12:40 2009,038 [18076] INFO SugarCRM - Query:SELECT id FROM users WHERE reports_to_id = '138bee1e-d6c3-fce5-c2a6-469dcbc39465'
Tue Apr 28 14:12:40 2009,044 [18076] INFO SugarCRM - Query Execution Time:0.005686
Tue Apr 28 14:12:40 2009,045 [18076] INFO SugarCRM - Query:SELECT id FROM users WHERE reports_to_id = '6ec65fd5-e4da-dd05-c6e1-46ade5b25948'
Tue Apr 28 14:12:40 2009,050 [18076] INFO SugarCRM - Query Execution Time:0.005657
Tue Apr 28 14:12:40 2009,051 [18076] INFO SugarCRM - Query:SELECT id FROM users WHERE reports_to_id = '23f12cc3-1de4-9ac4-cfe2-46ade675ebde'
Tue Apr 28 14:12:40 2009,056 [18076] INFO SugarCRM - Query Execution Time:0.00566
Tue Apr 28 14:12:40 2009,057 [18076] INFO SugarCRM - Query:SELECT id FROM users WHERE reports_to_id = 'c5b8bbdf-e809-a77a-2c4e-46fa5037751f'
Tue Apr 28 14:12:40 2009,062 [18076] INFO SugarCRM - Query Execution Time:0.005652
Tue Apr 28 14:12:40 2009,063 [18076] INFO SugarCRM - Query:SELECT id FROM users WHERE reports_to_id = 'c8588a22-7428-eacf-af54-482984e17862'
Tue Apr 28 14:12:40 2009,068 [18076] INFO SugarCRM - Query Execution Time:0.00564
Tue Apr 28 14:12:40 2009,069 [18076] INFO SugarCRM - Query:SELECT id FROM users WHERE reports_to_id = '7e8b539a-1c1a-c847-2ae4-482a90c2f5f0'
Tue Apr 28 14:12:40 2009,075 [18076] INFO SugarCRM - Query Execution Time:0.006103
Tue Apr 28 14:12:40 2009,075 [18076] INFO SugarCRM - Query:SELECT id FROM users WHERE reports_to_id = '2cf6414c-a090-bcd4-0dae-482a91d5f8a2'
Tue Apr 28 14:12:40 2009,081 [18076] INFO SugarCRM - Query Execution Time:0.005743
Tue Apr 28 14:12:40 2009,081 [18076] INFO SugarCRM - Query:SELECT id FROM users WHERE reports_to_id = '2298c836-73a1-82d1-4cfc-496ec7bab3cd'
Tue Apr 28 14:12:40 2009,087 [18076] INFO SugarCRM - Query Execution Time:0.005689
Tue Apr 28 14:12:40 2009,087 [18076] INFO SugarCRM - Query:SELECT id FROM users WHERE reports_to_id = '5e28ef32-a998-30f2-1357-46ade4759eea'
Tue Apr 28 14:12:40 2009,093 [18076] INFO SugarCRM - Query Execution Time:0.005669
Tue Apr 28 14:12:40 2009,093 [18076] INFO SugarCRM - Query:SELECT id FROM users WHERE reports_to_id = '2f805932-1f16-16eb-db0c-46ade8d7c852'
Tue Apr 28 14:12:40 2009,099 [18076] INFO SugarCRM - Query Execution Time:0.005842
Tue Apr 28 14:12:40 2009,099 [18076] INFO SugarCRM - Query:SELECT id FROM users WHERE reports_to_id = 'a42f5502-3a74-31c0-56ad-48809d42a4c3'
Tue Apr 28 14:12:40 2009,105 [18076] INFO SugarCRM - Query Execution Time:0.005726
Tue Apr 28 14:12:40 2009,105 [18076] INFO SugarCRM - Query:SELECT id FROM users WHERE reports_to_id = 'cf3ee46a-c763-77a9-7f4c-48809eb53566'
Tue Apr 28 14:12:40 2009,111 [18076] INFO SugarCRM - Query Execution Time:0.005661
Tue Apr 28 14:12:40 2009,111 [18076] INFO SugarCRM - Query:SELECT id FROM users WHERE reports_to_id = '980c7908-47d3-c87c-bb28-46ade5c9b3a7'
Tue Apr 28 14:12:40 2009,117 [18076] INFO SugarCRM - Query Execution Time:0.005646
Tue Apr 28 14:12:40 2009,117 [18076] INFO SugarCRM - Query:SELECT id FROM users WHERE reports_to_id = '4e74c114-22de-a64d-45b2-46aed48d4fb1'
Tue Apr 28 14:12:40 2009,123 [18076] INFO SugarCRM - Query Execution Time:0.005711
Tue Apr 28 14:12:40 2009,123 [18076] INFO SugarCRM - Query:SELECT id FROM users WHERE reports_to_id = 'e6aa40ee-eccf-565e-0127-46aed47c8e05'
Tue Apr 28 14:12:40 2009,129 [18076] INFO SugarCRM - Query Execution Time:0.005658
Tue Apr 28 14:12:40 2009,129 [18076] INFO SugarCRM - Query:SELECT id FROM users WHERE reports_to_id = '5bba445d-8c05-f543-cfa5-46aed4773157'
Tue Apr 28 14:12:40 2009,135 [18076] INFO SugarCRM - Query Execution Time:0.005666
Tue Apr 28 14:12:40 2009,135 [18076] INFO SugarCRM - Query:SELECT id FROM users WHERE reports_to_id = 'cec3c75e-2f3e-8111-fc33-4964937110c1'
Tue Apr 28 14:12:40 2009,141 [18076] INFO SugarCRM - Query Execution Time:0.005658
Tue Apr 28 14:12:40 2009,141 [18076] INFO SugarCRM - Query:SELECT id FROM users WHERE reports_to_id = 'a57e551a-c168-1942-2ec2-46aed58d35b1'
Tue Apr 28 14:12:40 2009,147 [18076] INFO SugarCRM - Query Execution Time:0.005648
Tue Apr 28 14:12:40 2009,147 [18076] INFO SugarCRM - Query:SELECT id FROM users WHERE reports_to_id = 'c89ee836-f163-724e-195c-46aed507e421'
Tue Apr 28 14:12:40 2009,153 [18076] INFO SugarCRM - Query Execution Time:0.005674
Tue Apr 28 14:12:40 2009,154 [18076] INFO SugarCRM - Query:SELECT id FROM users WHERE reports_to_id = '8a881cf0-ad2a-b843-1f07-46aed573347c'
Tue Apr 28 14:12:40 2009,159 [18076] INFO SugarCRM - Query Execution Time:0.005666
Tue Apr 28 14:12:40 2009,160 [18076] INFO SugarCRM - Query:SELECT id FROM users WHERE reports_to_id = '50a06a70-67e0-1357-9440-4896e1210cd1'
Tue Apr 28 14:12:40 2009,165 [18076] INFO SugarCRM - Query Execution Time:0.005672
Tue Apr 28 14:12:40 2009,166 [18076] INFO SugarCRM - Query:SELECT id FROM users WHERE reports_to_id = '77619d1e-dce5-f5a9-7b56-4913c3b2e2da'
Tue Apr 28 14:12:40 2009,171 [18076] INFO SugarCRM - Query Execution Time:0.005672
Tue Apr 28 14:12:40 2009,172 [18076] INFO SugarCRM - Query:SELECT id FROM users WHERE reports_to_id = 'bc97b1a9-9cf3-c47b-610d-46aed7023b30'
Tue Apr 28 14:12:40 2009,177 [18076] INFO SugarCRM - Query Execution Time:0.005677
Tue Apr 28 14:12:40 2009,178 [18076] INFO SugarCRM - Query:SELECT id FROM users WHERE reports_to_id = '5b9a5d5b-f36b-61e9-18fc-46aed7dffee8'
Tue Apr 28 14:12:40 2009,183 [18076] INFO SugarCRM - Query Execution Time:0.005665
Tue Apr 28 14:12:40 2009,184 [18076] INFO SugarCRM - Query:SELECT id FROM users WHERE reports_to_id = '60d2c59c-efbb-0ebb-f48b-46aed82b69a6'
Tue Apr 28 14:12:40 2009,189 [18076] INFO SugarCRM - Query Execution Time:0.00567
Tue Apr 28 14:12:40 2009,190 [18076] INFO SugarCRM - Query:SELECT id FROM users WHERE reports_to_id = '327b01ba-ad26-444f-2975-46aed8946675'
Tue Apr 28 14:12:40 2009,195 [18076] INFO SugarCRM - Query Execution Time:0.005658
Tue Apr 28 14:12:40 2009,196 [18076] INFO SugarCRM - Query:SELECT id FROM users WHERE reports_to_id = '6b53f562-e554-4ef2-bf70-476f60e04606'
Tue Apr 28 14:12:40 2009,202 [18076] INFO SugarCRM - Query Execution Time:0.005671
Tue Apr 28 14:12:40 2009,202 [18076] INFO SugarCRM - Query:SELECT id FROM users WHERE reports_to_id = '79cf7305-7b78-fed9-891e-4819565ab76c'
Tue Apr 28 14:12:40 2009,208 [18076] INFO SugarCRM - Query Execution Time:0.005655
Tue Apr 28 14:12:40 2009,208 [18076] INFO SugarCRM - Query:SELECT id FROM users WHERE reports_to_id = '69a11935-8f51-2e35-1929-46aed8915273'
Tue Apr 28 14:12:40 2009,214 [18076] INFO SugarCRM - Query Execution Time:0.00567
Tue Apr 28 14:12:40 2009,214 [18076] INFO SugarCRM - Query:SELECT id FROM users WHERE reports_to_id = 'd3d508a7-e279-52b5-e822-46aed89021a6'
Tue Apr 28 14:12:40 2009,220 [18076] INFO SugarCRM - Query Execution Time:0.005641
Tue Apr 28 14:12:40 2009,220 [18076] INFO SugarCRM - Query:SELECT id FROM users WHERE reports_to_id = '63955fb9-215c-dab0-1346-46aed9ef8e76'
Tue Apr 28 14:12:40 2009,226 [18076] INFO SugarCRM - Query Execution Time:0.005736
Tue Apr 28 14:12:40 2009,226 [18076] INFO SugarCRM - Query:SELECT id FROM users WHERE reports_to_id = 'b02a0186-ac38-bd7f-1195-46aed97fd953'
Tue Apr 28 14:12:40 2009,232 [18076] INFO SugarCRM - Query Execution Time:0.005703
Tue Apr 28 14:12:40 2009,232 [18076] INFO SugarCRM - Query:SELECT id FROM users WHERE reports_to_id = '969992dc-bbde-5ae5-4d4e-46aed9794a6e'
Tue Apr 28 14:12:40 2009,238 [18076] INFO SugarCRM - Query Execution Time:0.005666
Tue Apr 28 14:12:40 2009,238 [18076] INFO SugarCRM - Query:SELECT id FROM users WHERE reports_to_id = '16153405-5021-e12a-c2c2-46aed9a24953'
Tue Apr 28 14:12:40 2009,244 [18076] INFO SugarCRM - Query Execution Time:0.005666
Tue Apr 28 14:12:40 2009,244 [18076] INFO SugarCRM - Query:SELECT id FROM users WHERE reports_to_id = '9b838f23-6005-fa4a-ef00-47c3f5d2ac44'
Tue Apr 28 14:12:40 2009,250 [18076] INFO SugarCRM - Query Execution Time:0.005662
Tue Apr 28 14:12:40 2009,250 [18076] INFO SugarCRM - Query:SELECT id FROM users WHERE reports_to_id = '86f1d54f-d66c-5797-cbfe-491ede323ec6'
Tue Apr 28 14:12:40 2009,256 [18076] INFO SugarCRM - Query Execution Time:0.005649
Tue Apr 28 14:12:40 2009,256 [18076] INFO SugarCRM - Query:SELECT id FROM users WHERE reports_to_id = 'ccfac9da-70db-cd84-5627-491ee07cbc79'
Tue Apr 28 14:12:40 2009,262 [18076] INFO SugarCRM - Query Execution Time:0.005642
Tue Apr 28 14:12:40 2009,262 [18076] DEBUG SugarCRM - Team Membership query: SELECT teams.id as team_id
			                FROM team_membership as tm inner join teams 
			                ON (tm.team_id=teams.id AND
			                      tm.user_id IN ('6852a3ba-84b8-8047-bbff-46ade4d1107f','54c91d05-0633-c9a0-16a6-46ade7203996','ea47cec9-ae55-9bdf-c756-46aed1f23b9a','d237ee6c-6935-8cc2-e705-46aed37b3596','6c8739c5-8c3a-507e-1406-46aed38cf377','2fca1e5a-bf4c-375e-0bfe-46aed71d119e','d3ee10b4-d688-d1f1-7c04-48f81ad11ca4','ed0f1261-9e14-40ea-4e78-46aed42c21ae','69288c10-92c0-de4c-f82e-46ade45f908a','589de9bd-8106-b0c8-2f94-46ade45c2215','584b0b54-89a9-cc57-3b4c-46aed56e4c07','551d2740-cab1-3d2b-70da-46fa4be9da91','3943158b-b214-bd02-08c1-489836c7a997','623db42a-7435-43d5-90b6-48bcda53a317','41623a03-6cf8-9c80-0407-48f5782c928c','7166d781-8600-b23f-544d-48f579053699','2b8c3956-98e7-8b09-dbb9-495074810a44','3ce4f035-8f88-3d8c-a033-49b0d52a2c6f','99dcdf16-9ed4-35e0-b864-49dc4f508078','523b125c-e57a-5a3f-c9ee-46ade5d24cc8','9b2d7282-e947-8433-f6f8-46ade6ee51a8','3e672f17-ced6-c710-dbc6-46ade6268cac','1ca64ee4-59ee-bb4f-2701-46ade67621c9','7afb379b-6c6e-166b-c670-46aed2411bd5','89c81fa4-6b09-ce4f-a387-46ade73c04db','96b2078e-e27a-3e36-823c-46aed2973c30','2819f43d-dd56-ba6e-965c-46fa4c0b091d','9e45138e-679a-3dab-f3ec-46fa4f895d3a','44cbcd45-1c11-cfb7-f413-481f046eddee','88ce862e-a4df-83ab-f1bc-4828365d57bd','a84f02e4-c2eb-43d5-44a4-46fa4d75d185','aa42f6a4-2df8-5043-947c-482a92e7ac4a','6e5f6d03-1c0d-51b4-6f33-46ade73f454c','816d4394-0e5a-8a01-45d5-46ade7347b07','47e6e58d-0465-bede-8828-46ade7174e55','83641dca-8ba6-deb2-fe81-46aed141fa77','809cce1a-7f5c-2217-6408-48bf71c1d77a','e3e5e7ba-b0b2-0a54-91a1-46aed2a68596','62f11b96-39f3-4340-8e19-46aed2fafc01','98277644-48ac-0e56-1777-46aed286a711','940ca5dd-469f-ce68-2337-46aed6c35288','815ff0ec-3f0b-746c-6f49-46aed7b3e3f5','760c9e40-5f83-db66-0ed3-46aed7638dd3','a6d709be-ecb2-46ed-b7de-47033fe9d09a','a2e602d5-5715-398a-94b4-47500ab6811b','9e2d267e-79bd-196a-9a99-480705233015','3d86dc97-9e25-ef7b-21de-46aed38f0f09','9236b89d-e13f-bc24-2bf5-46ade56e2f5a','a90cb8ac-2152-00bb-7b34-46ade6445a8d','bdc33039-a683-3848-0cc2-46aed3e87e4a','add7cf6f-991f-2688-4922-47c3f6e49c03','e8dc0a5d-41af-5c48-b718-482456d06879','8a7ff732-7954-e6f6-ba24-48a2ca9a04cb','67895d8e-c0c6-5b97-f738-46aed32d055d','5bd01e9b-7104-3c66-8bba-47c3f4016d28','e21e2085-ca07-749b-eee6-48a2cb44bcb1','946eb92b-d6d0-bc9a-dacd-4912ea3e46f8','e3a69e99-eb45-48bb-1e7a-4912ebaf66e0','70170632-96b6-03d1-c01f-491c2a357baa','c5df11e5-a9b3-7639-108c-4938c03019d1','c85703cb-7e8d-e3d7-4e8f-49645caff869','33a768c2-2ea7-392b-ff41-46aed422a77a','138bee1e-d6c3-fce5-c2a6-469dcbc39465','6ec65fd5-e4da-dd05-c6e1-46ade5b25948','23f12cc3-1de4-9ac4-cfe2-46ade675ebde','c5b8bbdf-e809-a77a-2c4e-46fa5037751f','c8588a22-7428-eacf-af54-482984e17862','7e8b539a-1c1a-c847-2ae4-482a90c2f5f0','2cf6414c-a090-bcd4-0dae-482a91d5f8a2','2298c836-73a1-82d1-4cfc-496ec7bab3cd','5e28ef32-a998-30f2-1357-46ade4759eea','2f805932-1f16-16eb-db0c-46ade8d7c852','a42f5502-3a74-31c0-56ad-48809d42a4c3','cf3ee46a-c763-77a9-7f4c-48809eb53566','980c7908-47d3-c87c-bb28-46ade5c9b3a7','4e74c114-22de-a64d-45b2-46aed48d4fb1','e6aa40ee-eccf-565e-0127-46aed47c8e05','5bba445d-8c05-f543-cfa5-46aed4773157','cec3c75e-2f3e-8111-fc33-4964937110c1','a57e551a-c168-1942-2ec2-46aed58d35b1','c89ee836-f163-724e-195c-46aed507e421','8a881cf0-ad2a-b843-1f07-46aed573347c','50a06a70-67e0-1357-9440-4896e1210cd1','77619d1e-dce5-f5a9-7b56-4913c3b2e2da','bc97b1a9-9cf3-c47b-610d-46aed7023b30','5b9a5d5b-f36b-61e9-18fc-46aed7dffee8','60d2c59c-efbb-0ebb-f48b-46aed82b69a6','327b01ba-ad26-444f-2975-46aed8946675','6b53f562-e554-4ef2-bf70-476f60e04606','79cf7305-7b78-fed9-891e-4819565ab76c','69a11935-8f51-2e35-1929-46aed8915273','d3d508a7-e279-52b5-e822-46aed89021a6','63955fb9-215c-dab0-1346-46aed9ef8e76','b02a0186-ac38-bd7f-1195-46aed97fd953','969992dc-bbde-5ae5-4d4e-46aed9794a6e','16153405-5021-e12a-c2c2-46aed9a24953','9b838f23-6005-fa4a-ef00-47c3f5d2ac44','86f1d54f-d66c-5797-cbfe-491ede323ec6','ccfac9da-70db-cd84-5627-491ee07cbc79') AND
			                      teams.deleted=0 AND tm.deleted=0 AND teams.private=0)
Tue Apr 28 14:12:40 2009,262 [18076] INFO SugarCRM - Query:SELECT teams.id as team_id
			                FROM team_membership as tm inner join teams 
			                ON (tm.team_id=teams.id AND
			                      tm.user_id IN ('6852a3ba-84b8-8047-bbff-46ade4d1107f','54c91d05-0633-c9a0-16a6-46ade7203996','ea47cec9-ae55-9bdf-c756-46aed1f23b9a','d237ee6c-6935-8cc2-e705-46aed37b3596','6c8739c5-8c3a-507e-1406-46aed38cf377','2fca1e5a-bf4c-375e-0bfe-46aed71d119e','d3ee10b4-d688-d1f1-7c04-48f81ad11ca4','ed0f1261-9e14-40ea-4e78-46aed42c21ae','69288c10-92c0-de4c-f82e-46ade45f908a','589de9bd-8106-b0c8-2f94-46ade45c2215','584b0b54-89a9-cc57-3b4c-46aed56e4c07','551d2740-cab1-3d2b-70da-46fa4be9da91','3943158b-b214-bd02-08c1-489836c7a997','623db42a-7435-43d5-90b6-48bcda53a317','41623a03-6cf8-9c80-0407-48f5782c928c','7166d781-8600-b23f-544d-48f579053699','2b8c3956-98e7-8b09-dbb9-495074810a44','3ce4f035-8f88-3d8c-a033-49b0d52a2c6f','99dcdf16-9ed4-35e0-b864-49dc4f508078','523b125c-e57a-5a3f-c9ee-46ade5d24cc8','9b2d7282-e947-8433-f6f8-46ade6ee51a8','3e672f17-ced6-c710-dbc6-46ade6268cac','1ca64ee4-59ee-bb4f-2701-46ade67621c9','7afb379b-6c6e-166b-c670-46aed2411bd5','89c81fa4-6b09-ce4f-a387-46ade73c04db','96b2078e-e27a-3e36-823c-46aed2973c30','2819f43d-dd56-ba6e-965c-46fa4c0b091d','9e45138e-679a-3dab-f3ec-46fa4f895d3a','44cbcd45-1c11-cfb7-f413-481f046eddee','88ce862e-a4df-83ab-f1bc-4828365d57bd','a84f02e4-c2eb-43d5-44a4-46fa4d75d185','aa42f6a4-2df8-5043-947c-482a92e7ac4a','6e5f6d03-1c0d-51b4-6f33-46ade73f454c','816d4394-0e5a-8a01-45d5-46ade7347b07','47e6e58d-0465-bede-8828-46ade7174e55','83641dca-8ba6-deb2-fe81-46aed141fa77','809cce1a-7f5c-2217-6408-48bf71c1d77a','e3e5e7ba-b0b2-0a54-91a1-46aed2a68596','62f11b96-39f3-4340-8e19-46aed2fafc01','98277644-48ac-0e56-1777-46aed286a711','940ca5dd-469f-ce68-2337-46aed6c35288','815ff0ec-3f0b-746c-6f49-46aed7b3e3f5','760c9e40-5f83-db66-0ed3-46aed7638dd3','a6d709be-ecb2-46ed-b7de-47033fe9d09a','a2e602d5-5715-398a-94b4-47500ab6811b','9e2d267e-79bd-196a-9a99-480705233015','3d86dc97-9e25-ef7b-21de-46aed38f0f09','9236b89d-e13f-bc24-2bf5-46ade56e2f5a','a90cb8ac-2152-00bb-7b34-46ade6445a8d','bdc33039-a683-3848-0cc2-46aed3e87e4a','add7cf6f-991f-2688-4922-47c3f6e49c03','e8dc0a5d-41af-5c48-b718-482456d06879','8a7ff732-7954-e6f6-ba24-48a2ca9a04cb','67895d8e-c0c6-5b97-f738-46aed32d055d','5bd01e9b-7104-3c66-8bba-47c3f4016d28','e21e2085-ca07-749b-eee6-48a2cb44bcb1','946eb92b-d6d0-bc9a-dacd-4912ea3e46f8','e3a69e99-eb45-48bb-1e7a-4912ebaf66e0','70170632-96b6-03d1-c01f-491c2a357baa','c5df11e5-a9b3-7639-108c-4938c03019d1','c85703cb-7e8d-e3d7-4e8f-49645caff869','33a768c2-2ea7-392b-ff41-46aed422a77a','138bee1e-d6c3-fce5-c2a6-469dcbc39465','6ec65fd5-e4da-dd05-c6e1-46ade5b25948','23f12cc3-1de4-9ac4-cfe2-46ade675ebde','c5b8bbdf-e809-a77a-2c4e-46fa5037751f','c8588a22-7428-eacf-af54-482984e17862','7e8b539a-1c1a-c847-2ae4-482a90c2f5f0','2cf6414c-a090-bcd4-0dae-482a91d5f8a2','2298c836-73a1-82d1-4cfc-496ec7bab3cd','5e28ef32-a998-30f2-1357-46ade4759eea','2f805932-1f16-16eb-db0c-46ade8d7c852','a42f5502-3a74-31c0-56ad-48809d42a4c3','cf3ee46a-c763-77a9-7f4c-48809eb53566','980c7908-47d3-c87c-bb28-46ade5c9b3a7','4e74c114-22de-a64d-45b2-46aed48d4fb1','e6aa40ee-eccf-565e-0127-46aed47c8e05','5bba445d-8c05-f543-cfa5-46aed4773157','cec3c75e-2f3e-8111-fc33-4964937110c1','a57e551a-c168-1942-2ec2-46aed58d35b1','c89ee836-f163-724e-195c-46aed507e421','8a881cf0-ad2a-b843-1f07-46aed573347c','50a06a70-67e0-1357-9440-4896e1210cd1','77619d1e-dce5-f5a9-7b56-4913c3b2e2da','bc97b1a9-9cf3-c47b-610d-46aed7023b30','5b9a5d5b-f36b-61e9-18fc-46aed7dffee8','60d2c59c-efbb-0ebb-f48b-46aed82b69a6','327b01ba-ad26-444f-2975-46aed8946675','6b53f562-e554-4ef2-bf70-476f60e04606','79cf7305-7b78-fed9-891e-4819565ab76c','69a11935-8f51-2e35-1929-46aed8915273','d3d508a7-e279-52b5-e822-46aed89021a6','63955fb9-215c-dab0-1346-46aed9ef8e76','b02a0186-ac38-bd7f-1195-46aed97fd953','969992dc-bbde-5ae5-4d4e-46aed9794a6e','16153405-5021-e12a-c2c2-46aed9a24953','9b838f23-6005-fa4a-ef00-47c3f5d2ac44','86f1d54f-d66c-5797-cbfe-491ede323ec6','ccfac9da-70db-cd84-5627-491ee07cbc79') AND
			                      teams.deleted=0 AND tm.deleted=0 AND teams.private=0)
Tue Apr 28 14:12:40 2009,263 [18076] INFO SugarCRM - Query Execution Time:0.00057800000000002
Tue Apr 28 14:12:40 2009,263 [18076] DEBUG SugarCRM - Team Membership query: SELECT teams.id as team_id
			                FROM team_membership AS tm inner join teams
			                ON (tm.team_id=teams.id AND
			                      tm.user_id = '5f3f3269-7a7d-6cde-fd28-46ade30c9354' AND
			                      teams.deleted=0 AND tm.deleted=0)
Tue Apr 28 14:12:40 2009,263 [18076] INFO SugarCRM - Query:SELECT teams.id as team_id
			                FROM team_membership AS tm inner join teams
			                ON (tm.team_id=teams.id AND
			                      tm.user_id = '5f3f3269-7a7d-6cde-fd28-46ade30c9354' AND
			                      teams.deleted=0 AND tm.deleted=0)
Tue Apr 28 14:12:40 2009,264 [18076] INFO SugarCRM - Query Execution Time:0.00010500000000002
Tue Apr 28 14:12:40 2009,264 [18076] INFO SugarCRM - Query:SELECT name FROM teams WHERE id=''
Tue Apr 28 14:12:40 2009,264 [18076] INFO SugarCRM - Query Execution Time:6.8000000000012E-05
Tue Apr 28 14:12:40 2009,340 [18416] DEBUG SugarCRM - Allowed to see Meetings 
Tue Apr 28 14:12:40 2009,344 [18416] INFO SugarCRM - Query:SELECT calls.* from calls_users,calls  WHERE (DATE_FORMAT(calls.date_start,'%Y-%m-%d') >= '2009-03-01' AND DATE_FORMAT(calls.date_start,'%Y-%m-%d') <= '2009-07-01') AND calls_users.accept_status != 'decline' AND  calls_users.call_id=calls.id AND calls_users.user_id='941b05d3-f856-f468-c791-4819568c29c6' AND calls.deleted=0 AND calls_users.deleted=0
Tue Apr 28 14:12:40 2009,345 [18416] INFO SugarCRM - Query Execution Time:0.000471
Tue Apr 28 14:12:40 2009,385 [18416] DEBUG SugarCRM - vardef list is :deleted|LBL_DELETED|bool|1|
Tue Apr 28 14:12:40 2009,385 [18416] DEBUG SugarCRM - vardef list is :date_modified|LBL_DATE_MODIFIED|datetime
Tue Apr 28 14:12:40 2009,385 [18416] DEBUG SugarCRM - vardef list is :user_id|id|1|
Tue Apr 28 14:12:40 2009,386 [18416] DEBUG SugarCRM - vardef list is :type|varchar|25
Tue Apr 28 14:12:40 2009,386 [18416] DEBUG SugarCRM - vardef list is :source|varchar|25
Tue Apr 28 14:12:40 2009,386 [18416] DEBUG SugarCRM - vardef list is :content|text
Tue Apr 28 14:12:40 2009,386 [18416] INFO SugarCRM - Query:Update vcals set deleted='0', date_modified='2009-04-28 08:42:40', user_id='941b05d3-f856-f468-c791-4819568c29c6', type='vfb', source='sugar', content='BEGIN:VCALENDAR\nVERSION:2.0\nPRODID:-//SugarCRM//SugarCRM Calendar//EN\nBEGIN:VFREEBUSY\nORGANIZER;CN=Amish Ameya:\nDTSTART:20090427T084200Z\nDTEND:20090627T084200Z\nFREEBUSY:20090302T054500Z/20090302T064400Z\nFREEBUSY:20090302T071500Z/20090302T081400Z\nFREEBUSY:20090302T084500Z/20090302T094400Z\nFREEBUSY:20090302T100000Z/20090302T105900Z\nFREEBUSY:20090302T111500Z/20090302T121400Z\nFREEBUSY:20090303T053000Z/20090303T062900Z\nFREEBUSY:20090303T064500Z/20090303T074400Z\nFREEBUSY:20090303T080000Z/20090303T085900Z\nFREEBUSY:20090303T091500Z/20090303T101400Z\nFREEBUSY:20090303T103000Z/20090303T112900Z\nFREEBUSY:20090304T053000Z/20090304T062900Z\nFREEBUSY:20090304T064500Z/20090304T074400Z\nFREEBUSY:20090304T080000Z/20090304T085900Z\nFREEBUSY:20090304T091500Z/20090304T101400Z\nFREEBUSY:20090304T103000Z/20090304T112900Z\nFREEBUSY:20090305T053000Z/20090305T062900Z\nFREEBUSY:20090305T080000Z/20090305T085900Z\nFREEBUSY:20090305T091500Z/20090305T101400Z\nFREEBUSY:20090305T103000Z/20090305T112900Z\nFREEBUSY:20090306T053000Z/20090306T062900Z\nFREEBUSY:20090306T064500Z/20090306T074400Z\nFREEBUSY:20090306T080000Z/20090306T085900Z\nFREEBUSY:20090306T091500Z/20090306T101400Z\nFREEBUSY:20090306T103000Z/20090306T112900Z\nFREEBUSY:20090309T034500Z/20090309T044400Z\nFREEBUSY:20090309T060000Z/20090309T065900Z\nFREEBUSY:20090309T060000Z/20090309T065900Z\nFREEBUSY:20090309T071500Z/20090309T081400Z\nFREEBUSY:20090309T071500Z/20090309T081400Z\nFREEBUSY:20090309T091500Z/20090309T101400Z\nFREEBUSY:20090309T091500Z/20090309T101400Z\nFREEBUSY:20090309T091500Z/20090309T101400Z\nFREEBUSY:20090309T091500Z/20090309T101400Z\nFREEBUSY:20090310T064500Z/20090310T074400Z\nFREEBUSY:20090310T080000Z/20090310T085900Z\nFREEBUSY:20090310T091500Z/20090310T101400Z\nFREEBUSY:20090312T054500Z/20090312T064400Z\nFREEBUSY:20090312T070000Z/20090312T075900Z\nFREEBUSY:20090312T081500Z/20090312T091400Z\nFREEBUSY:20090312T093000Z/20090312T102900Z\nFREEBUSY:20090312T104500Z/20090312T114400Z\nFREEBUSY:20090313T070000Z/20090313T075900Z\nFREEBUSY:20090313T081500Z/20090313T091400Z\nFREEBUSY:20090313T093000Z/20090313T102900Z\nFREEBUSY:20090313T104500Z/20090313T114400Z\nFREEBUSY:20090316T053000Z/20090316T062900Z\nFREEBUSY:20090316T064500Z/20090316T074400Z\nFREEBUSY:20090316T064500Z/20090316T074400Z\nFREEBUSY:20090316T080000Z/20090316T085900Z\nFREEBUSY:20090316T091500Z/20090316T101400Z\nFREEBUSY:20090316T103000Z/20090316T112900Z\nFREEBUSY:20090317T053000Z/20090317T062900Z\nFREEBUSY:20090317T064500Z/20090317T074400Z\nFREEBUSY:20090317T080000Z/20090317T085900Z\nFREEBUSY:20090317T091500Z/20090317T101400Z\nFREEBUSY:20090318T053000Z/20090318T062900Z\nFREEBUSY:20090318T064500Z/20090318T074400Z\nFREEBUSY:20090318T080000Z/20090318T085900Z\nFREEBUSY:20090318T091500Z/20090318T101400Z\nFREEBUSY:20090318T103000Z/20090318T112900Z\nFREEBUSY:20090319T043000Z/20090319T071400Z\nFREEBUSY:20090319T080000Z/20090319T085900Z\nFREEBUSY:20090319T091500Z/20090319T101400Z\nFREEBUSY:20090319T103000Z/20090319T112900Z\nFREEBUSY:20090320T053000Z/20090320T062900Z\nFREEBUSY:20090320T064500Z/20090320T074400Z\nFREEBUSY:20090320T080000Z/20090320T085900Z\nFREEBUSY:20090320T091500Z/20090320T101400Z\nFREEBUSY:20090320T103000Z/20090320T112900Z\nFREEBUSY:20090324T053000Z/20090324T062900Z\nFREEBUSY:20090324T070000Z/20090324T075900Z\nFREEBUSY:20090324T070000Z/20090324T075900Z\nFREEBUSY:20090324T104500Z/20090324T114400Z\nFREEBUSY:20090325T054500Z/20090325T064400Z\nFREEBUSY:20090325T070000Z/20090325T075900Z\nFREEBUSY:20090325T093000Z/20090325T102900Z\nFREEBUSY:20090325T104500Z/20090325T114400Z\nFREEBUSY:20090326T023000Z/20090326T025900Z\nFREEBUSY:20090326T033000Z/20090326T035900Z\nFREEBUSY:20090326T050000Z/20090326T054400Z\nFREEBUSY:20090326T053000Z/20090326T062900Z\nFREEBUSY:20090326T053000Z/20090326T062900Z\nFREEBUSY:20090326T070000Z/20090326T072900Z\nFREEBUSY:20090326T070000Z/20090326T072900Z\nFREEBUSY:20090326T080000Z/20090326T082900Z\nFREEBUSY:20090326T090000Z/20090326T092900Z\nFREEBUSY:20090326T103000Z/20090326T111400Z\nFREEBUSY:20090327T053000Z/20090327T062900Z\nFREEBUSY:20090327T064500Z/20090327T074400Z\nFREEBUSY:20090327T080000Z/20090327T085900Z\nFREEBUSY:20090327T091500Z/20090327T101400Z\nFREEBUSY:20090327T103000Z/20090327T112900Z\nFREEBUSY:20090330T053000Z/20090330T062900Z\nFREEBUSY:20090330T064500Z/20090330T074400Z\nFREEBUSY:20090330T080000Z/20090330T085900Z\nFREEBUSY:20090330T091500Z/20090330T101400Z\nFREEBUSY:20090330T103000Z/20090330T112900Z\nFREEBUSY:20090331T053000Z/20090331T062900Z\nFREEBUSY:20090331T064500Z/20090331T074400Z\nFREEBUSY:20090331T064500Z/20090331T074400Z\nFREEBUSY:20090331T080000Z/20090331T085900Z\nFREEBUSY:20090331T091500Z/20090331T101400Z\nFREEBUSY:20090331T103000Z/20090331T112900Z\nFREEBUSY:20090401T054500Z/20090401T064400Z\nFREEBUSY:20090401T070000Z/20090401T075900Z\nFREEBUSY:20090401T081500Z/20090401T091400Z\nFREEBUSY:20090401T093000Z/20090401T102900Z\nFREEBUSY:20090401T104500Z/20090401T114400Z\nFREEBUSY:20090402T054500Z/20090402T064400Z\nFREEBUSY:20090402T070000Z/20090402T075900Z\nFREEBUSY:20090402T081500Z/20090402T091400Z\nDTSTAMP:20090428T084200Z\nEND:VFREEBUSY\nEND:VCALENDAR' WHERE ID = '95c96146-d0ce-2090-2390-48205f12e2e9'
Tue Apr 28 14:12:40 2009,388 [18416] INFO SugarCRM - Query Execution Time:0.00097999999999998
Tue Apr 28 14:12:40 2009,388 [18416] DEBUG SugarCRM - In formbase.populateFromPost
Tue Apr 28 14:12:40 2009,389 [18416] DEBUG SugarCRM - In get_link_table_definition for table meetings_users def name :indices
Tue Apr 28 14:12:40 2009,389 [18416] DEBUG SugarCRM - relationship_exists query(SELECT id FROM meetings_users WHERE  meeting_id='c4a3a9a6-1d98-4a7f-8ec9-49f6c142da84'AND user_id='941b05d3-f856-f468-c791-4819568c29c6'AND deleted=0)
Tue Apr 28 14:12:40 2009,389 [18416] INFO SugarCRM - Query:SELECT id FROM meetings_users WHERE  meeting_id='c4a3a9a6-1d98-4a7f-8ec9-49f6c142da84'AND user_id='941b05d3-f856-f468-c791-4819568c29c6'AND deleted=0
Tue Apr 28 14:12:40 2009,390 [18416] INFO SugarCRM - Query Execution Time:0.00058400000000003
Tue Apr 28 14:12:40 2009,390 [18416] DEBUG SugarCRM - Relationship Update Statement :UPDATE meetings_users SET meeting_id='c4a3a9a6-1d98-4a7f-8ec9-49f6c142da84' ,user_id='941b05d3-f856-f468-c791-4819568c29c6' ,deleted='0' ,date_modified='2009-04-28 08:42:40'  WHERE  meeting_id='c4a3a9a6-1d98-4a7f-8ec9-49f6c142da84'AND user_id='941b05d3-f856-f468-c791-4819568c29c6'AND deleted=0
Tue Apr 28 14:12:40 2009,390 [18416] INFO SugarCRM - Query:UPDATE meetings_users SET meeting_id='c4a3a9a6-1d98-4a7f-8ec9-49f6c142da84' ,user_id='941b05d3-f856-f468-c791-4819568c29c6' ,deleted='0' ,date_modified='2009-04-28 08:42:40'  WHERE  meeting_id='c4a3a9a6-1d98-4a7f-8ec9-49f6c142da84'AND user_id='941b05d3-f856-f468-c791-4819568c29c6'AND deleted=0
Tue Apr 28 14:12:40 2009,391 [18416] INFO SugarCRM - Query Execution Time:0.00054199999999999
Tue Apr 28 14:12:40 2009,391 [18416] INFO SugarCRM - Query:SELECT * FROM meetings_users WHERE deleted = '0'   AND user_id = '941b05d3-f856-f468-c791-4819568c29c6'  AND meeting_id = 'c4a3a9a6-1d98-4a7f-8ec9-49f6c142da84' 
Tue Apr 28 14:12:40 2009,392 [18416] INFO SugarCRM - Query Execution Time:0.00053199999999998
Tue Apr 28 14:12:40 2009,392 [18416] INFO SugarCRM - Query:UPDATE meetings_users SET accept_status='accept',date_modified=DATE_FORMAT('2009-04-28 08:42:40', '%Y-%m-%d %H:%i:%s') WHERE deleted = '0'   AND user_id = '941b05d3-f856-f468-c791-4819568c29c6'  AND meeting_id = 'c4a3a9a6-1d98-4a7f-8ec9-49f6c142da84' 
Tue Apr 28 14:12:40 2009,393 [18416] INFO SugarCRM - Query Execution Time:0.00052799999999997
Tue Apr 28 14:12:40 2009,393 [18416] DEBUG SugarCRM - Retrieve vcal: SELECT vcals.* FROM vcals  WHERE user_id = '941b05d3-f856-f468-c791-4819568c29c6' AND type = 'vfb' AND source = 'sugar' AND deleted=0
Tue Apr 28 14:12:40 2009,393 [18416] DEBUG SugarCRM - Limit Query:SELECT vcals.* FROM vcals  WHERE user_id = '941b05d3-f856-f468-c791-4819568c29c6' AND type = 'vfb' AND source = 'sugar' AND deleted=0 Start: 0 count: 1
Tue Apr 28 14:12:40 2009,394 [18416] INFO SugarCRM - Query:SELECT vcals.* FROM vcals  WHERE user_id = '941b05d3-f856-f468-c791-4819568c29c6' AND type = 'vfb' AND source = 'sugar' AND deleted=0 LIMIT 0,1
Tue Apr 28 14:12:40 2009,394 [18416] INFO SugarCRM - Query Execution Time:0.00037200000000004
Tue Apr 28 14:12:40 2009,396 [18416] INFO SugarCRM - Query:SELECT meetings.* from meetings_users,meetings  WHERE (DATE_FORMAT(meetings.date_start,'%Y-%m-%d') >= '2009-03-01' AND DATE_FORMAT(meetings.date_start,'%Y-%m-%d') <= '2009-07-01') AND meetings_users.accept_status != 'decline' AND  meetings_users.meeting_id=meetings.id AND meetings_users.user_id='941b05d3-f856-f468-c791-4819568c29c6' AND meetings.deleted=0 AND meetings_users.deleted=0
Tue Apr 28 14:12:40 2009,434 [18416] INFO SugarCRM - Query Execution Time:0.037103
Tue Apr 28 14:12:40 2009,866 [18416] DEBUG SugarCRM - Allowed to see Meetings 
Tue Apr 28 14:12:40 2009,867 [18416] INFO SugarCRM - Query:SELECT calls.* from calls_users,calls  WHERE (DATE_FORMAT(calls.date_start,'%Y-%m-%d') >= '2009-03-01' AND DATE_FORMAT(calls.date_start,'%Y-%m-%d') <= '2009-07-01') AND calls_users.accept_status != 'decline' AND  calls_users.call_id=calls.id AND calls_users.user_id='941b05d3-f856-f468-c791-4819568c29c6' AND calls.deleted=0 AND calls_users.deleted=0
Tue Apr 28 14:12:40 2009,868 [18416] INFO SugarCRM - Query Execution Time:0.00045300000000004
Tue Apr 28 14:12:40 2009,909 [18416] DEBUG SugarCRM - vardef list is :deleted|LBL_DELETED|bool|1|
Tue Apr 28 14:12:40 2009,909 [18416] DEBUG SugarCRM - vardef list is :date_modified|LBL_DATE_MODIFIED|datetime
Tue Apr 28 14:12:40 2009,909 [18416] DEBUG SugarCRM - vardef list is :user_id|id|1|
Tue Apr 28 14:12:40 2009,910 [18416] DEBUG SugarCRM - vardef list is :type|varchar|25
Tue Apr 28 14:12:40 2009,910 [18416] DEBUG SugarCRM - vardef list is :source|varchar|25
Tue Apr 28 14:12:40 2009,910 [18416] DEBUG SugarCRM - vardef list is :content|text
Tue Apr 28 14:12:40 2009,910 [18416] INFO SugarCRM - Query:Update vcals set deleted='0', date_modified='2009-04-28 08:42:40', user_id='941b05d3-f856-f468-c791-4819568c29c6', type='vfb', source='sugar', content='BEGIN:VCALENDAR\nVERSION:2.0\nPRODID:-//SugarCRM//SugarCRM Calendar//EN\nBEGIN:VFREEBUSY\nORGANIZER;CN=Amish Ameya:\nDTSTART:20090427T084200Z\nDTEND:20090627T084200Z\nFREEBUSY:20090302T054500Z/20090302T064400Z\nFREEBUSY:20090302T071500Z/20090302T081400Z\nFREEBUSY:20090302T084500Z/20090302T094400Z\nFREEBUSY:20090302T100000Z/20090302T105900Z\nFREEBUSY:20090302T111500Z/20090302T121400Z\nFREEBUSY:20090303T053000Z/20090303T062900Z\nFREEBUSY:20090303T064500Z/20090303T074400Z\nFREEBUSY:20090303T080000Z/20090303T085900Z\nFREEBUSY:20090303T091500Z/20090303T101400Z\nFREEBUSY:20090303T103000Z/20090303T112900Z\nFREEBUSY:20090304T053000Z/20090304T062900Z\nFREEBUSY:20090304T064500Z/20090304T074400Z\nFREEBUSY:20090304T080000Z/20090304T085900Z\nFREEBUSY:20090304T091500Z/20090304T101400Z\nFREEBUSY:20090304T103000Z/20090304T112900Z\nFREEBUSY:20090305T053000Z/20090305T062900Z\nFREEBUSY:20090305T080000Z/20090305T085900Z\nFREEBUSY:20090305T091500Z/20090305T101400Z\nFREEBUSY:20090305T103000Z/20090305T112900Z\nFREEBUSY:20090306T053000Z/20090306T062900Z\nFREEBUSY:20090306T064500Z/20090306T074400Z\nFREEBUSY:20090306T080000Z/20090306T085900Z\nFREEBUSY:20090306T091500Z/20090306T101400Z\nFREEBUSY:20090306T103000Z/20090306T112900Z\nFREEBUSY:20090309T034500Z/20090309T044400Z\nFREEBUSY:20090309T060000Z/20090309T065900Z\nFREEBUSY:20090309T060000Z/20090309T065900Z\nFREEBUSY:20090309T071500Z/20090309T081400Z\nFREEBUSY:20090309T071500Z/20090309T081400Z\nFREEBUSY:20090309T091500Z/20090309T101400Z\nFREEBUSY:20090309T091500Z/20090309T101400Z\nFREEBUSY:20090309T091500Z/20090309T101400Z\nFREEBUSY:20090309T091500Z/20090309T101400Z\nFREEBUSY:20090310T064500Z/20090310T074400Z\nFREEBUSY:20090310T080000Z/20090310T085900Z\nFREEBUSY:20090310T091500Z/20090310T101400Z\nFREEBUSY:20090312T054500Z/20090312T064400Z\nFREEBUSY:20090312T070000Z/20090312T075900Z\nFREEBUSY:20090312T081500Z/20090312T091400Z\nFREEBUSY:20090312T093000Z/20090312T102900Z\nFREEBUSY:20090312T104500Z/20090312T114400Z\nFREEBUSY:20090313T070000Z/20090313T075900Z\nFREEBUSY:20090313T081500Z/20090313T091400Z\nFREEBUSY:20090313T093000Z/20090313T102900Z\nFREEBUSY:20090313T104500Z/20090313T114400Z\nFREEBUSY:20090316T053000Z/20090316T062900Z\nFREEBUSY:20090316T064500Z/20090316T074400Z\nFREEBUSY:20090316T064500Z/20090316T074400Z\nFREEBUSY:20090316T080000Z/20090316T085900Z\nFREEBUSY:20090316T091500Z/20090316T101400Z\nFREEBUSY:20090316T103000Z/20090316T112900Z\nFREEBUSY:20090317T053000Z/20090317T062900Z\nFREEBUSY:20090317T064500Z/20090317T074400Z\nFREEBUSY:20090317T080000Z/20090317T085900Z\nFREEBUSY:20090317T091500Z/20090317T101400Z\nFREEBUSY:20090318T053000Z/20090318T062900Z\nFREEBUSY:20090318T064500Z/20090318T074400Z\nFREEBUSY:20090318T080000Z/20090318T085900Z\nFREEBUSY:20090318T091500Z/20090318T101400Z\nFREEBUSY:20090318T103000Z/20090318T112900Z\nFREEBUSY:20090319T043000Z/20090319T071400Z\nFREEBUSY:20090319T080000Z/20090319T085900Z\nFREEBUSY:20090319T091500Z/20090319T101400Z\nFREEBUSY:20090319T103000Z/20090319T112900Z\nFREEBUSY:20090320T053000Z/20090320T062900Z\nFREEBUSY:20090320T064500Z/20090320T074400Z\nFREEBUSY:20090320T080000Z/20090320T085900Z\nFREEBUSY:20090320T091500Z/20090320T101400Z\nFREEBUSY:20090320T103000Z/20090320T112900Z\nFREEBUSY:20090324T053000Z/20090324T062900Z\nFREEBUSY:20090324T070000Z/20090324T075900Z\nFREEBUSY:20090324T070000Z/20090324T075900Z\nFREEBUSY:20090324T104500Z/20090324T114400Z\nFREEBUSY:20090325T054500Z/20090325T064400Z\nFREEBUSY:20090325T070000Z/20090325T075900Z\nFREEBUSY:20090325T093000Z/20090325T102900Z\nFREEBUSY:20090325T104500Z/20090325T114400Z\nFREEBUSY:20090326T023000Z/20090326T025900Z\nFREEBUSY:20090326T033000Z/20090326T035900Z\nFREEBUSY:20090326T050000Z/20090326T054400Z\nFREEBUSY:20090326T053000Z/20090326T062900Z\nFREEBUSY:20090326T053000Z/20090326T062900Z\nFREEBUSY:20090326T070000Z/20090326T072900Z\nFREEBUSY:20090326T070000Z/20090326T072900Z\nFREEBUSY:20090326T080000Z/20090326T082900Z\nFREEBUSY:20090326T090000Z/20090326T092900Z\nFREEBUSY:20090326T103000Z/20090326T111400Z\nFREEBUSY:20090327T053000Z/20090327T062900Z\nFREEBUSY:20090327T064500Z/20090327T074400Z\nFREEBUSY:20090327T080000Z/20090327T085900Z\nFREEBUSY:20090327T091500Z/20090327T101400Z\nFREEBUSY:20090327T103000Z/20090327T112900Z\nFREEBUSY:20090330T053000Z/20090330T062900Z\nFREEBUSY:20090330T064500Z/20090330T074400Z\nFREEBUSY:20090330T080000Z/20090330T085900Z\nFREEBUSY:20090330T091500Z/20090330T101400Z\nFREEBUSY:20090330T103000Z/20090330T112900Z\nFREEBUSY:20090331T053000Z/20090331T062900Z\nFREEBUSY:20090331T064500Z/20090331T074400Z\nFREEBUSY:20090331T064500Z/20090331T074400Z\nFREEBUSY:20090331T080000Z/20090331T085900Z\nFREEBUSY:20090331T091500Z/20090331T101400Z\nFREEBUSY:20090331T103000Z/20090331T112900Z\nFREEBUSY:20090401T054500Z/20090401T064400Z\nFREEBUSY:20090401T070000Z/20090401T075900Z\nFREEBUSY:20090401T081500Z/20090401T091400Z\nFREEBUSY:20090401T093000Z/20090401T102900Z\nFREEBUSY:20090401T104500Z/20090401T114400Z\nFREEBUSY:20090402T054500Z/20090402T064400Z\nFREEBUSY:20090402T070000Z/20090402T075900Z\nFREEBUSY:20090402T081500Z/20090402T091400Z\nDTSTAMP:20090428T084200Z\nEND:VFREEBUSY\nEND:VCALENDAR' WHERE ID = '95c96146-d0ce-2090-2390-48205f12e2e9'
Tue Apr 28 14:12:40 2009,911 [18416] INFO SugarCRM - Query Execution Time:0.00065599999999999
Tue Apr 28 14:12:41 2009,221 [17021] INFO SugarCRM - Connect:Resource id #158
Tue Apr 28 14:12:41 2009,221 [17021] INFO SugarCRM - Query:SELECT id, name, symbol, conversion_rate FROM currencies WHERE status = 'Active' and deleted = 0
Tue Apr 28 14:12:41 2009,222 [17021] INFO SugarCRM - Query Execution Time:0.00021000000000002
Tue Apr 28 14:12:41 2009,225 [17021] INFO SugarCRM - Query:SELECT category, name, value FROM config
Tue Apr 28 14:12:41 2009,226 [17021] INFO SugarCRM - Query Execution Time:0.00032299999999999
Tue Apr 28 14:12:41 2009,230 [17021] DEBUG SugarCRM - ****Starting Application for  session 4e0j7f5bicofdgq74ur7nocp20
Tue Apr 28 14:12:41 2009,230 [17021] DEBUG SugarCRM - We have an authenticated user id: 941b05d3-f856-f468-c791-4819568c29c6
Tue Apr 28 14:12:41 2009,230 [17021] DEBUG SugarCRM - We have an authenticated user id: 941b05d3-f856-f468-c791-4819568c29c6
Tue Apr 28 14:12:41 2009,231 [17021] DEBUG SugarCRM - Retrieve User : SELECT users.* , users_cstm.* FROM users   LEFT JOIN users_cstm ON users.id = users_cstm.id_c  WHERE users.id = '941b05d3-f856-f468-c791-4819568c29c6' 
Tue Apr 28 14:12:41 2009,231 [17021] DEBUG SugarCRM - Limit Query:SELECT users.* , users_cstm.* FROM users   LEFT JOIN users_cstm ON users.id = users_cstm.id_c  WHERE users.id = '941b05d3-f856-f468-c791-4819568c29c6'  Start: 0 count: 1
Tue Apr 28 14:12:41 2009,231 [17021] INFO SugarCRM - Query:SELECT users.* , users_cstm.* FROM users   LEFT JOIN users_cstm ON users.id = users_cstm.id_c  WHERE users.id = '941b05d3-f856-f468-c791-4819568c29c6'  LIMIT 0,1
Tue Apr 28 14:12:41 2009,232 [17021] INFO SugarCRM - Query Execution Time:0.000642
Tue Apr 28 14:12:41 2009,234 [17021] DEBUG SugarCRM - In fill_relationships :Usersdefault_team_id_c,default_team_id_c,Default_Team_c,,Users,enum,36,optional,,2007-01-11 12:35:41,0,1,0,0,teams_array,,,
Tue Apr 28 14:12:41 2009,234 [17021] DEBUG SugarCRM - In fill_relationships :Usersio_msg_c,io_msg_c,In_Out_Message_c,,Users,text,254,optional,,2007-01-12 12:32:13,0,0,0,0,,,,
Tue Apr 28 14:12:41 2009,234 [17021] DEBUG SugarCRM - In fill_relationships :Usersio_status_c,io_status_c,In_Out_Status_c,,Users,text,25,optional,Out,2007-01-12 12:32:12,0,0,0,0,,,,
Tue Apr 28 14:12:41 2009,234 [17021] DEBUG SugarCRM - In fill_relationships :Usersshow_all_teams_c,show_all_teams_c,Show_All_Teams_c,,Users,bool,,optional,0,2007-01-11 12:35:41,0,0,0,0,,,,
Tue Apr 28 14:12:41 2009,235 [17021] DEBUG SugarCRM - Additional custom fields :
Tue Apr 28 14:12:41 2009,235 [17021] INFO SugarCRM - Query:SELECT u1.first_name, u1.last_name from users  u1, users  u2 where u1.id = u2.reports_to_id AND u2.id = '941b05d3-f856-f468-c791-4819568c29c6' and u1.deleted=0
Tue Apr 28 14:12:41 2009,235 [17021] INFO SugarCRM - Query Execution Time:0.000357
Tue Apr 28 14:12:41 2009,236 [17021] INFO SugarCRM - Query:SELECT name from suboffice_mast where id = 'a78ff931-938e-48bf-dd9b-480f2ec30174' AND deleted=0
Tue Apr 28 14:12:41 2009,236 [17021] INFO SugarCRM - Query Execution Time:0.000224
Tue Apr 28 14:12:41 2009,236 [17021] INFO SugarCRM - Query:SELECT name from verticals_mast where id = '899c2dde-e9dd-8f85-a0b6-475926ea795a' AND deleted=0
Tue Apr 28 14:12:41 2009,237 [17021] INFO SugarCRM - Query Execution Time:0.00020300000000001
Tue Apr 28 14:12:41 2009,237 [17021] DEBUG SugarCRM - Including module specific hook file for Users
Tue Apr 28 14:12:41 2009,240 [17021] DEBUG SugarCRM - Creating new instance of hook class TeamFormBase without parameters
Tue Apr 28 14:12:41 2009,244 [17021] INFO SugarCRM - Query:SELECT id FROM users WHERE reports_to_id = '941b05d3-f856-f468-c791-4819568c29c6'
Tue Apr 28 14:12:41 2009,256 [17021] INFO SugarCRM - Query Execution Time:0.012383
Tue Apr 28 14:12:41 2009,256 [17021] DEBUG SugarCRM - Team Membership query: SELECT teams.id as team_id
			                FROM team_membership AS tm inner join teams
			                ON (tm.team_id=teams.id AND
			                      tm.user_id = '941b05d3-f856-f468-c791-4819568c29c6' AND
			                      teams.deleted=0 AND tm.deleted=0)
Tue Apr 28 14:12:41 2009,257 [17021] INFO SugarCRM - Query:SELECT teams.id as team_id
			                FROM team_membership AS tm inner join teams
			                ON (tm.team_id=teams.id AND
			                      tm.user_id = '941b05d3-f856-f468-c791-4819568c29c6' AND
			                      teams.deleted=0 AND tm.deleted=0)
Tue Apr 28 14:12:41 2009,257 [17021] INFO SugarCRM - Query Execution Time:0.00032299999999996
Tue Apr 28 14:12:41 2009,257 [17021] INFO SugarCRM - Query:SELECT name FROM teams WHERE id=''
Tue Apr 28 14:12:41 2009,258 [17021] INFO SugarCRM - Query Execution Time:0.000114
Tue Apr 28 14:12:41 2009,258 [17021] DEBUG SugarCRM - Current user is: amisha
Tue Apr 28 14:12:41 2009,258 [17021] DEBUG SugarCRM - Current user is: amisha
Tue Apr 28 14:12:41 2009,258 [17021] DEBUG SugarCRM - array (
  'action' => 'DetailView',
  'module' => 'Meetings',
  'record' => 'c4a3a9a6-1d98-4a7f-8ec9-49f6c142da84',
  'return_module' => 'Meetings',
  'return_action' => 'DetailView',
  'ck_login_id_20' => '941b05d3-f856-f468-c791-4819568c29c6',
  'ck_login_theme_20' => 'Sugar',
  'ck_login_language_20' => 'en_us',
  'showLeftCol' => 'true',
  'PHPSESSID' => '4e0j7f5bicofdgq74ur7nocp20',
)
Tue Apr 28 14:12:41 2009,258 [17021] INFO SugarCRM - In module: Meetings -- About to take action DetailView
Tue Apr 28 14:12:41 2009,258 [17021] DEBUG SugarCRM - in module Meetings -- in DetailView
Tue Apr 28 14:12:41 2009,259 [17021] DEBUG SugarCRM - ----------------------------------------------------------------------------------------------------------------------------------------------
Tue Apr 28 14:12:41 2009,259 [17021] INFO SugarCRM - current page is modules/Meetings/DetailView.php
Tue Apr 28 14:12:41 2009,259 [17021] INFO SugarCRM - current module is Meetings
Tue Apr 28 14:12:41 2009,259 [17021] INFO SugarCRM - Query:SELECT count(*) as the_count FROM config WHERE category='info' AND name='sugar_version' AND value = '4.5.0'
Tue Apr 28 14:12:41 2009,260 [17021] INFO SugarCRM - Query Execution Time:0.00031199999999998
Tue Apr 28 14:12:41 2009,260 [17021] DEBUG SugarCRM - current_language is: en_us
Tue Apr 28 14:12:41 2009,266 [17021] INFO SugarCRM - Found extended language file: en_us.lang.ext.php
Tue Apr 28 14:12:41 2009,267 [17021] INFO SugarCRM - Found custom language file: en_us.lang.php
Tue Apr 28 14:12:41 2009,274 [17021] INFO SugarCRM - Found custom language file: en_us.lang.php
Tue Apr 28 14:12:41 2009,274 [17021] INFO SugarCRM - Found extended language file: en_us.lang.ext.php
Tue Apr 28 14:12:41 2009,276 [17021] DEBUG SugarCRM - ----> BEGIN DETAILVIEW TRACKER <----
Tue Apr 28 14:12:41 2009,311 [17021] DEBUG SugarCRM - Retrieve Meeting : SELECT meetings.* , meetings_cstm.* FROM meetings   LEFT JOIN meetings_cstm ON meetings.id = meetings_cstm.id_c  WHERE meetings.id = 'c4a3a9a6-1d98-4a7f-8ec9-49f6c142da84' 
Tue Apr 28 14:12:41 2009,311 [17021] DEBUG SugarCRM - Limit Query:SELECT meetings.* , meetings_cstm.* FROM meetings   LEFT JOIN meetings_cstm ON meetings.id = meetings_cstm.id_c  WHERE meetings.id = 'c4a3a9a6-1d98-4a7f-8ec9-49f6c142da84'  Start: 0 count: 1
Tue Apr 28 14:12:41 2009,311 [17021] INFO SugarCRM - Query:SELECT meetings.* , meetings_cstm.* FROM meetings   LEFT JOIN meetings_cstm ON meetings.id = meetings_cstm.id_c  WHERE meetings.id = 'c4a3a9a6-1d98-4a7f-8ec9-49f6c142da84'  LIMIT 0,1
Tue Apr 28 14:12:41 2009,312 [17021] INFO SugarCRM - Query Execution Time:0.00084699999999999
Tue Apr 28 14:12:41 2009,315 [17021] DEBUG SugarCRM - In fill_relationships :Meetingsassigned_team_id_c,assigned_team_id_c,Assigned_Team_c,,Meetings,varchar,36,optional,,2008-03-01 04:17:30,0,0,0,0,moduleList,,,
Tue Apr 28 14:12:41 2009,316 [17021] DEBUG SugarCRM - Additional custom fields :
Tue Apr 28 14:12:41 2009,316 [17021] DEBUG SugarCRM - get_user_array query: SELECT users.id, first_name, last_name, user_name from users  WHERE 1=1 AND is_group=0  AND users.deleted=0 ORDER BY user_name ASC
Tue Apr 28 14:12:41 2009,316 [17021] INFO SugarCRM - Query:SELECT users.id, first_name, last_name, user_name from users  WHERE 1=1 AND is_group=0  AND users.deleted=0 ORDER BY user_name ASC
Tue Apr 28 14:12:41 2009,352 [17021] INFO SugarCRM - Query Execution Time:0.035604
Tue Apr 28 14:12:41 2009,430 [17021] INFO SugarCRM - Query:SELECT contacts.first_name, contacts.last_name, contacts.phone_work, contacts.email1, contacts.id , contacts.assigned_user_id contact_name_owner FROM contacts, meetings_contacts WHERE meetings_contacts.contact_id=contacts.id AND meetings_contacts.meeting_id='c4a3a9a6-1d98-4a7f-8ec9-49f6c142da84' AND meetings_contacts.deleted=0 AND contacts.deleted=0
Tue Apr 28 14:12:41 2009,432 [17021] INFO SugarCRM - Query Execution Time:0.001483
Tue Apr 28 14:12:41 2009,432 [17021] INFO SugarCRM - array (
  'first_name' => 'Ashish',
  'last_name' => 'Jain',
  'phone_work' => '01123864661',
  'email1' => NULL,
  'id' => '7eb17bb1-9a87-2ab6-a2ff-48d9c6b6857a',
  'contact_name_owner' => '9478a805-abb2-8f42-bb7e-48109156b36b',
)
Tue Apr 28 14:12:41 2009,436 [17021] INFO SugarCRM - Query:SELECT name  , assigned_user_id parent_name_owner  from accounts where id = '352174b3-69a8-ed1e-7854-48e5b798ae06'
Tue Apr 28 14:12:41 2009,436 [17021] INFO SugarCRM - Query Execution Time:0.00026999999999999
Tue Apr 28 14:12:41 2009,439 [17021] DEBUG SugarCRM - Brands Query :SELECT name  , assigned_user_id parent_name_owner  from brands where id = ''
Tue Apr 28 14:12:41 2009,439 [17021] INFO SugarCRM - Query:SELECT name  , assigned_user_id parent_name_owner  from brands where id = ''
Tue Apr 28 14:12:41 2009,440 [17021] INFO SugarCRM - Query Execution Time:0.00055500000000003
Tue Apr 28 14:12:41 2009,440 [17021] DEBUG SugarCRM - Including module specific hook file for Meetings
Tue Apr 28 14:12:41 2009,441 [17021] DEBUG SugarCRM - Creating new instance of hook class TeamFormBase without parameters
Tue Apr 28 14:12:41 2009,441 [17021] DEBUG SugarCRM - About to call tracker (user_id, module_name, item_id)(941b05d3-f856-f468-c791-4819568c29c6, Meetings, c4a3a9a6-1d98-4a7f-8ec9-49f6c142da84)
Tue Apr 28 14:12:41 2009,441 [17021] INFO SugarCRM - Query:DELETE from tracker WHERE user_id='941b05d3-f856-f468-c791-4819568c29c6' and item_id='c4a3a9a6-1d98-4a7f-8ec9-49f6c142da84'
Tue Apr 28 14:12:41 2009,685 [17021] INFO SugarCRM - Query Execution Time:0.243206
Tue Apr 28 14:12:41 2009,685 [17021] INFO SugarCRM - Track Item View: INSERT into tracker ( user_id, module_name, item_id, item_summary,date_modified) values ('941b05d3-f856-f468-c791-4819568c29c6', 'Meetings', 'c4a3a9a6-1d98-4a7f-8ec9-49f6c142da84', 'Pitched For MIRRORS','2009-04-28 08:42:41')
Tue Apr 28 14:12:41 2009,685 [17021] INFO SugarCRM - Query:INSERT into tracker ( user_id, module_name, item_id, item_summary,date_modified) values ('941b05d3-f856-f468-c791-4819568c29c6', 'Meetings', 'c4a3a9a6-1d98-4a7f-8ec9-49f6c142da84', 'Pitched For MIRRORS','2009-04-28 08:42:41')
Tue Apr 28 14:12:41 2009,686 [17021] INFO SugarCRM - Query Execution Time:0.00049699999999997
Tue Apr 28 14:12:41 2009,686 [17021] DEBUG SugarCRM - About to verify history size: SELECT count(*) from tracker WHERE user_id='941b05d3-f856-f468-c791-4819568c29c6'
Tue Apr 28 14:12:41 2009,686 [17021] INFO SugarCRM - Get One: . |SELECT count(*) from tracker WHERE user_id='941b05d3-f856-f468-c791-4819568c29c6'|
Tue Apr 28 14:12:41 2009,686 [17021] INFO SugarCRM - Query:SELECT count(*) from tracker WHERE user_id='941b05d3-f856-f468-c791-4819568c29c6'
Tue Apr 28 14:12:41 2009,869 [17021] INFO SugarCRM - Query Execution Time:0.182398
Tue Apr 28 14:12:41 2009,869 [17021] DEBUG SugarCRM - history size: (current, max)(11, 10)
Tue Apr 28 14:12:41 2009,869 [17021] DEBUG SugarCRM - About to try and find oldest item:
Tue Apr 28 14:12:41 2009,869 [17021] DEBUG SugarCRM - Limit Query:SELECT tracker.* from tracker WHERE user_id='941b05d3-f856-f468-c791-4819568c29c6' ORDER BY id ASC Start: 1 count: 1
Tue Apr 28 14:12:41 2009,869 [17021] INFO SugarCRM - Query:SELECT tracker.* from tracker WHERE user_id='941b05d3-f856-f468-c791-4819568c29c6' ORDER BY id ASC LIMIT 1,1
Tue Apr 28 14:12:41 2009,942 [17021] INFO SugarCRM - Query Execution Time:0.072584
Tue Apr 28 14:12:41 2009,942 [17021] DEBUG SugarCRM - About to delete oldest item: 
Tue Apr 28 14:12:41 2009,943 [17021] INFO SugarCRM - Query:DELETE from tracker WHERE id='770967'
Tue Apr 28 14:12:41 2009,943 [17021] INFO SugarCRM - Query Execution Time:0.00026499999999996
Tue Apr 28 14:12:41 2009,943 [17021] DEBUG SugarCRM - ----> END DETAILVIEW TRACKER <----
Tue Apr 28 14:12:41 2009,943 [17021] DEBUG SugarCRM - setting cookie ck_login_id_20 to 941b05d3-f856-f468-c791-4819568c29c6
Tue Apr 28 14:12:41 2009,943 [17021] DEBUG SugarCRM - setting cookie ck_login_theme_20 to Sugar
Tue Apr 28 14:12:41 2009,944 [17021] DEBUG SugarCRM - setting cookie ck_login_language_20 to en_us
Tue Apr 28 14:12:41 2009,944 [17021] DEBUG SugarCRM - Current theme is: Sugar
Tue Apr 28 14:12:41 2009,945 [17021] INFO SugarCRM - Query:
				SELECT meetings.id, name,reminder_time, description,location, date_start, time_start,
					CONCAT( date_start, CONCAT(' ', time_start ) ) AS dateTime
				FROM meetings LEFT JOIN meetings_users ON meetings.id = meetings_users.meeting_id
				WHERE meetings_users.user_id ='941b05d3-f856-f468-c791-4819568c29c6'
					AND meetings.reminder_time != -1
					AND meetings_users.deleted != 1
				HAVING dateTime >= '2009-04-28 08:42:41' AND dateTime <= '2009-04-28 09:42:41'
Tue Apr 28 14:12:41 2009,982 [17021] INFO SugarCRM - Query Execution Time:0.036542
Tue Apr 28 14:12:41 2009,982 [17021] INFO SugarCRM - Query:
				SELECT calls.id, name, reminder_time, description, date_start, time_start,
					CONCAT( date_start, CONCAT(' ', time_start) ) AS dateTime
				FROM calls LEFT JOIN calls_users ON calls.id = calls_users.call_id
				WHERE calls_users.user_id ='941b05d3-f856-f468-c791-4819568c29c6'
					AND calls.reminder_time != -1
					AND calls_users.deleted != 1
				HAVING dateTime >= '2009-04-28 08:42:41' AND dateTime <= '2009-04-28 09:42:41'
Tue Apr 28 14:12:41 2009,983 [17021] INFO SugarCRM - Query Execution Time:0.00042900000000001
Tue Apr 28 14:12:41 2009,983 [17021] DEBUG SugarCRM - including headers
Tue Apr 28 14:12:42 2009,005 [17021] DEBUG SugarCRM - Processing many-to-many.
Tue Apr 28 14:12:42 2009,005 [17021] DEBUG SugarCRM - Link Query=SELECT acl_roles.id FROM acl_roles INNER JOIN acl_roles_users ON (acl_roles.id=acl_roles_users.role_id AND acl_roles_users.user_id='941b05d3-f856-f468-c791-4819568c29c6')  WHERE acl_roles_users.deleted=0 AND acl_roles.deleted=0
Tue Apr 28 14:12:42 2009,005 [17021] DEBUG SugarCRM - Finding linked records User: SELECT acl_roles.id FROM acl_roles INNER JOIN acl_roles_users ON (acl_roles.id=acl_roles_users.role_id AND acl_roles_users.user_id='941b05d3-f856-f468-c791-4819568c29c6')  WHERE acl_roles_users.deleted=0 AND acl_roles.deleted=0
Tue Apr 28 14:12:42 2009,005 [17021] INFO SugarCRM - Query:SELECT acl_roles.id FROM acl_roles INNER JOIN acl_roles_users ON (acl_roles.id=acl_roles_users.role_id AND acl_roles_users.user_id='941b05d3-f856-f468-c791-4819568c29c6')  WHERE acl_roles_users.deleted=0 AND acl_roles.deleted=0
Tue Apr 28 14:12:42 2009,006 [17021] INFO SugarCRM - Query Execution Time:0.000281
Tue Apr 28 14:12:42 2009,006 [17021] DEBUG SugarCRM - Retrieve ACLRole : SELECT acl_roles.* FROM acl_roles  WHERE acl_roles.id = '7c1d6949-ced3-1717-ef68-45279b793cda' 
Tue Apr 28 14:12:42 2009,006 [17021] DEBUG SugarCRM - Limit Query:SELECT acl_roles.* FROM acl_roles  WHERE acl_roles.id = '7c1d6949-ced3-1717-ef68-45279b793cda'  Start: 0 count: 1
Tue Apr 28 14:12:42 2009,006 [17021] INFO SugarCRM - Query:SELECT acl_roles.* FROM acl_roles  WHERE acl_roles.id = '7c1d6949-ced3-1717-ef68-45279b793cda'  LIMIT 0,1
Tue Apr 28 14:12:42 2009,006 [17021] INFO SugarCRM - Query Execution Time:0.000126
Tue Apr 28 14:12:42 2009,009 [17021] INFO SugarCRM - Query:SELECT id FROM users WHERE reports_to_id = '941b05d3-f856-f468-c791-4819568c29c6'
Tue Apr 28 14:12:42 2009,015 [17021] INFO SugarCRM - Query Execution Time:0.005953
Tue Apr 28 14:12:42 2009,015 [17021] DEBUG SugarCRM - Team Membership query: SELECT teams.id as team_id
			                FROM team_membership AS tm inner join teams
			                ON (tm.team_id=teams.id AND
			                      tm.user_id = '941b05d3-f856-f468-c791-4819568c29c6' AND
			                      teams.deleted=0 AND tm.deleted=0)
Tue Apr 28 14:12:42 2009,015 [17021] INFO SugarCRM - Query:SELECT teams.id as team_id
			                FROM team_membership AS tm inner join teams
			                ON (tm.team_id=teams.id AND
			                      tm.user_id = '941b05d3-f856-f468-c791-4819568c29c6' AND
			                      teams.deleted=0 AND tm.deleted=0)
Tue Apr 28 14:12:42 2009,015 [17021] INFO SugarCRM - Query Execution Time:0.000213
Tue Apr 28 14:12:42 2009,021 [17021] INFO SugarCRM - Query:SELECT placement,name,id,url from iframes WHERE deleted=0 AND status=1 AND (placement='tab' OR placement='all') AND (type='global' OR (type='personal' AND created_by='941b05d3-f856-f468-c791-4819568c29c6')) ORDER BY iframes.name
Tue Apr 28 14:12:42 2009,021 [17021] INFO SugarCRM - Query Execution Time:0.000302
Tue Apr 28 14:12:42 2009,030 [17021] DEBUG SugarCRM - About to retrieve list: SELECT tracker.* from tracker WHERE user_id='941b05d3-f856-f468-c791-4819568c29c6' ORDER BY id DESC
Tue Apr 28 14:12:42 2009,030 [17021] DEBUG SugarCRM - Limit Query:SELECT tracker.* from tracker WHERE user_id='941b05d3-f856-f468-c791-4819568c29c6' ORDER BY id DESC Start: 0 count: 10
Tue Apr 28 14:12:42 2009,030 [17021] INFO SugarCRM - Query:SELECT tracker.* from tracker WHERE user_id='941b05d3-f856-f468-c791-4819568c29c6' ORDER BY id DESC LIMIT 0,10
Tue Apr 28 14:12:42 2009,211 [17021] INFO SugarCRM - Query Execution Time:0.18059
Tue Apr 28 14:12:42 2009,215 [17021] INFO SugarCRM - Query:SELECT category, name, value FROM config
Tue Apr 28 14:12:42 2009,216 [17021] INFO SugarCRM - Query Execution Time:0.000334
Tue Apr 28 14:12:42 2009,217 [17021] DEBUG SugarCRM - --------->  BEGING INCLUDING REQUESTED PAGE: [modules/Meetings/DetailView.php]  <------------
Tue Apr 28 14:12:42 2009,226 [17021] DEBUG SugarCRM - Retrieve Meeting : SELECT meetings.* , meetings_cstm.* FROM meetings   LEFT JOIN meetings_cstm ON meetings.id = meetings_cstm.id_c  WHERE meetings.id = 'c4a3a9a6-1d98-4a7f-8ec9-49f6c142da84' 
Tue Apr 28 14:12:42 2009,227 [17021] DEBUG SugarCRM - Limit Query:SELECT meetings.* , meetings_cstm.* FROM meetings   LEFT JOIN meetings_cstm ON meetings.id = meetings_cstm.id_c  WHERE meetings.id = 'c4a3a9a6-1d98-4a7f-8ec9-49f6c142da84'  Start: 0 count: 1
Tue Apr 28 14:12:42 2009,227 [17021] INFO SugarCRM - Query:SELECT meetings.* , meetings_cstm.* FROM meetings   LEFT JOIN meetings_cstm ON meetings.id = meetings_cstm.id_c  WHERE meetings.id = 'c4a3a9a6-1d98-4a7f-8ec9-49f6c142da84'  LIMIT 0,1
Tue Apr 28 14:12:42 2009,227 [17021] INFO SugarCRM - Query Execution Time:0.00034499999999998
Tue Apr 28 14:12:42 2009,230 [17021] DEBUG SugarCRM - In fill_relationships :Meetingsassigned_team_id_c,assigned_team_id_c,Assigned_Team_c,,Meetings,varchar,36,optional,,2008-03-01 04:17:30,0,0,0,0,moduleList,,,
Tue Apr 28 14:12:42 2009,230 [17021] DEBUG SugarCRM - Additional custom fields :
Tue Apr 28 14:12:42 2009,230 [17021] INFO SugarCRM - Query:SELECT contacts.first_name, contacts.last_name, contacts.phone_work, contacts.email1, contacts.id , contacts.assigned_user_id contact_name_owner FROM contacts, meetings_contacts WHERE meetings_contacts.contact_id=contacts.id AND meetings_contacts.meeting_id='c4a3a9a6-1d98-4a7f-8ec9-49f6c142da84' AND meetings_contacts.deleted=0 AND contacts.deleted=0
Tue Apr 28 14:12:42 2009,231 [17021] INFO SugarCRM - Query Execution Time:0.00067500000000001
Tue Apr 28 14:12:42 2009,231 [17021] INFO SugarCRM - array (
  'first_name' => 'Ashish',
  'last_name' => 'Jain',
  'phone_work' => '01123864661',
  'email1' => NULL,
  'id' => '7eb17bb1-9a87-2ab6-a2ff-48d9c6b6857a',
  'contact_name_owner' => '9478a805-abb2-8f42-bb7e-48109156b36b',
)
Tue Apr 28 14:12:42 2009,232 [17021] INFO SugarCRM - Query:SELECT name  , assigned_user_id parent_name_owner  from accounts where id = '352174b3-69a8-ed1e-7854-48e5b798ae06'
Tue Apr 28 14:12:42 2009,232 [17021] INFO SugarCRM - Query Execution Time:0.000135
Tue Apr 28 14:12:42 2009,232 [17021] DEBUG SugarCRM - Brands Query :SELECT name  , assigned_user_id parent_name_owner  from brands where id = ''
Tue Apr 28 14:12:42 2009,233 [17021] INFO SugarCRM - Query:SELECT name  , assigned_user_id parent_name_owner  from brands where id = ''
Tue Apr 28 14:12:42 2009,233 [17021] INFO SugarCRM - Query Execution Time:0.000109
Tue Apr 28 14:12:42 2009,233 [17021] DEBUG SugarCRM - Including module specific hook file for Meetings
Tue Apr 28 14:12:42 2009,233 [17021] DEBUG SugarCRM - Creating new instance of hook class TeamFormBase without parameters
Tue Apr 28 14:12:42 2009,234 [17021] INFO SugarCRM - Meeting detail view
Tue Apr 28 14:12:42 2009,257 [17021] DEBUG SugarCRM - Loading Preferences DB amisha
Tue Apr 28 14:12:42 2009,257 [17021] INFO SugarCRM - Query:SELECT contents FROM user_preferences WHERE assigned_user_id='941b05d3-f856-f468-c791-4819568c29c6' AND category = 'Meetings' AND deleted = 0
Tue Apr 28 14:12:42 2009,258 [17021] INFO SugarCRM - Query Execution Time:0.00035400000000002
Tue Apr 28 14:12:42 2009,258 [17021] DEBUG SugarCRM - Loading Preferences DB amisha
Tue Apr 28 14:12:42 2009,258 [17021] INFO SugarCRM - Query:SELECT contents FROM user_preferences WHERE assigned_user_id='941b05d3-f856-f468-c791-4819568c29c6' AND category = 'Meetings:Sales' AND deleted = 0
Tue Apr 28 14:12:42 2009,259 [17021] INFO SugarCRM - Query Execution Time:0.00027099999999997
Tue Apr 28 14:12:42 2009,259 [17021] DEBUG SugarCRM - Loading Preferences DB amisha
Tue Apr 28 14:12:42 2009,259 [17021] INFO SugarCRM - Query:SELECT contents FROM user_preferences WHERE assigned_user_id='941b05d3-f856-f468-c791-4819568c29c6' AND category = 'Meetings:Marketing' AND deleted = 0
Tue Apr 28 14:12:42 2009,260 [17021] INFO SugarCRM - Query Execution Time:0.00026699999999996
Tue Apr 28 14:12:42 2009,260 [17021] DEBUG SugarCRM - Loading Preferences DB amisha
Tue Apr 28 14:12:42 2009,260 [17021] INFO SugarCRM - Query:SELECT contents FROM user_preferences WHERE assigned_user_id='941b05d3-f856-f468-c791-4819568c29c6' AND category = 'Meetings:Support' AND deleted = 0
Tue Apr 28 14:12:42 2009,260 [17021] INFO SugarCRM - Query Execution Time:0.00026599999999999
Tue Apr 28 14:12:42 2009,261 [17021] DEBUG SugarCRM - Loading Preferences DB amisha
Tue Apr 28 14:12:42 2009,261 [17021] INFO SugarCRM - Query:SELECT contents FROM user_preferences WHERE assigned_user_id='941b05d3-f856-f468-c791-4819568c29c6' AND category = 'Meetings:Followup' AND deleted = 0
Tue Apr 28 14:12:42 2009,261 [17021] INFO SugarCRM - Query Execution Time:0.00026700000000002
Tue Apr 28 14:12:42 2009,261 [17021] DEBUG SugarCRM - Loading Preferences DB amisha
Tue Apr 28 14:12:42 2009,262 [17021] INFO SugarCRM - Query:SELECT contents FROM user_preferences WHERE assigned_user_id='941b05d3-f856-f468-c791-4819568c29c6' AND category = 'Meetings:Other' AND deleted = 0
Tue Apr 28 14:12:42 2009,262 [17021] INFO SugarCRM - Query Execution Time:0.00026600000000004
Tue Apr 28 14:12:42 2009,266 [17021] DEBUG SugarCRM - Related field name :contacts
Tue Apr 28 14:12:42 2009,266 [17021] DEBUG SugarCRM - Processing many-to-many.
Tue Apr 28 14:12:42 2009,266 [17021] DEBUG SugarCRM - In userNeedsOwnerOrCreatorship permission :90
Tue Apr 28 14:12:42 2009,268 [17021] DEBUG SugarCRM - process_list_query:  SELECT  contacts.id   , contacts_cstm.*, '                                                                                                                                                                                                                                                              ' m_accept_status_fields , '                                    '  meeting_id , contacts.first_name , contacts.last_name , CONCAT(IFNULL(contacts.first_name,''),' ',IFNULL(contacts.last_name,'')) as name, '                                                                                                                                                                                                                                                              ' account_name , '                                    '  account_id , contacts.email1 , contacts.phone_work , contacts.assigned_user_id  , 'contacts' panel_name  FROM contacts   LEFT JOIN contacts_cstm ON contacts.id = contacts_cstm.id_c  INNER JOIN meetings_contacts ON (contacts.id=meetings_contacts.contact_id AND meetings_contacts.meeting_id='c4a3a9a6-1d98-4a7f-8ec9-49f6c142da84') where (  meetings_contacts.deleted=0 AND contacts.deleted=0) AND contacts.deleted=0 ORDER BY contacts.last_name,contacts.first_name asc
Tue Apr 28 14:12:42 2009,268 [17021] INFO SugarCRM - Query:( SELECT count(*) c FROM contacts  INNER JOIN meetings_contacts ON (contacts.id=meetings_contacts.contact_id AND meetings_contacts.meeting_id='c4a3a9a6-1d98-4a7f-8ec9-49f6c142da84') where (  meetings_contacts.deleted=0 AND contacts.deleted=0) AND contacts.deleted=0 )
Tue Apr 28 14:12:42 2009,269 [17021] INFO SugarCRM - Query Execution Time:0.00055899999999998
Tue Apr 28 14:12:42 2009,269 [17021] DEBUG SugarCRM - Limit Query: SELECT  contacts.id   , contacts_cstm.*, '                                                                                                                                                                                                                                                              ' m_accept_status_fields , '                                    '  meeting_id , contacts.first_name , contacts.last_name , CONCAT(IFNULL(contacts.first_name,''),' ',IFNULL(contacts.last_name,'')) as name, '                                                                                                                                                                                                                                                              ' account_name , '                                    '  account_id , contacts.email1 , contacts.phone_work , contacts.assigned_user_id  , 'contacts' panel_name  FROM contacts   LEFT JOIN contacts_cstm ON contacts.id = contacts_cstm.id_c  INNER JOIN meetings_contacts ON (contacts.id=meetings_contacts.contact_id AND meetings_contacts.meeting_id='c4a3a9a6-1d98-4a7f-8ec9-49f6c142da84') where (  meetings_contacts.deleted=0 AND contacts.deleted=0) AND contacts.deleted=0 ORDER BY contacts.last_name,contacts.first_name asc Start: 0 count: 10
Tue Apr 28 14:12:42 2009,269 [17021] INFO SugarCRM - Query: SELECT  contacts.id   , contacts_cstm.*, '                                                                                                                                                                                                                                                              ' m_accept_status_fields , '                                    '  meeting_id , contacts.first_name , contacts.last_name , CONCAT(IFNULL(contacts.first_name,''),' ',IFNULL(contacts.last_name,'')) as name, '                                                                                                                                                                                                                                                              ' account_name , '                                    '  account_id , contacts.email1 , contacts.phone_work , contacts.assigned_user_id  , 'contacts' panel_name  FROM contacts   LEFT JOIN contacts_cstm ON contacts.id = contacts_cstm.id_c  INNER JOIN meetings_contacts ON (contacts.id=meetings_contacts.contact_id AND meetings_contacts.meeting_id='c4a3a9a6-1d98-4a7f-8ec9-49f6c142da84') where (  meetings_contacts.deleted=0 AND contacts.deleted=0) AND contacts.deleted=0 ORDER BY contacts.last_name,contacts.first_name asc LIMIT 0,10
Tue Apr 28 14:12:42 2009,270 [17021] INFO SugarCRM - Query Execution Time:0.00085500000000005
Tue Apr 28 14:12:42 2009,270 [17021] DEBUG SugarCRM - Found 1 Meetings
Tue Apr 28 14:12:42 2009,271 [17021] INFO SugarCRM - Query: SELECT contacts.id ref_id   , jt0.assigned_user_id m_accept_status_fields_owner, 'Meetings' m_accept_status_fields_mod, jtl0.meeting_id meeting_id, jtl0.id accept_status_id, jtl0.accept_status accept_status_name , accounts.name account_name, jtl1.account_id account_id FROM contacts   LEFT JOIN  meetings_contacts jtl0 ON contacts.id=jtl0.contact_id  AND jtl0.deleted=0
 LEFT JOIN  meetings jt0 ON jt0.id=jtl0.meeting_id AND jt0.deleted=0
 AND jt0.deleted=0  LEFT JOIN  accounts_contacts jtl1 ON contacts.id=jtl1.contact_id  AND jtl1.deleted=0
 LEFT JOIN  accounts accounts ON accounts.id=jtl1.account_id AND accounts.deleted=0
 AND accounts.deleted=0 INNER JOIN meetings_contacts ON (contacts.id=meetings_contacts.contact_id AND meetings_contacts.meeting_id='c4a3a9a6-1d98-4a7f-8ec9-49f6c142da84') where (  meetings_contacts.deleted=0 AND contacts.deleted=0) AND contacts.deleted=0 AND jtl0.meeting_id='c4a3a9a6-1d98-4a7f-8ec9-49f6c142da84'
Tue Apr 28 14:12:42 2009,272 [17021] INFO SugarCRM - Query Execution Time:0.001177
Tue Apr 28 14:12:42 2009,272 [17021] DEBUG SugarCRM - Offsets: (start, previous, next, last)(0, -10, 10, 0)
Tue Apr 28 14:12:42 2009,273 [17021] INFO SugarCRM - Offset (next, current, prev)(10, , -10)
Tue Apr 28 14:12:42 2009,273 [17021] INFO SugarCRM - Start/end records (1, 2)
Tue Apr 28 14:12:42 2009,281 [17021] INFO SugarCRM - Found extended language file: en_us.lang.ext.php
Tue Apr 28 14:12:42 2009,293 [17021] DEBUG SugarCRM - Related field name :users
Tue Apr 28 14:12:42 2009,294 [17021] DEBUG SugarCRM - Processing many-to-many.
Tue Apr 28 14:12:42 2009,295 [17021] DEBUG SugarCRM - process_list_query:  SELECT  users.id   , users_cstm.*, '                                                                                                                                                                                                                                                              ' m_accept_status_fields , '                                    '  meeting_id , users.first_name , users.last_name , CONCAT(IFNULL(users.first_name,''),' ',IFNULL(users.last_name,'')) as name, users.user_name , users.email1 , users.phone_work , users.created_by  , 'users' panel_name  FROM users   LEFT JOIN users_cstm ON users.id = users_cstm.id_c  INNER JOIN meetings_users ON (users.id=meetings_users.user_id AND meetings_users.meeting_id='c4a3a9a6-1d98-4a7f-8ec9-49f6c142da84') where (  meetings_users.deleted=0 AND users.deleted=0) AND users.deleted=0 ORDER BY name asc
Tue Apr 28 14:12:42 2009,295 [17021] INFO SugarCRM - Query:( SELECT count(*) c FROM users  INNER JOIN meetings_users ON (users.id=meetings_users.user_id AND meetings_users.meeting_id='c4a3a9a6-1d98-4a7f-8ec9-49f6c142da84') where (  meetings_users.deleted=0 AND users.deleted=0) AND users.deleted=0 )
Tue Apr 28 14:12:42 2009,296 [17021] INFO SugarCRM - Query Execution Time:0.000361
Tue Apr 28 14:12:42 2009,296 [17021] DEBUG SugarCRM - Limit Query: SELECT  users.id   , users_cstm.*, '                                                                                                                                                                                                                                                              ' m_accept_status_fields , '                                    '  meeting_id , users.first_name , users.last_name , CONCAT(IFNULL(users.first_name,''),' ',IFNULL(users.last_name,'')) as name, users.user_name , users.email1 , users.phone_work , users.created_by  , 'users' panel_name  FROM users   LEFT JOIN users_cstm ON users.id = users_cstm.id_c  INNER JOIN meetings_users ON (users.id=meetings_users.user_id AND meetings_users.meeting_id='c4a3a9a6-1d98-4a7f-8ec9-49f6c142da84') where (  meetings_users.deleted=0 AND users.deleted=0) AND users.deleted=0 ORDER BY name asc Start: 0 count: 10
Tue Apr 28 14:12:42 2009,296 [17021] INFO SugarCRM - Query: SELECT  users.id   , users_cstm.*, '                                                                                                                                                                                                                                                              ' m_accept_status_fields , '                                    '  meeting_id , users.first_name , users.last_name , CONCAT(IFNULL(users.first_name,''),' ',IFNULL(users.last_name,'')) as name, users.user_name , users.email1 , users.phone_work , users.created_by  , 'users' panel_name  FROM users   LEFT JOIN users_cstm ON users.id = users_cstm.id_c  INNER JOIN meetings_users ON (users.id=meetings_users.user_id AND meetings_users.meeting_id='c4a3a9a6-1d98-4a7f-8ec9-49f6c142da84') where (  meetings_users.deleted=0 AND users.deleted=0) AND users.deleted=0 ORDER BY name asc LIMIT 0,10
Tue Apr 28 14:12:42 2009,297 [17021] INFO SugarCRM - Query Execution Time:0.001074
Tue Apr 28 14:12:42 2009,297 [17021] DEBUG SugarCRM - Found 1 Meetings
Tue Apr 28 14:12:42 2009,298 [17021] INFO SugarCRM - Query: SELECT users.id ref_id   , jt0.assigned_user_id m_accept_status_fields_owner, 'Meetings' m_accept_status_fields_mod, jtl0.meeting_id meeting_id, jtl0.id accept_status_id, jtl0.accept_status accept_status_name FROM users   LEFT JOIN  meetings_users jtl0 ON users.id=jtl0.user_id  AND jtl0.deleted=0
 LEFT JOIN  meetings jt0 ON jt0.id=jtl0.meeting_id AND jt0.deleted=0
 AND jt0.deleted=0 INNER JOIN meetings_users ON (users.id=meetings_users.user_id AND meetings_users.meeting_id='c4a3a9a6-1d98-4a7f-8ec9-49f6c142da84') where (  meetings_users.deleted=0 AND users.deleted=0) AND users.deleted=0 AND jtl0.meeting_id='c4a3a9a6-1d98-4a7f-8ec9-49f6c142da84'
Tue Apr 28 14:12:42 2009,299 [17021] INFO SugarCRM - Query Execution Time:0.00063800000000003
Tue Apr 28 14:12:42 2009,299 [17021] DEBUG SugarCRM - Offsets: (start, previous, next, last)(0, -10, 10, 0)
Tue Apr 28 14:12:42 2009,299 [17021] INFO SugarCRM - Offset (next, current, prev)(10, , -10)
Tue Apr 28 14:12:42 2009,299 [17021] INFO SugarCRM - Start/end records (1, 2)
Tue Apr 28 14:12:42 2009,304 [17021] INFO SugarCRM - Found extended language file: en_us.lang.ext.php
Tue Apr 28 14:12:42 2009,308 [17021] DEBUG SugarCRM - Retrieve Meeting : SELECT meetings.* , meetings_cstm.* FROM meetings   LEFT JOIN meetings_cstm ON meetings.id = meetings_cstm.id_c  WHERE meetings.id = 'c4a3a9a6-1d98-4a7f-8ec9-49f6c142da84' 
Tue Apr 28 14:12:42 2009,308 [17021] DEBUG SugarCRM - Limit Query:SELECT meetings.* , meetings_cstm.* FROM meetings   LEFT JOIN meetings_cstm ON meetings.id = meetings_cstm.id_c  WHERE meetings.id = 'c4a3a9a6-1d98-4a7f-8ec9-49f6c142da84'  Start: 0 count: 1
Tue Apr 28 14:12:42 2009,308 [17021] INFO SugarCRM - Query:SELECT meetings.* , meetings_cstm.* FROM meetings   LEFT JOIN meetings_cstm ON meetings.id = meetings_cstm.id_c  WHERE meetings.id = 'c4a3a9a6-1d98-4a7f-8ec9-49f6c142da84'  LIMIT 0,1
Tue Apr 28 14:12:42 2009,309 [17021] INFO SugarCRM - Query Execution Time:0.00026200000000004
Tue Apr 28 14:12:42 2009,311 [17021] DEBUG SugarCRM - In fill_relationships :Meetingsassigned_team_id_c,assigned_team_id_c,Assigned_Team_c,,Meetings,varchar,36,optional,,2008-03-01 04:17:30,0,0,0,0,moduleList,,,
Tue Apr 28 14:12:42 2009,311 [17021] DEBUG SugarCRM - Additional custom fields :
Tue Apr 28 14:12:42 2009,312 [17021] INFO SugarCRM - Query:SELECT contacts.first_name, contacts.last_name, contacts.phone_work, contacts.email1, contacts.id , contacts.assigned_user_id contact_name_owner FROM contacts, meetings_contacts WHERE meetings_contacts.contact_id=contacts.id AND meetings_contacts.meeting_id='c4a3a9a6-1d98-4a7f-8ec9-49f6c142da84' AND meetings_contacts.deleted=0 AND contacts.deleted=0
Tue Apr 28 14:12:42 2009,312 [17021] INFO SugarCRM - Query Execution Time:0.00059799999999999
Tue Apr 28 14:12:42 2009,313 [17021] INFO SugarCRM - array (
  'first_name' => 'Ashish',
  'last_name' => 'Jain',
  'phone_work' => '01123864661',
  'email1' => NULL,
  'id' => '7eb17bb1-9a87-2ab6-a2ff-48d9c6b6857a',
  'contact_name_owner' => '9478a805-abb2-8f42-bb7e-48109156b36b',
)
Tue Apr 28 14:12:42 2009,313 [17021] INFO SugarCRM - Query:SELECT name  , assigned_user_id parent_name_owner  from accounts where id = '352174b3-69a8-ed1e-7854-48e5b798ae06'
Tue Apr 28 14:12:42 2009,313 [17021] INFO SugarCRM - Query Execution Time:0.00012600000000001
Tue Apr 28 14:12:42 2009,314 [17021] DEBUG SugarCRM - Brands Query :SELECT name  , assigned_user_id parent_name_owner  from brands where id = ''
Tue Apr 28 14:12:42 2009,314 [17021] INFO SugarCRM - Query:SELECT name  , assigned_user_id parent_name_owner  from brands where id = ''
Tue Apr 28 14:12:42 2009,314 [17021] INFO SugarCRM - Query Execution Time:0.000108
Tue Apr 28 14:12:42 2009,314 [17021] DEBUG SugarCRM - Including module specific hook file for Meetings
Tue Apr 28 14:12:42 2009,315 [17021] DEBUG SugarCRM - Creating new instance of hook class TeamFormBase without parameters
Tue Apr 28 14:12:42 2009,333 [17021] DEBUG SugarCRM - Related field name :meetings_comments
Tue Apr 28 14:12:42 2009,333 [17021] DEBUG SugarCRM - Processing many-to-many.
Tue Apr 28 14:12:42 2009,334 [17021] DEBUG SugarCRM - In userNeedsOwnerOrCreatorship permission :89
Tue Apr 28 14:12:42 2009,334 [17021] DEBUG SugarCRM - From show_who_has_access :true
Tue Apr 28 14:12:42 2009,334 [17021] DEBUG SugarCRM - Processing many-to-many.
Tue Apr 28 14:12:42 2009,335 [17021] DEBUG SugarCRM - Link Query=SELECT acl_roles.id FROM acl_roles INNER JOIN acl_roles_users ON (acl_roles.id=acl_roles_users.role_id AND acl_roles_users.user_id='941b05d3-f856-f468-c791-4819568c29c6')  WHERE acl_roles_users.deleted=0 AND acl_roles.deleted=0
Tue Apr 28 14:12:42 2009,335 [17021] DEBUG SugarCRM - Finding linked records User: SELECT acl_roles.id FROM acl_roles INNER JOIN acl_roles_users ON (acl_roles.id=acl_roles_users.role_id AND acl_roles_users.user_id='941b05d3-f856-f468-c791-4819568c29c6')  WHERE acl_roles_users.deleted=0 AND acl_roles.deleted=0
Tue Apr 28 14:12:42 2009,335 [17021] INFO SugarCRM - Query:SELECT acl_roles.id FROM acl_roles INNER JOIN acl_roles_users ON (acl_roles.id=acl_roles_users.role_id AND acl_roles_users.user_id='941b05d3-f856-f468-c791-4819568c29c6')  WHERE acl_roles_users.deleted=0 AND acl_roles.deleted=0
Tue Apr 28 14:12:42 2009,335 [17021] INFO SugarCRM - Query Execution Time:0.00023599999999996
Tue Apr 28 14:12:42 2009,335 [17021] DEBUG SugarCRM - Retrieve ACLRole : SELECT acl_roles.* FROM acl_roles  WHERE acl_roles.id = '7c1d6949-ced3-1717-ef68-45279b793cda' 
Tue Apr 28 14:12:42 2009,336 [17021] DEBUG SugarCRM - Limit Query:SELECT acl_roles.* FROM acl_roles  WHERE acl_roles.id = '7c1d6949-ced3-1717-ef68-45279b793cda'  Start: 0 count: 1
Tue Apr 28 14:12:42 2009,336 [17021] INFO SugarCRM - Query:SELECT acl_roles.* FROM acl_roles  WHERE acl_roles.id = '7c1d6949-ced3-1717-ef68-45279b793cda'  LIMIT 0,1
Tue Apr 28 14:12:42 2009,336 [17021] INFO SugarCRM - Query Execution Time:0.00011299999999997
Tue Apr 28 14:12:42 2009,337 [17021] DEBUG SugarCRM - In getUserMyTeam: SELECT DISTINCT a.id, a.user_name from users a INNER JOIN user_reports b ON b.child_id = a.id AND
			b.parent_id ='941b05d3-f856-f468-c791-4819568c29c6' AND a.deleted=0 AND a.status='Active' AND b.deleted=0 UNION ALL SELECT DISTINCT a.id, a.user_name from users a where a.reports_to_id ='941b05d3-f856-f468-c791-4819568c29c6' AND a.deleted=0 AND a.status='Active'
Tue Apr 28 14:12:42 2009,338 [17021] INFO SugarCRM - Query:SELECT DISTINCT a.id, a.user_name from users a INNER JOIN user_reports b ON b.child_id = a.id AND
			b.parent_id ='941b05d3-f856-f468-c791-4819568c29c6' AND a.deleted=0 AND a.status='Active' AND b.deleted=0 UNION ALL SELECT DISTINCT a.id, a.user_name from users a where a.reports_to_id ='941b05d3-f856-f468-c791-4819568c29c6' AND a.deleted=0 AND a.status='Active'
Tue Apr 28 14:12:42 2009,345 [17021] INFO SugarCRM - Query Execution Time:0.0068589999999999
Tue Apr 28 14:12:42 2009,345 [17021] DEBUG SugarCRM - In getUserMyTeamNew: SELECT DISTINCT a.id, a.first_name, a.last_name,a.user_name from users a INNER JOIN user_reports b ON b.child_id = a.id AND
		b.parent_id ='941b05d3-f856-f468-c791-4819568c29c6' AND a.deleted=0 AND a.status='Active' AND b.deleted=0 UNION ALL SELECT DISTINCT a.id, a.first_name, a.last_name,a.user_name from users a where a.reports_to_id ='941b05d3-f856-f468-c791-4819568c29c6' AND a.deleted=0 AND a.status='Active'
Tue Apr 28 14:12:42 2009,345 [17021] INFO SugarCRM - Query:SELECT DISTINCT a.id, a.first_name, a.last_name,a.user_name from users a INNER JOIN user_reports b ON b.child_id = a.id AND
		b.parent_id ='941b05d3-f856-f468-c791-4819568c29c6' AND a.deleted=0 AND a.status='Active' AND b.deleted=0 UNION ALL SELECT DISTINCT a.id, a.first_name, a.last_name,a.user_name from users a where a.reports_to_id ='941b05d3-f856-f468-c791-4819568c29c6' AND a.deleted=0 AND a.status='Active'
Tue Apr 28 14:12:42 2009,352 [17021] INFO SugarCRM - Query Execution Time:0.006821
Tue Apr 28 14:12:42 2009,353 [17021] DEBUG SugarCRM - In get_access_user_list :SELECT access_to_user_id,users.first_name,users.last_name from users_access INNER JOIN users ON users_access.access_to_user_id = users.id where users_access.user_id='941b05d3-f856-f468-c791-4819568c29c6' and access_to_module='Comments' and users_access.deleted = 0
Tue Apr 28 14:12:42 2009,353 [17021] INFO SugarCRM - Query:SELECT access_to_user_id,users.first_name,users.last_name from users_access INNER JOIN users ON users_access.access_to_user_id = users.id where users_access.user_id='941b05d3-f856-f468-c791-4819568c29c6' and access_to_module='Comments' and users_access.deleted = 0
Tue Apr 28 14:12:42 2009,354 [17021] INFO SugarCRM - Query Execution Time:0.00052000000000002
Tue Apr 28 14:12:42 2009,354 [17021] DEBUG SugarCRM - In get_who_has_access_user_list :SELECT user_id,users.first_name,users.last_name from users_access INNER JOIN users ON users_access.user_id = users.id where users_access.access_to_user_id='941b05d3-f856-f468-c791-4819568c29c6' and access_to_module='Comments' and users_access.deleted = 0
Tue Apr 28 14:12:42 2009,355 [17021] INFO SugarCRM - Query:SELECT user_id,users.first_name,users.last_name from users_access INNER JOIN users ON users_access.user_id = users.id where users_access.access_to_user_id='941b05d3-f856-f468-c791-4819568c29c6' and access_to_module='Comments' and users_access.deleted = 0
Tue Apr 28 14:12:42 2009,355 [17021] INFO SugarCRM - Query Execution Time:0.00017400000000001
Tue Apr 28 14:12:42 2009,355 [17021] DEBUG SugarCRM - In SugarBean.php .getMyTeamWhere
Tue Apr 28 14:12:42 2009,356 [17021] DEBUG SugarCRM - Related field name :meetings_reviews
Tue Apr 28 14:12:42 2009,356 [17021] DEBUG SugarCRM - Processing many-to-many.
Tue Apr 28 14:12:42 2009,357 [17021] DEBUG SugarCRM - In userNeedsOwnerOrCreatorship permission :76
Tue Apr 28 14:12:42 2009,357 [17021] DEBUG SugarCRM - In SugarBean.create_new_list_query.owner_or_creator : (reviews.assigned_user_id ='941b05d3-f856-f468-c791-4819568c29c6' OR reviews.created_by = '941b05d3-f856-f468-c791-4819568c29c6') 
Tue Apr 28 14:12:42 2009,358 [17021] DEBUG SugarCRM - Related field name :parent_obj_meetings_calls
Tue Apr 28 14:12:42 2009,358 [17021] DEBUG SugarCRM - Processing many-to-many.
Tue Apr 28 14:12:42 2009,358 [17021] DEBUG SugarCRM - In userNeedsOwnerOrCreatorship permission :89
Tue Apr 28 14:12:42 2009,359 [17021] DEBUG SugarCRM - From show_who_has_access :true
Tue Apr 28 14:12:42 2009,359 [17021] DEBUG SugarCRM - Processing many-to-many.
Tue Apr 28 14:12:42 2009,359 [17021] DEBUG SugarCRM - Link Query=SELECT acl_roles.id FROM acl_roles INNER JOIN acl_roles_users ON (acl_roles.id=acl_roles_users.role_id AND acl_roles_users.user_id='941b05d3-f856-f468-c791-4819568c29c6')  WHERE acl_roles_users.deleted=0 AND acl_roles.deleted=0
Tue Apr 28 14:12:42 2009,359 [17021] DEBUG SugarCRM - Finding linked records User: SELECT acl_roles.id FROM acl_roles INNER JOIN acl_roles_users ON (acl_roles.id=acl_roles_users.role_id AND acl_roles_users.user_id='941b05d3-f856-f468-c791-4819568c29c6')  WHERE acl_roles_users.deleted=0 AND acl_roles.deleted=0
Tue Apr 28 14:12:42 2009,360 [17021] INFO SugarCRM - Query:SELECT acl_roles.id FROM acl_roles INNER JOIN acl_roles_users ON (acl_roles.id=acl_roles_users.role_id AND acl_roles_users.user_id='941b05d3-f856-f468-c791-4819568c29c6')  WHERE acl_roles_users.deleted=0 AND acl_roles.deleted=0
Tue Apr 28 14:12:42 2009,360 [17021] INFO SugarCRM - Query Execution Time:0.00027700000000003
Tue Apr 28 14:12:42 2009,360 [17021] DEBUG SugarCRM - Retrieve ACLRole : SELECT acl_roles.* FROM acl_roles  WHERE acl_roles.id = '7c1d6949-ced3-1717-ef68-45279b793cda' 
Tue Apr 28 14:12:42 2009,360 [17021] DEBUG SugarCRM - Limit Query:SELECT acl_roles.* FROM acl_roles  WHERE acl_roles.id = '7c1d6949-ced3-1717-ef68-45279b793cda'  Start: 0 count: 1
Tue Apr 28 14:12:42 2009,361 [17021] INFO SugarCRM - Query:SELECT acl_roles.* FROM acl_roles  WHERE acl_roles.id = '7c1d6949-ced3-1717-ef68-45279b793cda'  LIMIT 0,1
Tue Apr 28 14:12:42 2009,361 [17021] INFO SugarCRM - Query Execution Time:0.00012499999999999
Tue Apr 28 14:12:42 2009,362 [17021] DEBUG SugarCRM - In getUserMyTeam: SELECT DISTINCT a.id, a.user_name from users a INNER JOIN user_reports b ON b.child_id = a.id AND
			b.parent_id ='941b05d3-f856-f468-c791-4819568c29c6' AND a.deleted=0 AND a.status='Active' AND b.deleted=0 UNION ALL SELECT DISTINCT a.id, a.user_name from users a where a.reports_to_id ='941b05d3-f856-f468-c791-4819568c29c6' AND a.deleted=0 AND a.status='Active'
Tue Apr 28 14:12:42 2009,362 [17021] INFO SugarCRM - Query:SELECT DISTINCT a.id, a.user_name from users a INNER JOIN user_reports b ON b.child_id = a.id AND
			b.parent_id ='941b05d3-f856-f468-c791-4819568c29c6' AND a.deleted=0 AND a.status='Active' AND b.deleted=0 UNION ALL SELECT DISTINCT a.id, a.user_name from users a where a.reports_to_id ='941b05d3-f856-f468-c791-4819568c29c6' AND a.deleted=0 AND a.status='Active'
Tue Apr 28 14:12:42 2009,369 [17021] INFO SugarCRM - Query Execution Time:0.006778
Tue Apr 28 14:12:42 2009,370 [17021] DEBUG SugarCRM - In getUserMyTeamNew: SELECT DISTINCT a.id, a.first_name, a.last_name,a.user_name from users a INNER JOIN user_reports b ON b.child_id = a.id AND
		b.parent_id ='941b05d3-f856-f468-c791-4819568c29c6' AND a.deleted=0 AND a.status='Active' AND b.deleted=0 UNION ALL SELECT DISTINCT a.id, a.first_name, a.last_name,a.user_name from users a where a.reports_to_id ='941b05d3-f856-f468-c791-4819568c29c6' AND a.deleted=0 AND a.status='Active'
Tue Apr 28 14:12:42 2009,370 [17021] INFO SugarCRM - Query:SELECT DISTINCT a.id, a.first_name, a.last_name,a.user_name from users a INNER JOIN user_reports b ON b.child_id = a.id AND
		b.parent_id ='941b05d3-f856-f468-c791-4819568c29c6' AND a.deleted=0 AND a.status='Active' AND b.deleted=0 UNION ALL SELECT DISTINCT a.id, a.first_name, a.last_name,a.user_name from users a where a.reports_to_id ='941b05d3-f856-f468-c791-4819568c29c6' AND a.deleted=0 AND a.status='Active'
Tue Apr 28 14:12:42 2009,377 [17021] INFO SugarCRM - Query Execution Time:0.006769
Tue Apr 28 14:12:42 2009,377 [17021] DEBUG SugarCRM - In get_access_user_list :SELECT access_to_user_id,users.first_name,users.last_name from users_access INNER JOIN users ON users_access.access_to_user_id = users.id where users_access.user_id='941b05d3-f856-f468-c791-4819568c29c6' and access_to_module='Calls' and users_access.deleted = 0
Tue Apr 28 14:12:42 2009,377 [17021] INFO SugarCRM - Query:SELECT access_to_user_id,users.first_name,users.last_name from users_access INNER JOIN users ON users_access.access_to_user_id = users.id where users_access.user_id='941b05d3-f856-f468-c791-4819568c29c6' and access_to_module='Calls' and users_access.deleted = 0
Tue Apr 28 14:12:42 2009,378 [17021] INFO SugarCRM - Query Execution Time:0.00029399999999996
Tue Apr 28 14:12:42 2009,378 [17021] DEBUG SugarCRM - In get_who_has_access_user_list :SELECT user_id,users.first_name,users.last_name from users_access INNER JOIN users ON users_access.user_id = users.id where users_access.access_to_user_id='941b05d3-f856-f468-c791-4819568c29c6' and access_to_module='Calls' and users_access.deleted = 0
Tue Apr 28 14:12:42 2009,378 [17021] INFO SugarCRM - Query:SELECT user_id,users.first_name,users.last_name from users_access INNER JOIN users ON users_access.user_id = users.id where users_access.access_to_user_id='941b05d3-f856-f468-c791-4819568c29c6' and access_to_module='Calls' and users_access.deleted = 0
Tue Apr 28 14:12:42 2009,378 [17021] INFO SugarCRM - Query Execution Time:0.00017100000000003
Tue Apr 28 14:12:42 2009,379 [17021] DEBUG SugarCRM - In SugarBean.php .getMyTeamWhere
Tue Apr 28 14:12:42 2009,380 [17021] DEBUG SugarCRM - Related field name :group_meetings
Tue Apr 28 14:12:42 2009,380 [17021] DEBUG SugarCRM - Processing many-to-many.
Tue Apr 28 14:12:42 2009,381 [17021] DEBUG SugarCRM - In userNeedsOwnerOrCreatorship permission :89
Tue Apr 28 14:12:42 2009,381 [17021] DEBUG SugarCRM - From show_who_has_access :true
Tue Apr 28 14:12:42 2009,381 [17021] DEBUG SugarCRM - Processing many-to-many.
Tue Apr 28 14:12:42 2009,381 [17021] DEBUG SugarCRM - Link Query=SELECT acl_roles.id FROM acl_roles INNER JOIN acl_roles_users ON (acl_roles.id=acl_roles_users.role_id AND acl_roles_users.user_id='941b05d3-f856-f468-c791-4819568c29c6')  WHERE acl_roles_users.deleted=0 AND acl_roles.deleted=0
Tue Apr 28 14:12:42 2009,382 [17021] DEBUG SugarCRM - Finding linked records User: SELECT acl_roles.id FROM acl_roles INNER JOIN acl_roles_users ON (acl_roles.id=acl_roles_users.role_id AND acl_roles_users.user_id='941b05d3-f856-f468-c791-4819568c29c6')  WHERE acl_roles_users.deleted=0 AND acl_roles.deleted=0
Tue Apr 28 14:12:42 2009,382 [17021] INFO SugarCRM - Query:SELECT acl_roles.id FROM acl_roles INNER JOIN acl_roles_users ON (acl_roles.id=acl_roles_users.role_id AND acl_roles_users.user_id='941b05d3-f856-f468-c791-4819568c29c6')  WHERE acl_roles_users.deleted=0 AND acl_roles.deleted=0
Tue Apr 28 14:12:42 2009,382 [17021] INFO SugarCRM - Query Execution Time:0.00028400000000001
Tue Apr 28 14:12:42 2009,382 [17021] DEBUG SugarCRM - Retrieve ACLRole : SELECT acl_roles.* FROM acl_roles  WHERE acl_roles.id = '7c1d6949-ced3-1717-ef68-45279b793cda' 
Tue Apr 28 14:12:42 2009,382 [17021] DEBUG SugarCRM - Limit Query:SELECT acl_roles.* FROM acl_roles  WHERE acl_roles.id = '7c1d6949-ced3-1717-ef68-45279b793cda'  Start: 0 count: 1
Tue Apr 28 14:12:42 2009,383 [17021] INFO SugarCRM - Query:SELECT acl_roles.* FROM acl_roles  WHERE acl_roles.id = '7c1d6949-ced3-1717-ef68-45279b793cda'  LIMIT 0,1
Tue Apr 28 14:12:42 2009,383 [17021] INFO SugarCRM - Query Execution Time:0.00012299999999998
Tue Apr 28 14:12:42 2009,384 [17021] DEBUG SugarCRM - In getUserMyTeam: SELECT DISTINCT a.id, a.user_name from users a INNER JOIN user_reports b ON b.child_id = a.id AND
			b.parent_id ='941b05d3-f856-f468-c791-4819568c29c6' AND a.deleted=0 AND a.status='Active' AND b.deleted=0 UNION ALL SELECT DISTINCT a.id, a.user_name from users a where a.reports_to_id ='941b05d3-f856-f468-c791-4819568c29c6' AND a.deleted=0 AND a.status='Active'
Tue Apr 28 14:12:42 2009,384 [17021] INFO SugarCRM - Query:SELECT DISTINCT a.id, a.user_name from users a INNER JOIN user_reports b ON b.child_id = a.id AND
			b.parent_id ='941b05d3-f856-f468-c791-4819568c29c6' AND a.deleted=0 AND a.status='Active' AND b.deleted=0 UNION ALL SELECT DISTINCT a.id, a.user_name from users a where a.reports_to_id ='941b05d3-f856-f468-c791-4819568c29c6' AND a.deleted=0 AND a.status='Active'
Tue Apr 28 14:12:42 2009,391 [17021] INFO SugarCRM - Query Execution Time:0.006749
Tue Apr 28 14:12:42 2009,392 [17021] DEBUG SugarCRM - In getUserMyTeamNew: SELECT DISTINCT a.id, a.first_name, a.last_name,a.user_name from users a INNER JOIN user_reports b ON b.child_id = a.id AND
		b.parent_id ='941b05d3-f856-f468-c791-4819568c29c6' AND a.deleted=0 AND a.status='Active' AND b.deleted=0 UNION ALL SELECT DISTINCT a.id, a.first_name, a.last_name,a.user_name from users a where a.reports_to_id ='941b05d3-f856-f468-c791-4819568c29c6' AND a.deleted=0 AND a.status='Active'
Tue Apr 28 14:12:42 2009,392 [17021] INFO SugarCRM - Query:SELECT DISTINCT a.id, a.first_name, a.last_name,a.user_name from users a INNER JOIN user_reports b ON b.child_id = a.id AND
		b.parent_id ='941b05d3-f856-f468-c791-4819568c29c6' AND a.deleted=0 AND a.status='Active' AND b.deleted=0 UNION ALL SELECT DISTINCT a.id, a.first_name, a.last_name,a.user_name from users a where a.reports_to_id ='941b05d3-f856-f468-c791-4819568c29c6' AND a.deleted=0 AND a.status='Active'
Tue Apr 28 14:12:42 2009,399 [17021] INFO SugarCRM - Query Execution Time:0.006819
Tue Apr 28 14:12:42 2009,399 [17021] DEBUG SugarCRM - In get_access_user_list :SELECT access_to_user_id,users.first_name,users.last_name from users_access INNER JOIN users ON users_access.access_to_user_id = users.id where users_access.user_id='941b05d3-f856-f468-c791-4819568c29c6' and access_to_module='Meetings' and users_access.deleted = 0
Tue Apr 28 14:12:42 2009,399 [17021] INFO SugarCRM - Query:SELECT access_to_user_id,users.first_name,users.last_name from users_access INNER JOIN users ON users_access.access_to_user_id = users.id where users_access.user_id='941b05d3-f856-f468-c791-4819568c29c6' and access_to_module='Meetings' and users_access.deleted = 0
Tue Apr 28 14:12:42 2009,400 [17021] INFO SugarCRM - Query Execution Time:0.00029100000000004
Tue Apr 28 14:12:42 2009,400 [17021] DEBUG SugarCRM - In get_who_has_access_user_list :SELECT user_id,users.first_name,users.last_name from users_access INNER JOIN users ON users_access.user_id = users.id where users_access.access_to_user_id='941b05d3-f856-f468-c791-4819568c29c6' and access_to_module='Meetings' and users_access.deleted = 0
Tue Apr 28 14:12:42 2009,400 [17021] INFO SugarCRM - Query:SELECT user_id,users.first_name,users.last_name from users_access INNER JOIN users ON users_access.user_id = users.id where users_access.access_to_user_id='941b05d3-f856-f468-c791-4819568c29c6' and access_to_module='Meetings' and users_access.deleted = 0
Tue Apr 28 14:12:42 2009,400 [17021] INFO SugarCRM - Query Execution Time:0.00017
Tue Apr 28 14:12:42 2009,401 [17021] DEBUG SugarCRM - In SugarBean.php .getMyTeamWhere
Tue Apr 28 14:12:42 2009,402 [17021] DEBUG SugarCRM - Related field name :parent_obj_meetings
Tue Apr 28 14:12:42 2009,402 [17021] DEBUG SugarCRM - Processing many-to-many.
Tue Apr 28 14:12:42 2009,403 [17021] DEBUG SugarCRM - In userNeedsOwnerOrCreatorship permission :89
Tue Apr 28 14:12:42 2009,403 [17021] DEBUG SugarCRM - From show_who_has_access :true
Tue Apr 28 14:12:42 2009,403 [17021] DEBUG SugarCRM - Processing many-to-many.
Tue Apr 28 14:12:42 2009,403 [17021] DEBUG SugarCRM - Link Query=SELECT acl_roles.id FROM acl_roles INNER JOIN acl_roles_users ON (acl_roles.id=acl_roles_users.role_id AND acl_roles_users.user_id='941b05d3-f856-f468-c791-4819568c29c6')  WHERE acl_roles_users.deleted=0 AND acl_roles.deleted=0
Tue Apr 28 14:12:42 2009,404 [17021] DEBUG SugarCRM - Finding linked records User: SELECT acl_roles.id FROM acl_roles INNER JOIN acl_roles_users ON (acl_roles.id=acl_roles_users.role_id AND acl_roles_users.user_id='941b05d3-f856-f468-c791-4819568c29c6')  WHERE acl_roles_users.deleted=0 AND acl_roles.deleted=0
Tue Apr 28 14:12:42 2009,404 [17021] INFO SugarCRM - Query:SELECT acl_roles.id FROM acl_roles INNER JOIN acl_roles_users ON (acl_roles.id=acl_roles_users.role_id AND acl_roles_users.user_id='941b05d3-f856-f468-c791-4819568c29c6')  WHERE acl_roles_users.deleted=0 AND acl_roles.deleted=0
Tue Apr 28 14:12:42 2009,404 [17021] INFO SugarCRM - Query Execution Time:0.000276
Tue Apr 28 14:12:42 2009,404 [17021] DEBUG SugarCRM - Retrieve ACLRole : SELECT acl_roles.* FROM acl_roles  WHERE acl_roles.id = '7c1d6949-ced3-1717-ef68-45279b793cda' 
Tue Apr 28 14:12:42 2009,405 [17021] DEBUG SugarCRM - Limit Query:SELECT acl_roles.* FROM acl_roles  WHERE acl_roles.id = '7c1d6949-ced3-1717-ef68-45279b793cda'  Start: 0 count: 1
Tue Apr 28 14:12:42 2009,405 [17021] INFO SugarCRM - Query:SELECT acl_roles.* FROM acl_roles  WHERE acl_roles.id = '7c1d6949-ced3-1717-ef68-45279b793cda'  LIMIT 0,1
Tue Apr 28 14:12:42 2009,405 [17021] INFO SugarCRM - Query Execution Time:0.00012300000000004
Tue Apr 28 14:12:42 2009,406 [17021] DEBUG SugarCRM - In getUserMyTeam: SELECT DISTINCT a.id, a.user_name from users a INNER JOIN user_reports b ON b.child_id = a.id AND
			b.parent_id ='941b05d3-f856-f468-c791-4819568c29c6' AND a.deleted=0 AND a.status='Active' AND b.deleted=0 UNION ALL SELECT DISTINCT a.id, a.user_name from users a where a.reports_to_id ='941b05d3-f856-f468-c791-4819568c29c6' AND a.deleted=0 AND a.status='Active'
Tue Apr 28 14:12:42 2009,407 [17021] INFO SugarCRM - Query:SELECT DISTINCT a.id, a.user_name from users a INNER JOIN user_reports b ON b.child_id = a.id AND
			b.parent_id ='941b05d3-f856-f468-c791-4819568c29c6' AND a.deleted=0 AND a.status='Active' AND b.deleted=0 UNION ALL SELECT DISTINCT a.id, a.user_name from users a where a.reports_to_id ='941b05d3-f856-f468-c791-4819568c29c6' AND a.deleted=0 AND a.status='Active'
Tue Apr 28 14:12:42 2009,414 [17021] INFO SugarCRM - Query Execution Time:0.006799
Tue Apr 28 14:12:42 2009,414 [17021] DEBUG SugarCRM - In getUserMyTeamNew: SELECT DISTINCT a.id, a.first_name, a.last_name,a.user_name from users a INNER JOIN user_reports b ON b.child_id = a.id AND
		b.parent_id ='941b05d3-f856-f468-c791-4819568c29c6' AND a.deleted=0 AND a.status='Active' AND b.deleted=0 UNION ALL SELECT DISTINCT a.id, a.first_name, a.last_name,a.user_name from users a where a.reports_to_id ='941b05d3-f856-f468-c791-4819568c29c6' AND a.deleted=0 AND a.status='Active'
Tue Apr 28 14:12:42 2009,414 [17021] INFO SugarCRM - Query:SELECT DISTINCT a.id, a.first_name, a.last_name,a.user_name from users a INNER JOIN user_reports b ON b.child_id = a.id AND
		b.parent_id ='941b05d3-f856-f468-c791-4819568c29c6' AND a.deleted=0 AND a.status='Active' AND b.deleted=0 UNION ALL SELECT DISTINCT a.id, a.first_name, a.last_name,a.user_name from users a where a.reports_to_id ='941b05d3-f856-f468-c791-4819568c29c6' AND a.deleted=0 AND a.status='Active'
Tue Apr 28 14:12:42 2009,421 [17021] INFO SugarCRM - Query Execution Time:0.006808
Tue Apr 28 14:12:42 2009,421 [17021] DEBUG SugarCRM - In get_access_user_list :SELECT access_to_user_id,users.first_name,users.last_name from users_access INNER JOIN users ON users_access.access_to_user_id = users.id where users_access.user_id='941b05d3-f856-f468-c791-4819568c29c6' and access_to_module='Meetings' and users_access.deleted = 0
Tue Apr 28 14:12:42 2009,421 [17021] INFO SugarCRM - Query:SELECT access_to_user_id,users.first_name,users.last_name from users_access INNER JOIN users ON users_access.access_to_user_id = users.id where users_access.user_id='941b05d3-f856-f468-c791-4819568c29c6' and access_to_module='Meetings' and users_access.deleted = 0
Tue Apr 28 14:12:42 2009,422 [17021] INFO SugarCRM - Query Execution Time:0.00028999999999996
Tue Apr 28 14:12:42 2009,422 [17021] DEBUG SugarCRM - In get_who_has_access_user_list :SELECT user_id,users.first_name,users.last_name from users_access INNER JOIN users ON users_access.user_id = users.id where users_access.access_to_user_id='941b05d3-f856-f468-c791-4819568c29c6' and access_to_module='Meetings' and users_access.deleted = 0
Tue Apr 28 14:12:42 2009,422 [17021] INFO SugarCRM - Query:SELECT user_id,users.first_name,users.last_name from users_access INNER JOIN users ON users_access.user_id = users.id where users_access.access_to_user_id='941b05d3-f856-f468-c791-4819568c29c6' and access_to_module='Meetings' and users_access.deleted = 0
Tue Apr 28 14:12:42 2009,423 [17021] INFO SugarCRM - Query Execution Time:0.00017200000000001
Tue Apr 28 14:12:42 2009,423 [17021] DEBUG SugarCRM - In SugarBean.php .getMyTeamWhere
Tue Apr 28 14:12:42 2009,424 [17021] DEBUG SugarCRM - Related field name :parent_obj_meetings_tasks
Tue Apr 28 14:12:42 2009,424 [17021] DEBUG SugarCRM - Processing many-to-many.
Tue Apr 28 14:12:42 2009,425 [17021] DEBUG SugarCRM - In userNeedsOwnerOrCreatorship permission :89
Tue Apr 28 14:12:42 2009,425 [17021] DEBUG SugarCRM - From show_who_has_access :true
Tue Apr 28 14:12:42 2009,425 [17021] DEBUG SugarCRM - Processing many-to-many.
Tue Apr 28 14:12:42 2009,426 [17021] DEBUG SugarCRM - Link Query=SELECT acl_roles.id FROM acl_roles INNER JOIN acl_roles_users ON (acl_roles.id=acl_roles_users.role_id AND acl_roles_users.user_id='941b05d3-f856-f468-c791-4819568c29c6')  WHERE acl_roles_users.deleted=0 AND acl_roles.deleted=0
Tue Apr 28 14:12:42 2009,426 [17021] DEBUG SugarCRM - Finding linked records User: SELECT acl_roles.id FROM acl_roles INNER JOIN acl_roles_users ON (acl_roles.id=acl_roles_users.role_id AND acl_roles_users.user_id='941b05d3-f856-f468-c791-4819568c29c6')  WHERE acl_roles_users.deleted=0 AND acl_roles.deleted=0
Tue Apr 28 14:12:42 2009,426 [17021] INFO SugarCRM - Query:SELECT acl_roles.id FROM acl_roles INNER JOIN acl_roles_users ON (acl_roles.id=acl_roles_users.role_id AND acl_roles_users.user_id='941b05d3-f856-f468-c791-4819568c29c6')  WHERE acl_roles_users.deleted=0 AND acl_roles.deleted=0
Tue Apr 28 14:12:42 2009,426 [17021] INFO SugarCRM - Query Execution Time:0.000276
Tue Apr 28 14:12:42 2009,427 [17021] DEBUG SugarCRM - Retrieve ACLRole : SELECT acl_roles.* FROM acl_roles  WHERE acl_roles.id = '7c1d6949-ced3-1717-ef68-45279b793cda' 
Tue Apr 28 14:12:42 2009,427 [17021] DEBUG SugarCRM - Limit Query:SELECT acl_roles.* FROM acl_roles  WHERE acl_roles.id = '7c1d6949-ced3-1717-ef68-45279b793cda'  Start: 0 count: 1
Tue Apr 28 14:12:42 2009,427 [17021] INFO SugarCRM - Query:SELECT acl_roles.* FROM acl_roles  WHERE acl_roles.id = '7c1d6949-ced3-1717-ef68-45279b793cda'  LIMIT 0,1
Tue Apr 28 14:12:42 2009,427 [17021] INFO SugarCRM - Query Execution Time:0.00012499999999999
Tue Apr 28 14:12:42 2009,429 [17021] DEBUG SugarCRM - In getUserMyTeam: SELECT DISTINCT a.id, a.user_name from users a INNER JOIN user_reports b ON b.child_id = a.id AND
			b.parent_id ='941b05d3-f856-f468-c791-4819568c29c6' AND a.deleted=0 AND a.status='Active' AND b.deleted=0 UNION ALL SELECT DISTINCT a.id, a.user_name from users a where a.reports_to_id ='941b05d3-f856-f468-c791-4819568c29c6' AND a.deleted=0 AND a.status='Active'
Tue Apr 28 14:12:42 2009,429 [17021] INFO SugarCRM - Query:SELECT DISTINCT a.id, a.user_name from users a INNER JOIN user_reports b ON b.child_id = a.id AND
			b.parent_id ='941b05d3-f856-f468-c791-4819568c29c6' AND a.deleted=0 AND a.status='Active' AND b.deleted=0 UNION ALL SELECT DISTINCT a.id, a.user_name from users a where a.reports_to_id ='941b05d3-f856-f468-c791-4819568c29c6' AND a.deleted=0 AND a.status='Active'
Tue Apr 28 14:12:42 2009,436 [17021] INFO SugarCRM - Query Execution Time:0.006807
Tue Apr 28 14:12:42 2009,436 [17021] DEBUG SugarCRM - In getUserMyTeamNew: SELECT DISTINCT a.id, a.first_name, a.last_name,a.user_name from users a INNER JOIN user_reports b ON b.child_id = a.id AND
		b.parent_id ='941b05d3-f856-f468-c791-4819568c29c6' AND a.deleted=0 AND a.status='Active' AND b.deleted=0 UNION ALL SELECT DISTINCT a.id, a.first_name, a.last_name,a.user_name from users a where a.reports_to_id ='941b05d3-f856-f468-c791-4819568c29c6' AND a.deleted=0 AND a.status='Active'
Tue Apr 28 14:12:42 2009,436 [17021] INFO SugarCRM - Query:SELECT DISTINCT a.id, a.first_name, a.last_name,a.user_name from users a INNER JOIN user_reports b ON b.child_id = a.id AND
		b.parent_id ='941b05d3-f856-f468-c791-4819568c29c6' AND a.deleted=0 AND a.status='Active' AND b.deleted=0 UNION ALL SELECT DISTINCT a.id, a.first_name, a.last_name,a.user_name from users a where a.reports_to_id ='941b05d3-f856-f468-c791-4819568c29c6' AND a.deleted=0 AND a.status='Active'
Tue Apr 28 14:12:42 2009,443 [17021] INFO SugarCRM - Query Execution Time:0.006784
Tue Apr 28 14:12:42 2009,443 [17021] DEBUG SugarCRM - In get_access_user_list :SELECT access_to_user_id,users.first_name,users.last_name from users_access INNER JOIN users ON users_access.access_to_user_id = users.id where users_access.user_id='941b05d3-f856-f468-c791-4819568c29c6' and access_to_module='Tasks' and users_access.deleted = 0
Tue Apr 28 14:12:42 2009,443 [17021] INFO SugarCRM - Query:SELECT access_to_user_id,users.first_name,users.last_name from users_access INNER JOIN users ON users_access.access_to_user_id = users.id where users_access.user_id='941b05d3-f856-f468-c791-4819568c29c6' and access_to_module='Tasks' and users_access.deleted = 0
Tue Apr 28 14:12:42 2009,444 [17021] INFO SugarCRM - Query Execution Time:0.00028400000000001
Tue Apr 28 14:12:42 2009,444 [17021] DEBUG SugarCRM - In get_who_has_access_user_list :SELECT user_id,users.first_name,users.last_name from users_access INNER JOIN users ON users_access.user_id = users.id where users_access.access_to_user_id='941b05d3-f856-f468-c791-4819568c29c6' and access_to_module='Tasks' and users_access.deleted = 0
Tue Apr 28 14:12:42 2009,444 [17021] INFO SugarCRM - Query:SELECT user_id,users.first_name,users.last_name from users_access INNER JOIN users ON users_access.user_id = users.id where users_access.access_to_user_id='941b05d3-f856-f468-c791-4819568c29c6' and access_to_module='Tasks' and users_access.deleted = 0
Tue Apr 28 14:12:42 2009,445 [17021] INFO SugarCRM - Query Execution Time:0.00017100000000003
Tue Apr 28 14:12:42 2009,445 [17021] DEBUG SugarCRM - In SugarBean.php .getMyTeamWhere
Tue Apr 28 14:12:42 2009,446 [17021] DEBUG SugarCRM - Related field name :parent_obj_meetings_emails
Tue Apr 28 14:12:42 2009,446 [17021] DEBUG SugarCRM - Processing many-to-many.
Tue Apr 28 14:12:42 2009,447 [17021] DEBUG SugarCRM - In userNeedsOwnerOrCreatorship permission :89
Tue Apr 28 14:12:42 2009,447 [17021] DEBUG SugarCRM - From show_who_has_access :true
Tue Apr 28 14:12:42 2009,447 [17021] DEBUG SugarCRM - Processing many-to-many.
Tue Apr 28 14:12:42 2009,448 [17021] DEBUG SugarCRM - Link Query=SELECT acl_roles.id FROM acl_roles INNER JOIN acl_roles_users ON (acl_roles.id=acl_roles_users.role_id AND acl_roles_users.user_id='941b05d3-f856-f468-c791-4819568c29c6')  WHERE acl_roles_users.deleted=0 AND acl_roles.deleted=0
Tue Apr 28 14:12:42 2009,448 [17021] DEBUG SugarCRM - Finding linked records User: SELECT acl_roles.id FROM acl_roles INNER JOIN acl_roles_users ON (acl_roles.id=acl_roles_users.role_id AND acl_roles_users.user_id='941b05d3-f856-f468-c791-4819568c29c6')  WHERE acl_roles_users.deleted=0 AND acl_roles.deleted=0
Tue Apr 28 14:12:42 2009,448 [17021] INFO SugarCRM - Query:SELECT acl_roles.id FROM acl_roles INNER JOIN acl_roles_users ON (acl_roles.id=acl_roles_users.role_id AND acl_roles_users.user_id='941b05d3-f856-f468-c791-4819568c29c6')  WHERE acl_roles_users.deleted=0 AND acl_roles.deleted=0
Tue Apr 28 14:12:42 2009,448 [17021] INFO SugarCRM - Query Execution Time:0.00028600000000001
Tue Apr 28 14:12:42 2009,449 [17021] DEBUG SugarCRM - Retrieve ACLRole : SELECT acl_roles.* FROM acl_roles  WHERE acl_roles.id = '7c1d6949-ced3-1717-ef68-45279b793cda' 
Tue Apr 28 14:12:42 2009,449 [17021] DEBUG SugarCRM - Limit Query:SELECT acl_roles.* FROM acl_roles  WHERE acl_roles.id = '7c1d6949-ced3-1717-ef68-45279b793cda'  Start: 0 count: 1
Tue Apr 28 14:12:42 2009,449 [17021] INFO SugarCRM - Query:SELECT acl_roles.* FROM acl_roles  WHERE acl_roles.id = '7c1d6949-ced3-1717-ef68-45279b793cda'  LIMIT 0,1
Tue Apr 28 14:12:42 2009,449 [17021] INFO SugarCRM - Query Execution Time:0.00012599999999996
Tue Apr 28 14:12:42 2009,451 [17021] DEBUG SugarCRM - In getUserMyTeam: SELECT DISTINCT a.id, a.user_name from users a INNER JOIN user_reports b ON b.child_id = a.id AND
			b.parent_id ='941b05d3-f856-f468-c791-4819568c29c6' AND a.deleted=0 AND a.status='Active' AND b.deleted=0 UNION ALL SELECT DISTINCT a.id, a.user_name from users a where a.reports_to_id ='941b05d3-f856-f468-c791-4819568c29c6' AND a.deleted=0 AND a.status='Active'
Tue Apr 28 14:12:42 2009,451 [17021] INFO SugarCRM - Query:SELECT DISTINCT a.id, a.user_name from users a INNER JOIN user_reports b ON b.child_id = a.id AND
			b.parent_id ='941b05d3-f856-f468-c791-4819568c29c6' AND a.deleted=0 AND a.status='Active' AND b.deleted=0 UNION ALL SELECT DISTINCT a.id, a.user_name from users a where a.reports_to_id ='941b05d3-f856-f468-c791-4819568c29c6' AND a.deleted=0 AND a.status='Active'
Tue Apr 28 14:12:42 2009,458 [17021] INFO SugarCRM - Query Execution Time:0.006772
Tue Apr 28 14:12:42 2009,458 [17021] DEBUG SugarCRM - In getUserMyTeamNew: SELECT DISTINCT a.id, a.first_name, a.last_name,a.user_name from users a INNER JOIN user_reports b ON b.child_id = a.id AND
		b.parent_id ='941b05d3-f856-f468-c791-4819568c29c6' AND a.deleted=0 AND a.status='Active' AND b.deleted=0 UNION ALL SELECT DISTINCT a.id, a.first_name, a.last_name,a.user_name from users a where a.reports_to_id ='941b05d3-f856-f468-c791-4819568c29c6' AND a.deleted=0 AND a.status='Active'
Tue Apr 28 14:12:42 2009,458 [17021] INFO SugarCRM - Query:SELECT DISTINCT a.id, a.first_name, a.last_name,a.user_name from users a INNER JOIN user_reports b ON b.child_id = a.id AND
		b.parent_id ='941b05d3-f856-f468-c791-4819568c29c6' AND a.deleted=0 AND a.status='Active' AND b.deleted=0 UNION ALL SELECT DISTINCT a.id, a.first_name, a.last_name,a.user_name from users a where a.reports_to_id ='941b05d3-f856-f468-c791-4819568c29c6' AND a.deleted=0 AND a.status='Active'
Tue Apr 28 14:12:42 2009,465 [17021] INFO SugarCRM - Query Execution Time:0.006789
Tue Apr 28 14:12:42 2009,465 [17021] DEBUG SugarCRM - In get_access_user_list :SELECT access_to_user_id,users.first_name,users.last_name from users_access INNER JOIN users ON users_access.access_to_user_id = users.id where users_access.user_id='941b05d3-f856-f468-c791-4819568c29c6' and access_to_module='Emails' and users_access.deleted = 0
Tue Apr 28 14:12:42 2009,465 [17021] INFO SugarCRM - Query:SELECT access_to_user_id,users.first_name,users.last_name from users_access INNER JOIN users ON users_access.access_to_user_id = users.id where users_access.user_id='941b05d3-f856-f468-c791-4819568c29c6' and access_to_module='Emails' and users_access.deleted = 0
Tue Apr 28 14:12:42 2009,466 [17021] INFO SugarCRM - Query Execution Time:0.00029200000000001
Tue Apr 28 14:12:42 2009,466 [17021] DEBUG SugarCRM - In get_who_has_access_user_list :SELECT user_id,users.first_name,users.last_name from users_access INNER JOIN users ON users_access.user_id = users.id where users_access.access_to_user_id='941b05d3-f856-f468-c791-4819568c29c6' and access_to_module='Emails' and users_access.deleted = 0
Tue Apr 28 14:12:42 2009,466 [17021] INFO SugarCRM - Query:SELECT user_id,users.first_name,users.last_name from users_access INNER JOIN users ON users_access.user_id = users.id where users_access.access_to_user_id='941b05d3-f856-f468-c791-4819568c29c6' and access_to_module='Emails' and users_access.deleted = 0
Tue Apr 28 14:12:42 2009,467 [17021] INFO SugarCRM - Query Execution Time:0.00016900000000003
Tue Apr 28 14:12:42 2009,467 [17021] DEBUG SugarCRM - In SugarBean.php .getMyTeamWhere
Tue Apr 28 14:12:42 2009,468 [17021] DEBUG SugarCRM - Related field name :meetings_calls
Tue Apr 28 14:12:42 2009,468 [17021] DEBUG SugarCRM - Processing many-to-many.
Tue Apr 28 14:12:42 2009,469 [17021] DEBUG SugarCRM - In userNeedsOwnerOrCreatorship permission :89
Tue Apr 28 14:12:42 2009,469 [17021] DEBUG SugarCRM - From show_who_has_access :true
Tue Apr 28 14:12:42 2009,470 [17021] DEBUG SugarCRM - Processing many-to-many.
Tue Apr 28 14:12:42 2009,470 [17021] DEBUG SugarCRM - Link Query=SELECT acl_roles.id FROM acl_roles INNER JOIN acl_roles_users ON (acl_roles.id=acl_roles_users.role_id AND acl_roles_users.user_id='941b05d3-f856-f468-c791-4819568c29c6')  WHERE acl_roles_users.deleted=0 AND acl_roles.deleted=0
Tue Apr 28 14:12:42 2009,470 [17021] DEBUG SugarCRM - Finding linked records User: SELECT acl_roles.id FROM acl_roles INNER JOIN acl_roles_users ON (acl_roles.id=acl_roles_users.role_id AND acl_roles_users.user_id='941b05d3-f856-f468-c791-4819568c29c6')  WHERE acl_roles_users.deleted=0 AND acl_roles.deleted=0
Tue Apr 28 14:12:42 2009,470 [17021] INFO SugarCRM - Query:SELECT acl_roles.id FROM acl_roles INNER JOIN acl_roles_users ON (acl_roles.id=acl_roles_users.role_id AND acl_roles_users.user_id='941b05d3-f856-f468-c791-4819568c29c6')  WHERE acl_roles_users.deleted=0 AND acl_roles.deleted=0
Tue Apr 28 14:12:42 2009,471 [17021] INFO SugarCRM - Query Execution Time:0.00027900000000003
Tue Apr 28 14:12:42 2009,471 [17021] DEBUG SugarCRM - Retrieve ACLRole : SELECT acl_roles.* FROM acl_roles  WHERE acl_roles.id = '7c1d6949-ced3-1717-ef68-45279b793cda' 
Tue Apr 28 14:12:42 2009,471 [17021] DEBUG SugarCRM - Limit Query:SELECT acl_roles.* FROM acl_roles  WHERE acl_roles.id = '7c1d6949-ced3-1717-ef68-45279b793cda'  Start: 0 count: 1
Tue Apr 28 14:12:42 2009,471 [17021] INFO SugarCRM - Query:SELECT acl_roles.* FROM acl_roles  WHERE acl_roles.id = '7c1d6949-ced3-1717-ef68-45279b793cda'  LIMIT 0,1
Tue Apr 28 14:12:42 2009,471 [17021] INFO SugarCRM - Query Execution Time:0.00012299999999998
Tue Apr 28 14:12:42 2009,473 [17021] DEBUG SugarCRM - In getUserMyTeam: SELECT DISTINCT a.id, a.user_name from users a INNER JOIN user_reports b ON b.child_id = a.id AND
			b.parent_id ='941b05d3-f856-f468-c791-4819568c29c6' AND a.deleted=0 AND a.status='Active' AND b.deleted=0 UNION ALL SELECT DISTINCT a.id, a.user_name from users a where a.reports_to_id ='941b05d3-f856-f468-c791-4819568c29c6' AND a.deleted=0 AND a.status='Active'
Tue Apr 28 14:12:42 2009,473 [17021] INFO SugarCRM - Query:SELECT DISTINCT a.id, a.user_name from users a INNER JOIN user_reports b ON b.child_id = a.id AND
			b.parent_id ='941b05d3-f856-f468-c791-4819568c29c6' AND a.deleted=0 AND a.status='Active' AND b.deleted=0 UNION ALL SELECT DISTINCT a.id, a.user_name from users a where a.reports_to_id ='941b05d3-f856-f468-c791-4819568c29c6' AND a.deleted=0 AND a.status='Active'
Tue Apr 28 14:12:42 2009,480 [17021] INFO SugarCRM - Query Execution Time:0.006786
Tue Apr 28 14:12:42 2009,480 [17021] DEBUG SugarCRM - In getUserMyTeamNew: SELECT DISTINCT a.id, a.first_name, a.last_name,a.user_name from users a INNER JOIN user_reports b ON b.child_id = a.id AND
		b.parent_id ='941b05d3-f856-f468-c791-4819568c29c6' AND a.deleted=0 AND a.status='Active' AND b.deleted=0 UNION ALL SELECT DISTINCT a.id, a.first_name, a.last_name,a.user_name from users a where a.reports_to_id ='941b05d3-f856-f468-c791-4819568c29c6' AND a.deleted=0 AND a.status='Active'
Tue Apr 28 14:12:42 2009,480 [17021] INFO SugarCRM - Query:SELECT DISTINCT a.id, a.first_name, a.last_name,a.user_name from users a INNER JOIN user_reports b ON b.child_id = a.id AND
		b.parent_id ='941b05d3-f856-f468-c791-4819568c29c6' AND a.deleted=0 AND a.status='Active' AND b.deleted=0 UNION ALL SELECT DISTINCT a.id, a.first_name, a.last_name,a.user_name from users a where a.reports_to_id ='941b05d3-f856-f468-c791-4819568c29c6' AND a.deleted=0 AND a.status='Active'
Tue Apr 28 14:12:42 2009,487 [17021] INFO SugarCRM - Query Execution Time:0.00681
Tue Apr 28 14:12:42 2009,487 [17021] DEBUG SugarCRM - In get_access_user_list :SELECT access_to_user_id,users.first_name,users.last_name from users_access INNER JOIN users ON users_access.access_to_user_id = users.id where users_access.user_id='941b05d3-f856-f468-c791-4819568c29c6' and access_to_module='Calls' and users_access.deleted = 0
Tue Apr 28 14:12:42 2009,488 [17021] INFO SugarCRM - Query:SELECT access_to_user_id,users.first_name,users.last_name from users_access INNER JOIN users ON users_access.access_to_user_id = users.id where users_access.user_id='941b05d3-f856-f468-c791-4819568c29c6' and access_to_module='Calls' and users_access.deleted = 0
Tue Apr 28 14:12:42 2009,488 [17021] INFO SugarCRM - Query Execution Time:0.00029200000000001
Tue Apr 28 14:12:42 2009,488 [17021] DEBUG SugarCRM - In get_who_has_access_user_list :SELECT user_id,users.first_name,users.last_name from users_access INNER JOIN users ON users_access.user_id = users.id where users_access.access_to_user_id='941b05d3-f856-f468-c791-4819568c29c6' and access_to_module='Calls' and users_access.deleted = 0
Tue Apr 28 14:12:42 2009,489 [17021] INFO SugarCRM - Query:SELECT user_id,users.first_name,users.last_name from users_access INNER JOIN users ON users_access.user_id = users.id where users_access.access_to_user_id='941b05d3-f856-f468-c791-4819568c29c6' and access_to_module='Calls' and users_access.deleted = 0
Tue Apr 28 14:12:42 2009,489 [17021] INFO SugarCRM - Query Execution Time:0.00017200000000001
Tue Apr 28 14:12:42 2009,489 [17021] DEBUG SugarCRM - In SugarBean.php .getMyTeamWhere
Tue Apr 28 14:12:42 2009,490 [17021] DEBUG SugarCRM - Related field name :meetings_meetings
Tue Apr 28 14:12:42 2009,491 [17021] DEBUG SugarCRM - Processing many-to-many.
Tue Apr 28 14:12:42 2009,491 [17021] DEBUG SugarCRM - In userNeedsOwnerOrCreatorship permission :89
Tue Apr 28 14:12:42 2009,491 [17021] DEBUG SugarCRM - From show_who_has_access :true
Tue Apr 28 14:12:42 2009,492 [17021] DEBUG SugarCRM - Processing many-to-many.
Tue Apr 28 14:12:42 2009,492 [17021] DEBUG SugarCRM - Link Query=SELECT acl_roles.id FROM acl_roles INNER JOIN acl_roles_users ON (acl_roles.id=acl_roles_users.role_id AND acl_roles_users.user_id='941b05d3-f856-f468-c791-4819568c29c6')  WHERE acl_roles_users.deleted=0 AND acl_roles.deleted=0
Tue Apr 28 14:12:42 2009,492 [17021] DEBUG SugarCRM - Finding linked records User: SELECT acl_roles.id FROM acl_roles INNER JOIN acl_roles_users ON (acl_roles.id=acl_roles_users.role_id AND acl_roles_users.user_id='941b05d3-f856-f468-c791-4819568c29c6')  WHERE acl_roles_users.deleted=0 AND acl_roles.deleted=0
Tue Apr 28 14:12:42 2009,492 [17021] INFO SugarCRM - Query:SELECT acl_roles.id FROM acl_roles INNER JOIN acl_roles_users ON (acl_roles.id=acl_roles_users.role_id AND acl_roles_users.user_id='941b05d3-f856-f468-c791-4819568c29c6')  WHERE acl_roles_users.deleted=0 AND acl_roles.deleted=0
Tue Apr 28 14:12:42 2009,493 [17021] INFO SugarCRM - Query Execution Time:0.000278
Tue Apr 28 14:12:42 2009,493 [17021] DEBUG SugarCRM - Retrieve ACLRole : SELECT acl_roles.* FROM acl_roles  WHERE acl_roles.id = '7c1d6949-ced3-1717-ef68-45279b793cda' 
Tue Apr 28 14:12:42 2009,493 [17021] DEBUG SugarCRM - Limit Query:SELECT acl_roles.* FROM acl_roles  WHERE acl_roles.id = '7c1d6949-ced3-1717-ef68-45279b793cda'  Start: 0 count: 1
Tue Apr 28 14:12:42 2009,493 [17021] INFO SugarCRM - Query:SELECT acl_roles.* FROM acl_roles  WHERE acl_roles.id = '7c1d6949-ced3-1717-ef68-45279b793cda'  LIMIT 0,1
Tue Apr 28 14:12:42 2009,494 [17021] INFO SugarCRM - Query Execution Time:0.000191
Tue Apr 28 14:12:42 2009,495 [17021] DEBUG SugarCRM - In getUserMyTeam: SELECT DISTINCT a.id, a.user_name from users a INNER JOIN user_reports b ON b.child_id = a.id AND
			b.parent_id ='941b05d3-f856-f468-c791-4819568c29c6' AND a.deleted=0 AND a.status='Active' AND b.deleted=0 UNION ALL SELECT DISTINCT a.id, a.user_name from users a where a.reports_to_id ='941b05d3-f856-f468-c791-4819568c29c6' AND a.deleted=0 AND a.status='Active'
Tue Apr 28 14:12:42 2009,495 [17021] INFO SugarCRM - Query:SELECT DISTINCT a.id, a.user_name from users a INNER JOIN user_reports b ON b.child_id = a.id AND
			b.parent_id ='941b05d3-f856-f468-c791-4819568c29c6' AND a.deleted=0 AND a.status='Active' AND b.deleted=0 UNION ALL SELECT DISTINCT a.id, a.user_name from users a where a.reports_to_id ='941b05d3-f856-f468-c791-4819568c29c6' AND a.deleted=0 AND a.status='Active'
Tue Apr 28 14:12:42 2009,502 [17021] INFO SugarCRM - Query Execution Time:0.006765
Tue Apr 28 14:12:42 2009,502 [17021] DEBUG SugarCRM - In getUserMyTeamNew: SELECT DISTINCT a.id, a.first_name, a.last_name,a.user_name from users a INNER JOIN user_reports b ON b.child_id = a.id AND
		b.parent_id ='941b05d3-f856-f468-c791-4819568c29c6' AND a.deleted=0 AND a.status='Active' AND b.deleted=0 UNION ALL SELECT DISTINCT a.id, a.first_name, a.last_name,a.user_name from users a where a.reports_to_id ='941b05d3-f856-f468-c791-4819568c29c6' AND a.deleted=0 AND a.status='Active'
Tue Apr 28 14:12:42 2009,502 [17021] INFO SugarCRM - Query:SELECT DISTINCT a.id, a.first_name, a.last_name,a.user_name from users a INNER JOIN user_reports b ON b.child_id = a.id AND
		b.parent_id ='941b05d3-f856-f468-c791-4819568c29c6' AND a.deleted=0 AND a.status='Active' AND b.deleted=0 UNION ALL SELECT DISTINCT a.id, a.first_name, a.last_name,a.user_name from users a where a.reports_to_id ='941b05d3-f856-f468-c791-4819568c29c6' AND a.deleted=0 AND a.status='Active'
Tue Apr 28 14:12:42 2009,510 [17021] INFO SugarCRM - Query Execution Time:0.007092
Tue Apr 28 14:12:42 2009,510 [17021] DEBUG SugarCRM - In get_access_user_list :SELECT access_to_user_id,users.first_name,users.last_name from users_access INNER JOIN users ON users_access.access_to_user_id = users.id where users_access.user_id='941b05d3-f856-f468-c791-4819568c29c6' and access_to_module='Meetings' and users_access.deleted = 0
Tue Apr 28 14:12:42 2009,510 [17021] INFO SugarCRM - Query:SELECT access_to_user_id,users.first_name,users.last_name from users_access INNER JOIN users ON users_access.access_to_user_id = users.id where users_access.user_id='941b05d3-f856-f468-c791-4819568c29c6' and access_to_module='Meetings' and users_access.deleted = 0
Tue Apr 28 14:12:42 2009,511 [17021] INFO SugarCRM - Query Execution Time:0.00028900000000009
Tue Apr 28 14:12:42 2009,511 [17021] DEBUG SugarCRM - In get_who_has_access_user_list :SELECT user_id,users.first_name,users.last_name from users_access INNER JOIN users ON users_access.user_id = users.id where users_access.access_to_user_id='941b05d3-f856-f468-c791-4819568c29c6' and access_to_module='Meetings' and users_access.deleted = 0
Tue Apr 28 14:12:42 2009,511 [17021] INFO SugarCRM - Query:SELECT user_id,users.first_name,users.last_name from users_access INNER JOIN users ON users_access.user_id = users.id where users_access.access_to_user_id='941b05d3-f856-f468-c791-4819568c29c6' and access_to_module='Meetings' and users_access.deleted = 0
Tue Apr 28 14:12:42 2009,511 [17021] INFO SugarCRM - Query Execution Time:0.00016900000000009
Tue Apr 28 14:12:42 2009,512 [17021] DEBUG SugarCRM - In SugarBean.php .getMyTeamWhere
Tue Apr 28 14:12:42 2009,513 [17021] DEBUG SugarCRM - Related field name :meetings_tasks
Tue Apr 28 14:12:42 2009,513 [17021] DEBUG SugarCRM - Processing many-to-many.
Tue Apr 28 14:12:42 2009,514 [17021] DEBUG SugarCRM - In userNeedsOwnerOrCreatorship permission :89
Tue Apr 28 14:12:42 2009,514 [17021] DEBUG SugarCRM - From show_who_has_access :true
Tue Apr 28 14:12:42 2009,514 [17021] DEBUG SugarCRM - Processing many-to-many.
Tue Apr 28 14:12:42 2009,514 [17021] DEBUG SugarCRM - Link Query=SELECT acl_roles.id FROM acl_roles INNER JOIN acl_roles_users ON (acl_roles.id=acl_roles_users.role_id AND acl_roles_users.user_id='941b05d3-f856-f468-c791-4819568c29c6')  WHERE acl_roles_users.deleted=0 AND acl_roles.deleted=0
Tue Apr 28 14:12:42 2009,514 [17021] DEBUG SugarCRM - Finding linked records User: SELECT acl_roles.id FROM acl_roles INNER JOIN acl_roles_users ON (acl_roles.id=acl_roles_users.role_id AND acl_roles_users.user_id='941b05d3-f856-f468-c791-4819568c29c6')  WHERE acl_roles_users.deleted=0 AND acl_roles.deleted=0
Tue Apr 28 14:12:42 2009,515 [17021] INFO SugarCRM - Query:SELECT acl_roles.id FROM acl_roles INNER JOIN acl_roles_users ON (acl_roles.id=acl_roles_users.role_id AND acl_roles_users.user_id='941b05d3-f856-f468-c791-4819568c29c6')  WHERE acl_roles_users.deleted=0 AND acl_roles.deleted=0
Tue Apr 28 14:12:42 2009,515 [17021] INFO SugarCRM - Query Execution Time:0.00028299999999992
Tue Apr 28 14:12:42 2009,515 [17021] DEBUG SugarCRM - Retrieve ACLRole : SELECT acl_roles.* FROM acl_roles  WHERE acl_roles.id = '7c1d6949-ced3-1717-ef68-45279b793cda' 
Tue Apr 28 14:12:42 2009,515 [17021] DEBUG SugarCRM - Limit Query:SELECT acl_roles.* FROM acl_roles  WHERE acl_roles.id = '7c1d6949-ced3-1717-ef68-45279b793cda'  Start: 0 count: 1
Tue Apr 28 14:12:42 2009,516 [17021] INFO SugarCRM - Query:SELECT acl_roles.* FROM acl_roles  WHERE acl_roles.id = '7c1d6949-ced3-1717-ef68-45279b793cda'  LIMIT 0,1
Tue Apr 28 14:12:42 2009,516 [17021] INFO SugarCRM - Query Execution Time:0.00012299999999998
Tue Apr 28 14:12:42 2009,517 [17021] DEBUG SugarCRM - In getUserMyTeam: SELECT DISTINCT a.id, a.user_name from users a INNER JOIN user_reports b ON b.child_id = a.id AND
			b.parent_id ='941b05d3-f856-f468-c791-4819568c29c6' AND a.deleted=0 AND a.status='Active' AND b.deleted=0 UNION ALL SELECT DISTINCT a.id, a.user_name from users a where a.reports_to_id ='941b05d3-f856-f468-c791-4819568c29c6' AND a.deleted=0 AND a.status='Active'
Tue Apr 28 14:12:42 2009,517 [17021] INFO SugarCRM - Query:SELECT DISTINCT a.id, a.user_name from users a INNER JOIN user_reports b ON b.child_id = a.id AND
			b.parent_id ='941b05d3-f856-f468-c791-4819568c29c6' AND a.deleted=0 AND a.status='Active' AND b.deleted=0 UNION ALL SELECT DISTINCT a.id, a.user_name from users a where a.reports_to_id ='941b05d3-f856-f468-c791-4819568c29c6' AND a.deleted=0 AND a.status='Active'
Tue Apr 28 14:12:42 2009,524 [17021] INFO SugarCRM - Query Execution Time:0.0067659999999999
Tue Apr 28 14:12:42 2009,525 [17021] DEBUG SugarCRM - In getUserMyTeamNew: SELECT DISTINCT a.id, a.first_name, a.last_name,a.user_name from users a INNER JOIN user_reports b ON b.child_id = a.id AND
		b.parent_id ='941b05d3-f856-f468-c791-4819568c29c6' AND a.deleted=0 AND a.status='Active' AND b.deleted=0 UNION ALL SELECT DISTINCT a.id, a.first_name, a.last_name,a.user_name from users a where a.reports_to_id ='941b05d3-f856-f468-c791-4819568c29c6' AND a.deleted=0 AND a.status='Active'
Tue Apr 28 14:12:42 2009,525 [17021] INFO SugarCRM - Query:SELECT DISTINCT a.id, a.first_name, a.last_name,a.user_name from users a INNER JOIN user_reports b ON b.child_id = a.id AND
		b.parent_id ='941b05d3-f856-f468-c791-4819568c29c6' AND a.deleted=0 AND a.status='Active' AND b.deleted=0 UNION ALL SELECT DISTINCT a.id, a.first_name, a.last_name,a.user_name from users a where a.reports_to_id ='941b05d3-f856-f468-c791-4819568c29c6' AND a.deleted=0 AND a.status='Active'
Tue Apr 28 14:12:42 2009,532 [17021] INFO SugarCRM - Query Execution Time:0.006848
Tue Apr 28 14:12:42 2009,532 [17021] DEBUG SugarCRM - In get_access_user_list :SELECT access_to_user_id,users.first_name,users.last_name from users_access INNER JOIN users ON users_access.access_to_user_id = users.id where users_access.user_id='941b05d3-f856-f468-c791-4819568c29c6' and access_to_module='Tasks' and users_access.deleted = 0
Tue Apr 28 14:12:42 2009,532 [17021] INFO SugarCRM - Query:SELECT access_to_user_id,users.first_name,users.last_name from users_access INNER JOIN users ON users_access.access_to_user_id = users.id where users_access.user_id='941b05d3-f856-f468-c791-4819568c29c6' and access_to_module='Tasks' and users_access.deleted = 0
Tue Apr 28 14:12:42 2009,533 [17021] INFO SugarCRM - Query Execution Time:0.00029200000000007
Tue Apr 28 14:12:42 2009,533 [17021] DEBUG SugarCRM - In get_who_has_access_user_list :SELECT user_id,users.first_name,users.last_name from users_access INNER JOIN users ON users_access.user_id = users.id where users_access.access_to_user_id='941b05d3-f856-f468-c791-4819568c29c6' and access_to_module='Tasks' and users_access.deleted = 0
Tue Apr 28 14:12:42 2009,533 [17021] INFO SugarCRM - Query:SELECT user_id,users.first_name,users.last_name from users_access INNER JOIN users ON users_access.user_id = users.id where users_access.access_to_user_id='941b05d3-f856-f468-c791-4819568c29c6' and access_to_module='Tasks' and users_access.deleted = 0
Tue Apr 28 14:12:42 2009,533 [17021] INFO SugarCRM - Query Execution Time:0.00017400000000001
Tue Apr 28 14:12:42 2009,534 [17021] DEBUG SugarCRM - In SugarBean.php .getMyTeamWhere
Tue Apr 28 14:12:42 2009,535 [17021] DEBUG SugarCRM - Related field name :meetings_emails
Tue Apr 28 14:12:42 2009,535 [17021] DEBUG SugarCRM - Processing many-to-many.
Tue Apr 28 14:12:42 2009,536 [17021] DEBUG SugarCRM - In userNeedsOwnerOrCreatorship permission :89
Tue Apr 28 14:12:42 2009,536 [17021] DEBUG SugarCRM - From show_who_has_access :true
Tue Apr 28 14:12:42 2009,536 [17021] DEBUG SugarCRM - Processing many-to-many.
Tue Apr 28 14:12:42 2009,536 [17021] DEBUG SugarCRM - Link Query=SELECT acl_roles.id FROM acl_roles INNER JOIN acl_roles_users ON (acl_roles.id=acl_roles_users.role_id AND acl_roles_users.user_id='941b05d3-f856-f468-c791-4819568c29c6')  WHERE acl_roles_users.deleted=0 AND acl_roles.deleted=0
Tue Apr 28 14:12:42 2009,537 [17021] DEBUG SugarCRM - Finding linked records User: SELECT acl_roles.id FROM acl_roles INNER JOIN acl_roles_users ON (acl_roles.id=acl_roles_users.role_id AND acl_roles_users.user_id='941b05d3-f856-f468-c791-4819568c29c6')  WHERE acl_roles_users.deleted=0 AND acl_roles.deleted=0
Tue Apr 28 14:12:42 2009,537 [17021] INFO SugarCRM - Query:SELECT acl_roles.id FROM acl_roles INNER JOIN acl_roles_users ON (acl_roles.id=acl_roles_users.role_id AND acl_roles_users.user_id='941b05d3-f856-f468-c791-4819568c29c6')  WHERE acl_roles_users.deleted=0 AND acl_roles.deleted=0
Tue Apr 28 14:12:42 2009,537 [17021] INFO SugarCRM - Query Execution Time:0.000278
Tue Apr 28 14:12:42 2009,537 [17021] DEBUG SugarCRM - Retrieve ACLRole : SELECT acl_roles.* FROM acl_roles  WHERE acl_roles.id = '7c1d6949-ced3-1717-ef68-45279b793cda' 
Tue Apr 28 14:12:42 2009,538 [17021] DEBUG SugarCRM - Limit Query:SELECT acl_roles.* FROM acl_roles  WHERE acl_roles.id = '7c1d6949-ced3-1717-ef68-45279b793cda'  Start: 0 count: 1
Tue Apr 28 14:12:42 2009,538 [17021] INFO SugarCRM - Query:SELECT acl_roles.* FROM acl_roles  WHERE acl_roles.id = '7c1d6949-ced3-1717-ef68-45279b793cda'  LIMIT 0,1
Tue Apr 28 14:12:42 2009,538 [17021] INFO SugarCRM - Query Execution Time:0.00012499999999993
Tue Apr 28 14:12:42 2009,539 [17021] DEBUG SugarCRM - In getUserMyTeam: SELECT DISTINCT a.id, a.user_name from users a INNER JOIN user_reports b ON b.child_id = a.id AND
			b.parent_id ='941b05d3-f856-f468-c791-4819568c29c6' AND a.deleted=0 AND a.status='Active' AND b.deleted=0 UNION ALL SELECT DISTINCT a.id, a.user_name from users a where a.reports_to_id ='941b05d3-f856-f468-c791-4819568c29c6' AND a.deleted=0 AND a.status='Active'
Tue Apr 28 14:12:42 2009,540 [17021] INFO SugarCRM - Query:SELECT DISTINCT a.id, a.user_name from users a INNER JOIN user_reports b ON b.child_id = a.id AND
			b.parent_id ='941b05d3-f856-f468-c791-4819568c29c6' AND a.deleted=0 AND a.status='Active' AND b.deleted=0 UNION ALL SELECT DISTINCT a.id, a.user_name from users a where a.reports_to_id ='941b05d3-f856-f468-c791-4819568c29c6' AND a.deleted=0 AND a.status='Active'
Tue Apr 28 14:12:42 2009,546 [17021] INFO SugarCRM - Query Execution Time:0.006738
Tue Apr 28 14:12:42 2009,547 [17021] DEBUG SugarCRM - In getUserMyTeamNew: SELECT DISTINCT a.id, a.first_name, a.last_name,a.user_name from users a INNER JOIN user_reports b ON b.child_id = a.id AND
		b.parent_id ='941b05d3-f856-f468-c791-4819568c29c6' AND a.deleted=0 AND a.status='Active' AND b.deleted=0 UNION ALL SELECT DISTINCT a.id, a.first_name, a.last_name,a.user_name from users a where a.reports_to_id ='941b05d3-f856-f468-c791-4819568c29c6' AND a.deleted=0 AND a.status='Active'
Tue Apr 28 14:12:42 2009,547 [17021] INFO SugarCRM - Query:SELECT DISTINCT a.id, a.first_name, a.last_name,a.user_name from users a INNER JOIN user_reports b ON b.child_id = a.id AND
		b.parent_id ='941b05d3-f856-f468-c791-4819568c29c6' AND a.deleted=0 AND a.status='Active' AND b.deleted=0 UNION ALL SELECT DISTINCT a.id, a.first_name, a.last_name,a.user_name from users a where a.reports_to_id ='941b05d3-f856-f468-c791-4819568c29c6' AND a.deleted=0 AND a.status='Active'
Tue Apr 28 14:12:42 2009,554 [17021] INFO SugarCRM - Query Execution Time:0.006788
Tue Apr 28 14:12:42 2009,554 [17021] DEBUG SugarCRM - In get_access_user_list :SELECT access_to_user_id,users.first_name,users.last_name from users_access INNER JOIN users ON users_access.access_to_user_id = users.id where users_access.user_id='941b05d3-f856-f468-c791-4819568c29c6' and access_to_module='Emails' and users_access.deleted = 0
Tue Apr 28 14:12:42 2009,554 [17021] INFO SugarCRM - Query:SELECT access_to_user_id,users.first_name,users.last_name from users_access INNER JOIN users ON users_access.access_to_user_id = users.id where users_access.user_id='941b05d3-f856-f468-c791-4819568c29c6' and access_to_module='Emails' and users_access.deleted = 0
Tue Apr 28 14:12:42 2009,555 [17021] INFO SugarCRM - Query Execution Time:0.00028499999999998
Tue Apr 28 14:12:42 2009,555 [17021] DEBUG SugarCRM - In get_who_has_access_user_list :SELECT user_id,users.first_name,users.last_name from users_access INNER JOIN users ON users_access.user_id = users.id where users_access.access_to_user_id='941b05d3-f856-f468-c791-4819568c29c6' and access_to_module='Emails' and users_access.deleted = 0
Tue Apr 28 14:12:42 2009,555 [17021] INFO SugarCRM - Query:SELECT user_id,users.first_name,users.last_name from users_access INNER JOIN users ON users_access.user_id = users.id where users_access.access_to_user_id='941b05d3-f856-f468-c791-4819568c29c6' and access_to_module='Emails' and users_access.deleted = 0
Tue Apr 28 14:12:42 2009,555 [17021] INFO SugarCRM - Query Execution Time:0.00016800000000006
Tue Apr 28 14:12:42 2009,556 [17021] DEBUG SugarCRM - In SugarBean.php .getMyTeamWhere
Tue Apr 28 14:12:42 2009,557 [17021] DEBUG SugarCRM - process_list_query: (  SELECT  comments.id , comments.name , comments.status , '                                                                                                                                                                                                                                                              ' contact_name , '                                                                                                                                                                                                                                                              ' contact_id , '                                                                                                                                                                                                                                                              ' contact_name_owner , '                                                                                                                                                                                                                                                              ' contact_name_mod , comments.date_modified  , jt0.user_name assigned_user_name , jt0.created_by assigned_user_name_owner  , 'Users' assigned_user_name_mod, '                                                                                                                                                                                                                                                              ' filename , comments.assigned_user_id  , 'meetings_comments' panel_name  FROM comments   LEFT JOIN  users jt0 ON
jt0.id= comments.assigned_user_id AND jt0.deleted=0
 AND jt0.deleted=0 INNER JOIN assoc_activity ON (comments.id=assoc_activity.child_id AND assoc_activity.parent_id='c4a3a9a6-1d98-4a7f-8ec9-49f6c142da84' AND assoc_activity.relation_type='Comments') where (  assoc_activity.deleted=0 AND comments.deleted=0 AND  comments.assigned_user_id IN ('941b05d3-f856-f468-c791-4819568c29c6')) AND comments.deleted=0 ) UNION ALL (  SELECT  reviews.id , reviews.name , reviews.status , '                                                                                                                                                                                                                                                              ' contact_name , '                                                                                                                                                                                                                                                              ' contact_id , '                                                                                                                                                                                                                                                              ' contact_name_owner , '                                                                                                                                                                                                                                                              ' contact_name_mod , reviews.date_modified  , jt0.user_name assigned_user_name , jt0.created_by assigned_user_name_owner  , 'Users' assigned_user_name_mod, '                                                                                                                                                                                                                                                              ' filename , reviews.assigned_user_id  , 'meetings_reviews' panel_name  FROM reviews   LEFT JOIN  users jt0 ON
jt0.id= reviews.assigned_user_id AND jt0.deleted=0
 AND jt0.deleted=0 INNER JOIN assoc_activity ON (reviews.id=assoc_activity.child_id AND assoc_activity.parent_id='c4a3a9a6-1d98-4a7f-8ec9-49f6c142da84' AND assoc_activity.relation_type='Reviews') where (  assoc_activity.deleted=0 AND reviews.deleted=0 AND  (reviews.assigned_user_id ='941b05d3-f856-f468-c791-4819568c29c6' OR reviews.created_by = '941b05d3-f856-f468-c791-4819568c29c6') ) AND reviews.deleted=0 ) UNION ALL (  SELECT  calls.id , calls.name , calls.status , '                                                                                                                                                                                                                                                              ' contact_name , '                                    '  contact_id , '                                                                                                                                                                                                                                                              ' contact_name_owner , '                                                                                                                                                                                                                                                              ' contact_name_mod , calls.date_modified  , jt1.user_name assigned_user_name , jt1.created_by assigned_user_name_owner  , 'Users' assigned_user_name_mod, '                                                                                                                                                                                                                                                              ' filename , calls.assigned_user_id  , 'parent_obj_meetings_calls' panel_name  FROM calls   LEFT JOIN  users jt1 ON
jt1.id= calls.assigned_user_id AND jt1.deleted=0
 AND jt1.deleted=0 INNER JOIN assoc_activity ON (calls.id=assoc_activity.parent_id AND assoc_activity.child_id='c4a3a9a6-1d98-4a7f-8ec9-49f6c142da84' AND assoc_activity.relation_type='Meetings') where (  assoc_activity.deleted=0 AND calls.deleted=0 AND  calls.assigned_user_id IN ('941b05d3-f856-f468-c791-4819568c29c6')) AND calls.deleted=0 ) UNION ALL (  SELECT  meetings.id , meetings.name , meetings.status , '                                                                                                                                                                                                                                                              ' contact_name , '                                    '  contact_id , '                                                                                                                                                                                                                                                              ' contact_name_owner , '                                                                                                                                                                                                                                                              ' contact_name_mod , meetings.date_modified  , jt1.user_name assigned_user_name , jt1.created_by assigned_user_name_owner  , 'Users' assigned_user_name_mod, '                                                                                                                                                                                                                                                              ' filename , meetings.assigned_user_id  , 'group_meetings' panel_name  FROM meetings   LEFT JOIN  users jt1 ON
jt1.id= meetings.assigned_user_id AND jt1.deleted=0
 AND jt1.deleted=0 INNER JOIN meetings_group_meetings ON (meetings.id=meetings_group_meetings.meeting_id AND meetings_group_meetings.group_meeting_id='c4a3a9a6-1d98-4a7f-8ec9-49f6c142da84') where (  meetings_group_meetings.deleted=0 AND meetings.deleted=0 AND  meetings.assigned_user_id IN ('941b05d3-f856-f468-c791-4819568c29c6')) AND meetings.deleted=0 ) UNION ALL (  SELECT  meetings.id , meetings.name , meetings.status , '                                                                                                                                                                                                                                                              ' contact_name , '                                    '  contact_id , '                                                                                                                                                                                                                                                              ' contact_name_owner , '                                                                                                                                                                                                                                                              ' contact_name_mod , meetings.date_modified  , jt1.user_name assigned_user_name , jt1.created_by assigned_user_name_owner  , 'Users' assigned_user_name_mod, '                                                                                                                                                                                                                                                              ' filename , meetings.assigned_user_id  , 'parent_obj_meetings' panel_name  FROM meetings   LEFT JOIN  users jt1 ON
jt1.id= meetings.assigned_user_id AND jt1.deleted=0
 AND jt1.deleted=0 INNER JOIN assoc_activity ON (meetings.id=assoc_activity.parent_id AND assoc_activity.child_id='c4a3a9a6-1d98-4a7f-8ec9-49f6c142da84' AND relation_type='Meetings') where (  assoc_activity.deleted=0 AND meetings.deleted=0 AND  meetings.assigned_user_id IN ('941b05d3-f856-f468-c791-4819568c29c6')) AND meetings.deleted=0 ) UNION ALL (  SELECT  tasks.id , tasks.name , tasks.status  , CONCAT(IFNULL(contacts.first_name,''),' ',IFNULL(contacts.last_name,'')) contact_name , tasks.contact_id  , contacts.assigned_user_id contact_name_owner  , 'Contacts' contact_name_mod, tasks.date_modified  , jt1.user_name assigned_user_name , jt1.created_by assigned_user_name_owner  , 'Users' assigned_user_name_mod, '                                                                                                                                                                                                                                                              ' filename , tasks.assigned_user_id  , 'parent_obj_meetings_tasks' panel_name  FROM tasks   LEFT JOIN  contacts contacts ON
contacts.id= tasks.contact_id AND contacts.deleted=0
 AND contacts.deleted=0  LEFT JOIN  users jt1 ON
jt1.id= tasks.assigned_user_id AND jt1.deleted=0
 AND jt1.deleted=0 INNER JOIN assoc_activity ON (tasks.id=assoc_activity.parent_id AND assoc_activity.child_id='c4a3a9a6-1d98-4a7f-8ec9-49f6c142da84' AND assoc_activity.relation_type='Meetings') where (  assoc_activity.deleted=0 AND tasks.deleted=0 AND  tasks.assigned_user_id IN ('941b05d3-f856-f468-c791-4819568c29c6')) AND tasks.deleted=0 ) UNION ALL (  SELECT  emails.id , emails.name , emails.status , '                                                                                                                                                                                                                                                              ' contact_name , '                                    '  contact_id , '                                                                                                                                                                                                                                                              ' contact_name_owner , '                                                                                                                                                                                                                                                              ' contact_name_mod , emails.date_modified  , jt1.user_name assigned_user_name , jt1.created_by assigned_user_name_owner  , 'Users' assigned_user_name_mod, '                                                                                                                                                                                                                                                              ' filename , emails.assigned_user_id  , 'parent_obj_meetings_emails' panel_name  FROM emails   LEFT JOIN  users jt1 ON
jt1.id= emails.assigned_user_id AND jt1.deleted=0
 AND jt1.deleted=0 INNER JOIN assoc_activity ON (emails.id=assoc_activity.parent_id AND assoc_activity.child_id='c4a3a9a6-1d98-4a7f-8ec9-49f6c142da84' AND assoc_activity.relation_type='Meetings') where (  assoc_activity.deleted=0 AND emails.deleted=0 AND  emails.assigned_user_id IN ('941b05d3-f856-f468-c791-4819568c29c6')) AND emails.deleted=0 ) UNION ALL (  SELECT  calls.id , calls.name , calls.status , '                                                                                                                                                                                                                                                              ' contact_name , '                                    '  contact_id , '                                                                                                                                                                                                                                                              ' contact_name_owner , '                                                                                                                                                                                                                                                              ' contact_name_mod , calls.date_modified  , jt1.user_name assigned_user_name , jt1.created_by assigned_user_name_owner  , 'Users' assigned_user_name_mod, '                                                                                                                                                                                                                                                              ' filename , calls.assigned_user_id  , 'meetings_calls' panel_name  FROM calls   LEFT JOIN  users jt1 ON
jt1.id= calls.assigned_user_id AND jt1.deleted=0
 AND jt1.deleted=0 INNER JOIN assoc_activity ON (calls.id=assoc_activity.child_id AND assoc_activity.parent_id='c4a3a9a6-1d98-4a7f-8ec9-49f6c142da84' AND assoc_activity.relation_type='Calls') where (  assoc_activity.deleted=0 AND calls.deleted=0 AND  calls.assigned_user_id IN ('941b05d3-f856-f468-c791-4819568c29c6')) AND calls.deleted=0 ) UNION ALL (  SELECT  meetings.id , meetings.name , meetings.status , '                                                                                                                                                                                                                                                              ' contact_name , '                                    '  contact_id , '                                                                                                                                                                                                                                                              ' contact_name_owner , '                                                                                                                                                                                                                                                              ' contact_name_mod , meetings.date_modified  , jt1.user_name assigned_user_name , jt1.created_by assigned_user_name_owner  , 'Users' assigned_user_name_mod, '                                                                                                                                                                                                                                                              ' filename , meetings.assigned_user_id  , 'meetings_meetings' panel_name  FROM meetings   LEFT JOIN  users jt1 ON
jt1.id= meetings.assigned_user_id AND jt1.deleted=0
 AND jt1.deleted=0 INNER JOIN assoc_activity ON (meetings.id=assoc_activity.child_id AND assoc_activity.parent_id='c4a3a9a6-1d98-4a7f-8ec9-49f6c142da84' AND relation_type='Meetings') where (  assoc_activity.deleted=0 AND meetings.deleted=0 AND  meetings.assigned_user_id IN ('941b05d3-f856-f468-c791-4819568c29c6')) AND meetings.deleted=0 ) UNION ALL (  SELECT  tasks.id , tasks.name , tasks.status  , CONCAT(IFNULL(contacts.first_name,''),' ',IFNULL(contacts.last_name,'')) contact_name , tasks.contact_id  , contacts.assigned_user_id contact_name_owner  , 'Contacts' contact_name_mod, tasks.date_modified  , jt1.user_name assigned_user_name , jt1.created_by assigned_user_name_owner  , 'Users' assigned_user_name_mod, '                                                                                                                                                                                                                                                              ' filename , tasks.assigned_user_id  , 'meetings_tasks' panel_name  FROM tasks   LEFT JOIN  contacts contacts ON
contacts.id= tasks.contact_id AND contacts.deleted=0
 AND contacts.deleted=0  LEFT JOIN  users jt1 ON
jt1.id= tasks.assigned_user_id AND jt1.deleted=0
 AND jt1.deleted=0 INNER JOIN assoc_activity ON (tasks.id=assoc_activity.child_id AND assoc_activity.parent_id='c4a3a9a6-1d98-4a7f-8ec9-49f6c142da84' AND assoc_activity.relation_type='Tasks') where (  assoc_activity.deleted=0 AND tasks.deleted=0 AND  tasks.assigned_user_id IN ('941b05d3-f856-f468-c791-4819568c29c6')) AND tasks.deleted=0 ) UNION ALL (  SELECT  emails.id , emails.name , emails.status , '                                                                                                                                                                                                                                                              ' contact_name , '                                    '  contact_id , '                                                                                                                                                                                                                                                              ' contact_name_owner , '                                                                                                                                                                                                                                                              ' contact_name_mod , emails.date_modified  , jt1.user_name assigned_user_name , jt1.created_by assigned_user_name_owner  , 'Users' assigned_user_name_mod, '                                                                                                                                                                                                                                                              ' filename , emails.assigned_user_id  , 'meetings_emails' panel_name  FROM emails   LEFT JOIN  users jt1 ON
jt1.id= emails.assigned_user_id AND jt1.deleted=0
 AND jt1.deleted=0 INNER JOIN assoc_activity ON (emails.id=assoc_activity.child_id AND assoc_activity.parent_id='c4a3a9a6-1d98-4a7f-8ec9-49f6c142da84' AND assoc_activity.relation_type='Emails') where (  assoc_activity.deleted=0 AND emails.deleted=0 AND  emails.assigned_user_id IN ('941b05d3-f856-f468-c791-4819568c29c6')) AND emails.deleted=0 )
Tue Apr 28 14:12:42 2009,558 [17021] INFO SugarCRM - Query:( SELECT count(*) c FROM comments  INNER JOIN assoc_activity ON (comments.id=assoc_activity.child_id AND assoc_activity.parent_id='c4a3a9a6-1d98-4a7f-8ec9-49f6c142da84' AND assoc_activity.relation_type='Comments') where (  assoc_activity.deleted=0 AND comments.deleted=0 AND  comments.assigned_user_id IN ('941b05d3-f856-f468-c791-4819568c29c6')) AND comments.deleted=0 ) UNION ALL ( SELECT count(*) c FROM reviews  INNER JOIN assoc_activity ON (reviews.id=assoc_activity.child_id AND assoc_activity.parent_id='c4a3a9a6-1d98-4a7f-8ec9-49f6c142da84' AND assoc_activity.relation_type='Reviews') where (  assoc_activity.deleted=0 AND reviews.deleted=0 AND  (reviews.assigned_user_id ='941b05d3-f856-f468-c791-4819568c29c6' OR reviews.created_by = '941b05d3-f856-f468-c791-4819568c29c6') ) AND reviews.deleted=0 ) UNION ALL ( SELECT count(*) c FROM calls  INNER JOIN assoc_activity ON (calls.id=assoc_activity.parent_id AND assoc_activity.child_id='c4a3a9a6-1d98-4a7f-8ec9-49f6c142da84' AND assoc_activity.relation_type='Meetings') where (  assoc_activity.deleted=0 AND calls.deleted=0 AND  calls.assigned_user_id IN ('941b05d3-f856-f468-c791-4819568c29c6')) AND calls.deleted=0 ) UNION ALL ( SELECT count(*) c FROM meetings  INNER JOIN meetings_group_meetings ON (meetings.id=meetings_group_meetings.meeting_id AND meetings_group_meetings.group_meeting_id='c4a3a9a6-1d98-4a7f-8ec9-49f6c142da84') where (  meetings_group_meetings.deleted=0 AND meetings.deleted=0 AND  meetings.assigned_user_id IN ('941b05d3-f856-f468-c791-4819568c29c6')) AND meetings.deleted=0 ) UNION ALL ( SELECT count(*) c FROM meetings  INNER JOIN assoc_activity ON (meetings.id=assoc_activity.parent_id AND assoc_activity.child_id='c4a3a9a6-1d98-4a7f-8ec9-49f6c142da84' AND relation_type='Meetings') where (  assoc_activity.deleted=0 AND meetings.deleted=0 AND  meetings.assigned_user_id IN ('941b05d3-f856-f468-c791-4819568c29c6')) AND meetings.deleted=0 ) UNION ALL ( SELECT count(*) c FROM tasks  INNER JOIN assoc_activity ON (tasks.id=assoc_activity.parent_id AND assoc_activity.child_id='c4a3a9a6-1d98-4a7f-8ec9-49f6c142da84' AND assoc_activity.relation_type='Meetings') where (  assoc_activity.deleted=0 AND tasks.deleted=0 AND  tasks.assigned_user_id IN ('941b05d3-f856-f468-c791-4819568c29c6')) AND tasks.deleted=0 ) UNION ALL ( SELECT count(*) c FROM emails  INNER JOIN assoc_activity ON (emails.id=assoc_activity.parent_id AND assoc_activity.child_id='c4a3a9a6-1d98-4a7f-8ec9-49f6c142da84' AND assoc_activity.relation_type='Meetings') where (  assoc_activity.deleted=0 AND emails.deleted=0 AND  emails.assigned_user_id IN ('941b05d3-f856-f468-c791-4819568c29c6')) AND emails.deleted=0 ) UNION ALL ( SELECT count(*) c FROM calls  INNER JOIN assoc_activity ON (calls.id=assoc_activity.child_id AND assoc_activity.parent_id='c4a3a9a6-1d98-4a7f-8ec9-49f6c142da84' AND assoc_activity.relation_type='Calls') where (  assoc_activity.deleted=0 AND calls.deleted=0 AND  calls.assigned_user_id IN ('941b05d3-f856-f468-c791-4819568c29c6')) AND calls.deleted=0 ) UNION ALL ( SELECT count(*) c FROM meetings  INNER JOIN assoc_activity ON (meetings.id=assoc_activity.child_id AND assoc_activity.parent_id='c4a3a9a6-1d98-4a7f-8ec9-49f6c142da84' AND relation_type='Meetings') where (  assoc_activity.deleted=0 AND meetings.deleted=0 AND  meetings.assigned_user_id IN ('941b05d3-f856-f468-c791-4819568c29c6')) AND meetings.deleted=0 ) UNION ALL ( SELECT count(*) c FROM tasks  INNER JOIN assoc_activity ON (tasks.id=assoc_activity.child_id AND assoc_activity.parent_id='c4a3a9a6-1d98-4a7f-8ec9-49f6c142da84' AND assoc_activity.relation_type='Tasks') where (  assoc_activity.deleted=0 AND tasks.deleted=0 AND  tasks.assigned_user_id IN ('941b05d3-f856-f468-c791-4819568c29c6')) AND tasks.deleted=0 ) UNION ALL ( SELECT count(*) c FROM emails  INNER JOIN assoc_activity ON (emails.id=assoc_activity.child_id AND assoc_activity.parent_id='c4a3a9a6-1d98-4a7f-8ec9-49f6c142da84' AND assoc_activity.relation_type='Emails') where (  assoc_activity.deleted=0 AND emails.deleted=0 AND  emails.assigned_user_id IN ('941b05d3-f856-f468-c791-4819568c29c6')) AND emails.deleted=0 )
Tue Apr 28 14:12:42 2009,574 [17021] INFO SugarCRM - Query Execution Time:0.016417
Tue Apr 28 14:12:42 2009,575 [17021] DEBUG SugarCRM - Offsets: (start, previous, next, last)(0, -10, 10, 0)
Tue Apr 28 14:12:42 2009,575 [17021] INFO SugarCRM - Offset (next, current, prev)(10, , -10)
Tue Apr 28 14:12:42 2009,575 [17021] INFO SugarCRM - Start/end records (0, 1)
Tue Apr 28 14:12:42 2009,591 [17021] INFO SugarCRM - Query:SELECT id, name FROM saved_search
                  WHERE
                    deleted = '0' AND
                    assigned_user_id = '941b05d3-f856-f468-c791-4819568c29c6' AND
                    search_module =  'Meetings'
                  ORDER BY name
Tue Apr 28 14:12:42 2009,592 [17021] INFO SugarCRM - Query Execution Time:0.00036499999999995
Tue Apr 28 14:12:42 2009,593 [17021] DEBUG SugarCRM - --------->  END INCLUDING REQUESTED PAGE: [modules/Meetings/DetailView.php]  <------------
Tue Apr 28 14:12:43 2009,058 [16420] INFO SugarCRM - Connect:Resource id #157
Tue Apr 28 14:12:43 2009,059 [16420] INFO SugarCRM - Query:SELECT id, name, symbol, conversion_rate FROM currencies WHERE status = 'Active' and deleted = 0
Tue Apr 28 14:12:43 2009,059 [16420] INFO SugarCRM - Query Execution Time:0.000176
Tue Apr 28 14:12:43 2009,063 [16420] DEBUG SugarCRM - JSON_SERVER:
Tue Apr 28 14:12:43 2009,065 [16420] DEBUG SugarCRM - JSON_SERVER:session started
Tue Apr 28 14:12:43 2009,067 [16420] INFO SugarCRM - Query:SELECT id, name, symbol, conversion_rate FROM currencies WHERE status = 'Active' and deleted = 0
Tue Apr 28 14:12:43 2009,067 [16420] INFO SugarCRM - Query Execution Time:0.000252
Tue Apr 28 14:12:43 2009,068 [16420] DEBUG SugarCRM - JSON_SERVER: current_language:en_us
Tue Apr 28 14:12:43 2009,068 [16420] DEBUG SugarCRM - Retrieve User : SELECT users.* , users_cstm.* FROM users   LEFT JOIN users_cstm ON users.id = users_cstm.id_c  WHERE users.id = 'd17b23dc-0253-b68d-227e-481956c1e5e7' 
Tue Apr 28 14:12:43 2009,068 [16420] DEBUG SugarCRM - Limit Query:SELECT users.* , users_cstm.* FROM users   LEFT JOIN users_cstm ON users.id = users_cstm.id_c  WHERE users.id = 'd17b23dc-0253-b68d-227e-481956c1e5e7'  Start: 0 count: 1
Tue Apr 28 14:12:43 2009,068 [16420] INFO SugarCRM - Query:SELECT users.* , users_cstm.* FROM users   LEFT JOIN users_cstm ON users.id = users_cstm.id_c  WHERE users.id = 'd17b23dc-0253-b68d-227e-481956c1e5e7'  LIMIT 0,1
Tue Apr 28 14:12:43 2009,069 [16420] INFO SugarCRM - Query Execution Time:0.000379
Tue Apr 28 14:12:43 2009,073 [16420] DEBUG SugarCRM - In fill_relationships :Usersdefault_team_id_c,default_team_id_c,Default_Team_c,,Users,enum,36,optional,,2007-01-11 12:35:41,0,1,0,0,teams_array,,,
Tue Apr 28 14:12:43 2009,074 [16420] DEBUG SugarCRM - In fill_relationships :Usersio_msg_c,io_msg_c,In_Out_Message_c,,Users,text,254,optional,,2007-01-12 12:32:13,0,0,0,0,,,,
Tue Apr 28 14:12:43 2009,074 [16420] DEBUG SugarCRM - In fill_relationships :Usersio_status_c,io_status_c,In_Out_Status_c,,Users,text,25,optional,Out,2007-01-12 12:32:12,0,0,0,0,,,,
Tue Apr 28 14:12:43 2009,074 [16420] DEBUG SugarCRM - In fill_relationships :Usersshow_all_teams_c,show_all_teams_c,Show_All_Teams_c,,Users,bool,,optional,0,2007-01-11 12:35:41,0,0,0,0,,,,
Tue Apr 28 14:12:43 2009,074 [16420] DEBUG SugarCRM - Additional custom fields :
Tue Apr 28 14:12:43 2009,074 [16420] INFO SugarCRM - Query:SELECT u1.first_name, u1.last_name from users  u1, users  u2 where u1.id = u2.reports_to_id AND u2.id = 'd17b23dc-0253-b68d-227e-481956c1e5e7' and u1.deleted=0
Tue Apr 28 14:12:43 2009,075 [16420] INFO SugarCRM - Query Execution Time:0.00046199999999999
Tue Apr 28 14:12:43 2009,075 [16420] INFO SugarCRM - Query:SELECT name from suboffice_mast where id = 'a78ff931-938e-48bf-dd9b-480f2ec30174' AND deleted=0
Tue Apr 28 14:12:43 2009,076 [16420] INFO SugarCRM - Query Execution Time:0.000152
Tue Apr 28 14:12:43 2009,076 [16420] INFO SugarCRM - Query:SELECT name from verticals_mast where id = '19c34e91-870a-1aaa-325f-4522618960d8' AND deleted=0
Tue Apr 28 14:12:43 2009,076 [16420] INFO SugarCRM - Query Execution Time:0.00011900000000001
Tue Apr 28 14:12:43 2009,076 [16420] DEBUG SugarCRM - Including module specific hook file for Users
Tue Apr 28 14:12:43 2009,078 [16420] DEBUG SugarCRM - Creating new instance of hook class TeamFormBase without parameters
Tue Apr 28 14:12:43 2009,081 [16420] INFO SugarCRM - Query:SELECT id FROM users WHERE reports_to_id = ''
Tue Apr 28 14:12:43 2009,087 [16420] INFO SugarCRM - Query Execution Time:0.006009
Tue Apr 28 14:12:43 2009,088 [16420] DEBUG SugarCRM - Team Membership query: SELECT teams.id as team_id
			                FROM team_membership AS tm inner join teams
			                ON (tm.team_id=teams.id AND
			                      tm.user_id = '' AND
			                      teams.deleted=0 AND tm.deleted=0)
Tue Apr 28 14:12:43 2009,088 [16420] INFO SugarCRM - Query:SELECT teams.id as team_id
			                FROM team_membership AS tm inner join teams
			                ON (tm.team_id=teams.id AND
			                      tm.user_id = '' AND
			                      teams.deleted=0 AND tm.deleted=0)
Tue Apr 28 14:12:43 2009,088 [16420] INFO SugarCRM - Query Execution Time:0.00024300000000001
Tue Apr 28 14:12:43 2009,088 [16420] INFO SugarCRM - Query:SELECT name FROM teams WHERE id=''
Tue Apr 28 14:12:43 2009,088 [16420] INFO SugarCRM - Query Execution Time:7.3999999999991E-05
Tue Apr 28 14:12:43 2009,089 [16420] DEBUG SugarCRM - JSON_SERVER: retrieved user from SESSION
Tue Apr 28 14:12:43 2009,103 [16420] DEBUG SugarCRM - Calling function :query1
Tue Apr 28 14:12:43 2009,103 [16420] DEBUG SugarCRM - Calling function found :query1
Tue Apr 28 14:12:43 2009,103 [16420] DEBUG SugarCRM - JSON_SERVER:In query1 10
Tue Apr 28 14:12:43 2009,104 [16420] DEBUG SugarCRM - Where :users.status='Active'
Tue Apr 28 14:12:43 2009,104 [16420] DEBUG SugarCRM - get_all_list:  order_by = '' and where = 'users.status='Active'' and limit = '-1'
Tue Apr 28 14:12:43 2009,104 [16420] DEBUG SugarCRM - process_list_query: SELECT  users.* , users_cstm.* FROM users  LEFT JOIN users_cstm ON users.id = users_cstm.id_c where (users.status='Active') AND users.deleted=0
Tue Apr 28 14:12:43 2009,104 [16420] INFO SugarCRM - Query:SELECT count(*) c FROM users  LEFT JOIN users_cstm ON users.id = users_cstm.id_c where (users.status='Active') AND users.deleted=0
Tue Apr 28 14:12:43 2009,126 [16420] INFO SugarCRM - Query Execution Time:0.021209
Tue Apr 28 14:12:43 2009,126 [16420] DEBUG SugarCRM - Limit Query:SELECT  users.* , users_cstm.* FROM users  LEFT JOIN users_cstm ON users.id = users_cstm.id_c where (users.status='Active') AND users.deleted=0 Start: 0 count: 31
Tue Apr 28 14:12:43 2009,126 [16420] INFO SugarCRM - Query:SELECT  users.* , users_cstm.* FROM users  LEFT JOIN users_cstm ON users.id = users_cstm.id_c where (users.status='Active') AND users.deleted=0 LIMIT 0,31
Tue Apr 28 14:12:43 2009,128 [16420] INFO SugarCRM - Query Execution Time:0.002137
Tue Apr 28 14:12:43 2009,128 [16420] DEBUG SugarCRM - Found 1233 Users
Tue Apr 28 14:12:43 2009,129 [16420] INFO SugarCRM - Query:SELECT u1.first_name, u1.last_name from users  u1, users  u2 where u1.id = u2.reports_to_id AND u2.id = '1' and u1.deleted=0
Tue Apr 28 14:12:43 2009,130 [16420] INFO SugarCRM - Query Execution Time:0.00021199999999999
Tue Apr 28 14:12:43 2009,130 [16420] INFO SugarCRM - Query:SELECT name from suboffice_mast where id = '6a537a41-246d-ab19-1d68-4522109b2ae6' AND deleted=0
Tue Apr 28 14:12:43 2009,130 [16420] INFO SugarCRM - Query Execution Time:0.00012300000000001
Tue Apr 28 14:12:43 2009,130 [16420] INFO SugarCRM - Query:SELECT name from usertype_mast where id = 'be388f98-1a1a-b747-6a7b-45b07a36fdb9' AND deleted=0
Tue Apr 28 14:12:43 2009,131 [16420] INFO SugarCRM - Query Execution Time:0.00014799999999998
Tue Apr 28 14:12:43 2009,131 [16420] INFO SugarCRM - Query:SELECT name from verticals_mast where id = '75cf3f6f-1852-bfb8-ebe8-452261739b84' AND deleted=0
Tue Apr 28 14:12:43 2009,131 [16420] INFO SugarCRM - Query Execution Time:0.000112
Tue Apr 28 14:12:43 2009,131 [16420] INFO SugarCRM - Query:SELECT name from city_mast where id = 'c5dc0c62-fdc7-02ac-a10e-44a7ff0954e5' AND deleted=0
Tue Apr 28 14:12:43 2009,131 [16420] INFO SugarCRM - Query Execution Time:0.00012099999999998
Tue Apr 28 14:12:43 2009,132 [16420] INFO SugarCRM - Query:SELECT name from state_mast where id = '7259652b-d685-1db8-3750-44a7b44cc56f' AND deleted=0
Tue Apr 28 14:12:43 2009,132 [16420] INFO SugarCRM - Query Execution Time:0.000115
Tue Apr 28 14:12:43 2009,132 [16420] INFO SugarCRM - Query:SELECT name from country_mast where id = '7df016af-dbcd-b80c-afb6-44a3ffc39086' AND deleted=0
Tue Apr 28 14:12:43 2009,132 [16420] INFO SugarCRM - Query Execution Time:0.000115
Tue Apr 28 14:12:43 2009,133 [16420] INFO SugarCRM - Query:SELECT u1.first_name, u1.last_name from users  u1, users  u2 where u1.id = u2.reports_to_id AND u2.id = '6fee74d3-68da-5da3-5bad-45b876d5f2a7' and u1.deleted=0
Tue Apr 28 14:12:43 2009,133 [16420] INFO SugarCRM - Query Execution Time:0.000137
Tue Apr 28 14:12:43 2009,134 [16420] INFO SugarCRM - Query:SELECT name from suboffice_mast where id = '6a537a41-246d-ab19-1d68-4522109b2ae6' AND deleted=0
Tue Apr 28 14:12:43 2009,134 [16420] INFO SugarCRM - Query Execution Time:0.00012800000000002
Tue Apr 28 14:12:43 2009,135 [16420] INFO SugarCRM - Query:SELECT u1.first_name, u1.last_name from users  u1, users  u2 where u1.id = u2.reports_to_id AND u2.id = 'bfc3fb18-1543-4fd4-bd8a-46275379d199' and u1.deleted=0
Tue Apr 28 14:12:43 2009,135 [16420] INFO SugarCRM - Query Execution Time:0.00015399999999999
Tue Apr 28 14:12:43 2009,135 [16420] INFO SugarCRM - Query:SELECT name from suboffice_mast where id = '6a537a41-246d-ab19-1d68-4522109b2ae6' AND deleted=0
Tue Apr 28 14:12:43 2009,136 [16420] INFO SugarCRM - Query Execution Time:0.00011800000000001
Tue Apr 28 14:12:43 2009,136 [16420] INFO SugarCRM - Query:SELECT name from usertype_mast where id = 'be388f98-1a1a-b747-6a7b-45b07a36fdb9' AND deleted=0
Tue Apr 28 14:12:43 2009,136 [16420] INFO SugarCRM - Query Execution Time:0.000116
Tue Apr 28 14:12:43 2009,137 [16420] INFO SugarCRM - Query:SELECT u1.first_name, u1.last_name from users  u1, users  u2 where u1.id = u2.reports_to_id AND u2.id = 'b7fc3be6-cf72-b8ab-997d-465558c9f895' and u1.deleted=0
Tue Apr 28 14:12:43 2009,137 [16420] INFO SugarCRM - Query Execution Time:0.000197
Tue Apr 28 14:12:43 2009,137 [16420] INFO SugarCRM - Query:SELECT name from suboffice_mast where id = '6a537a41-246d-ab19-1d68-4522109b2ae6' AND deleted=0
Tue Apr 28 14:12:43 2009,138 [16420] INFO SugarCRM - Query Execution Time:0.00012299999999998
Tue Apr 28 14:12:43 2009,138 [16420] INFO SugarCRM - Query:SELECT name from usertype_mast where id = 'be388f98-1a1a-b747-6a7b-45b07a36fdb9' AND deleted=0
Tue Apr 28 14:12:43 2009,138 [16420] INFO SugarCRM - Query Execution Time:0.00011700000000001
Tue Apr 28 14:12:43 2009,139 [16420] INFO SugarCRM - Query:SELECT u1.first_name, u1.last_name from users  u1, users  u2 where u1.id = u2.reports_to_id AND u2.id = '138bee1e-d6c3-fce5-c2a6-469dcbc39465' and u1.deleted=0
Tue Apr 28 14:12:43 2009,139 [16420] INFO SugarCRM - Query Execution Time:0.00019899999999998
Tue Apr 28 14:12:43 2009,139 [16420] INFO SugarCRM - Query:SELECT name from suboffice_mast where id = '9b9a0336-9a5d-e9f9-828c-465adde4e7da' AND deleted=0
Tue Apr 28 14:12:43 2009,140 [16420] INFO SugarCRM - Query Execution Time:0.00011900000000001
Tue Apr 28 14:12:43 2009,140 [16420] INFO SugarCRM - Query:SELECT name from verticals_mast where id = 'd4bbcfc2-b560-5647-25cf-47f1fea655f4' AND deleted=0
Tue Apr 28 14:12:43 2009,140 [16420] INFO SugarCRM - Query Execution Time:0.00011800000000001
Tue Apr 28 14:12:43 2009,141 [16420] INFO SugarCRM - Query:SELECT u1.first_name, u1.last_name from users  u1, users  u2 where u1.id = u2.reports_to_id AND u2.id = '5b8e6e4b-2993-277f-4e24-46a881ca9e21' and u1.deleted=0
Tue Apr 28 14:12:43 2009,141 [16420] INFO SugarCRM - Query Execution Time:0.00015400000000002
Tue Apr 28 14:12:43 2009,141 [16420] INFO SugarCRM - Query:SELECT name from suboffice_mast where id = '6a537a41-246d-ab19-1d68-4522109b2ae6' AND deleted=0
Tue Apr 28 14:12:43 2009,142 [16420] INFO SugarCRM - Query Execution Time:0.00011800000000001
Tue Apr 28 14:12:43 2009,142 [16420] INFO SugarCRM - Query:SELECT name from usertype_mast where id = '38bb8453-bc23-6f9a-2bbd-49b0e97403b0' AND deleted=0
Tue Apr 28 14:12:43 2009,142 [16420] INFO SugarCRM - Query Execution Time:0.00011800000000001
Tue Apr 28 14:12:43 2009,142 [16420] INFO SugarCRM - Query:SELECT name from verticals_mast where id = 'b183840c-88af-911b-6a91-46a4a0fb1fb4' AND deleted=0
Tue Apr 28 14:12:43 2009,143 [16420] INFO SugarCRM - Query Execution Time:0.00012400000000001
Tue Apr 28 14:12:43 2009,143 [16420] INFO SugarCRM - Query:SELECT u1.first_name, u1.last_name from users  u1, users  u2 where u1.id = u2.reports_to_id AND u2.id = '791b231e-6225-b786-6100-46a8827583f6' and u1.deleted=0
Tue Apr 28 14:12:43 2009,144 [16420] INFO SugarCRM - Query Execution Time:0.000191
Tue Apr 28 14:12:43 2009,144 [16420] INFO SugarCRM - Query:SELECT name from suboffice_mast where id = '6a537a41-246d-ab19-1d68-4522109b2ae6' AND deleted=0
Tue Apr 28 14:12:43 2009,144 [16420] INFO SugarCRM - Query Execution Time:0.00011700000000001
Tue Apr 28 14:12:43 2009,144 [16420] INFO SugarCRM - Query:SELECT name from verticals_mast where id = 'b183840c-88af-911b-6a91-46a4a0fb1fb4' AND deleted=0
Tue Apr 28 14:12:43 2009,145 [16420] INFO SugarCRM - Query Execution Time:0.00011700000000001
Tue Apr 28 14:12:43 2009,145 [16420] INFO SugarCRM - Query:SELECT u1.first_name, u1.last_name from users  u1, users  u2 where u1.id = u2.reports_to_id AND u2.id = 'af081407-1b5e-f327-a939-46a888eda959' and u1.deleted=0
Tue Apr 28 14:12:43 2009,146 [16420] INFO SugarCRM - Query Execution Time:0.00019
Tue Apr 28 14:12:43 2009,146 [16420] INFO SugarCRM - Query:SELECT name from suboffice_mast where id = '6a537a41-246d-ab19-1d68-4522109b2ae6' AND deleted=0
Tue Apr 28 14:12:43 2009,146 [16420] INFO SugarCRM - Query Execution Time:0.00011700000000001
Tue Apr 28 14:12:43 2009,146 [16420] INFO SugarCRM - Query:SELECT name from verticals_mast where id = 'b183840c-88af-911b-6a91-46a4a0fb1fb4' AND deleted=0
Tue Apr 28 14:12:43 2009,147 [16420] INFO SugarCRM - Query Execution Time:0.00012099999999998
Tue Apr 28 14:12:43 2009,147 [16420] INFO SugarCRM - Query:SELECT u1.first_name, u1.last_name from users  u1, users  u2 where u1.id = u2.reports_to_id AND u2.id = '2e806bc8-31cc-5bc1-de3d-46a889815fb1' and u1.deleted=0
Tue Apr 28 14:12:43 2009,148 [16420] INFO SugarCRM - Query Execution Time:0.00018600000000002
Tue Apr 28 14:12:43 2009,148 [16420] INFO SugarCRM - Query:SELECT name from suboffice_mast where id = '6a537a41-246d-ab19-1d68-4522109b2ae6' AND deleted=0
Tue Apr 28 14:12:43 2009,148 [16420] INFO SugarCRM - Query Execution Time:0.00011700000000001
Tue Apr 28 14:12:43 2009,148 [16420] INFO SugarCRM - Query:SELECT name from verticals_mast where id = 'b183840c-88af-911b-6a91-46a4a0fb1fb4' AND deleted=0
Tue Apr 28 14:12:43 2009,148 [16420] INFO SugarCRM - Query Execution Time:0.00011599999999998
Tue Apr 28 14:12:43 2009,149 [16420] INFO SugarCRM - Query:SELECT u1.first_name, u1.last_name from users  u1, users  u2 where u1.id = u2.reports_to_id AND u2.id = '18ad6117-693f-bf8c-4348-46a88bd44404' and u1.deleted=0
Tue Apr 28 14:12:43 2009,150 [16420] INFO SugarCRM - Query Execution Time:0.00021600000000002
Tue Apr 28 14:12:43 2009,150 [16420] INFO SugarCRM - Query:SELECT name from suboffice_mast where id = '6a537a41-246d-ab19-1d68-4522109b2ae6' AND deleted=0
Tue Apr 28 14:12:43 2009,150 [16420] INFO SugarCRM - Query Execution Time:0.00011800000000001
Tue Apr 28 14:12:43 2009,150 [16420] INFO SugarCRM - Query:SELECT name from verticals_mast where id = 'b183840c-88af-911b-6a91-46a4a0fb1fb4' AND deleted=0
Tue Apr 28 14:12:43 2009,151 [16420] INFO SugarCRM - Query Execution Time:0.00012200000000001
Tue Apr 28 14:12:43 2009,151 [16420] INFO SugarCRM - Query:SELECT u1.first_name, u1.last_name from users  u1, users  u2 where u1.id = u2.reports_to_id AND u2.id = '1bf24caa-c679-7e72-872e-46a88c7626be' and u1.deleted=0
Tue Apr 28 14:12:43 2009,152 [16420] INFO SugarCRM - Query Execution Time:0.00017699999999998
Tue Apr 28 14:12:43 2009,152 [16420] INFO SugarCRM - Query:SELECT name from suboffice_mast where id = '6a537a41-246d-ab19-1d68-4522109b2ae6' AND deleted=0
Tue Apr 28 14:12:43 2009,152 [16420] INFO SugarCRM - Query Execution Time:0.00011700000000001
Tue Apr 28 14:12:43 2009,152 [16420] INFO SugarCRM - Query:SELECT name from verticals_mast where id = 'b183840c-88af-911b-6a91-46a4a0fb1fb4' AND deleted=0
Tue Apr 28 14:12:43 2009,153 [16420] INFO SugarCRM - Query Execution Time:0.000115
Tue Apr 28 14:12:43 2009,153 [16420] INFO SugarCRM - Query:SELECT u1.first_name, u1.last_name from users  u1, users  u2 where u1.id = u2.reports_to_id AND u2.id = 'ae03fc9f-cac9-f4e4-3e7d-46a88d2792e9' and u1.deleted=0
Tue Apr 28 14:12:43 2009,154 [16420] INFO SugarCRM - Query Execution Time:0.00018699999999999
Tue Apr 28 14:12:43 2009,154 [16420] INFO SugarCRM - Query:SELECT name from suboffice_mast where id = '6a537a41-246d-ab19-1d68-4522109b2ae6' AND deleted=0
Tue Apr 28 14:12:43 2009,154 [16420] INFO SugarCRM - Query Execution Time:0.00011700000000001
Tue Apr 28 14:12:43 2009,154 [16420] INFO SugarCRM - Query:SELECT name from verticals_mast where id = 'b183840c-88af-911b-6a91-46a4a0fb1fb4' AND deleted=0
Tue Apr 28 14:12:43 2009,155 [16420] INFO SugarCRM - Query Execution Time:0.00012099999999998
Tue Apr 28 14:12:43 2009,155 [16420] INFO SugarCRM - Query:SELECT u1.first_name, u1.last_name from users  u1, users  u2 where u1.id = u2.reports_to_id AND u2.id = '7d5bb4bb-b9ad-e55d-1fc7-46a89382b007' and u1.deleted=0
Tue Apr 28 14:12:43 2009,156 [16420] INFO SugarCRM - Query Execution Time:0.00017600000000001
Tue Apr 28 14:12:43 2009,156 [16420] INFO SugarCRM - Query:SELECT name from suboffice_mast where id = '6a537a41-246d-ab19-1d68-4522109b2ae6' AND deleted=0
Tue Apr 28 14:12:43 2009,156 [16420] INFO SugarCRM - Query Execution Time:0.00011700000000001
Tue Apr 28 14:12:43 2009,156 [16420] INFO SugarCRM - Query:SELECT name from verticals_mast where id = 'b183840c-88af-911b-6a91-46a4a0fb1fb4' AND deleted=0
Tue Apr 28 14:12:43 2009,156 [16420] INFO SugarCRM - Query Execution Time:0.000116
Tue Apr 28 14:12:43 2009,157 [16420] INFO SugarCRM - Query:SELECT u1.first_name, u1.last_name from users  u1, users  u2 where u1.id = u2.reports_to_id AND u2.id = '91ecf841-33bb-7fe2-dba2-46a8943d57f6' and u1.deleted=0
Tue Apr 28 14:12:43 2009,158 [16420] INFO SugarCRM - Query Execution Time:0.000193
Tue Apr 28 14:12:43 2009,158 [16420] INFO SugarCRM - Query:SELECT name from suboffice_mast where id = '6a537a41-246d-ab19-1d68-4522109b2ae6' AND deleted=0
Tue Apr 28 14:12:43 2009,158 [16420] INFO SugarCRM - Query Execution Time:0.000116
Tue Apr 28 14:12:43 2009,158 [16420] INFO SugarCRM - Query:SELECT name from usertype_mast where id = '6ff573ea-2b0f-92ba-daa0-49b0f72b7f5f' AND deleted=0
Tue Apr 28 14:12:43 2009,158 [16420] INFO SugarCRM - Query Execution Time:0.00011999999999998
Tue Apr 28 14:12:43 2009,159 [16420] INFO SugarCRM - Query:SELECT name from verticals_mast where id = 'd4ceb30c-a257-4659-88f3-46a4a137ba68' AND deleted=0
Tue Apr 28 14:12:43 2009,159 [16420] INFO SugarCRM - Query Execution Time:0.000113
Tue Apr 28 14:12:43 2009,160 [16420] INFO SugarCRM - Query:SELECT u1.first_name, u1.last_name from users  u1, users  u2 where u1.id = u2.reports_to_id AND u2.id = 'ad689d71-f250-0b97-1089-46a89525df29' and u1.deleted=0
Tue Apr 28 14:12:43 2009,160 [16420] INFO SugarCRM - Query Execution Time:0.00018199999999999
Tue Apr 28 14:12:43 2009,160 [16420] INFO SugarCRM - Query:SELECT name from suboffice_mast where id = '6a537a41-246d-ab19-1d68-4522109b2ae6' AND deleted=0
Tue Apr 28 14:12:43 2009,160 [16420] INFO SugarCRM - Query Execution Time:0.00011900000000001
Tue Apr 28 14:12:43 2009,161 [16420] INFO SugarCRM - Query:SELECT name from verticals_mast where id = 'd4ceb30c-a257-4659-88f3-46a4a137ba68' AND deleted=0
Tue Apr 28 14:12:43 2009,161 [16420] INFO SugarCRM - Query Execution Time:0.000115
Tue Apr 28 14:12:43 2009,162 [16420] INFO SugarCRM - Query:SELECT u1.first_name, u1.last_name from users  u1, users  u2 where u1.id = u2.reports_to_id AND u2.id = 'f4610956-ef95-41fe-5c41-46a89610c954' and u1.deleted=0
Tue Apr 28 14:12:43 2009,162 [16420] INFO SugarCRM - Query Execution Time:0.00018799999999999
Tue Apr 28 14:12:43 2009,162 [16420] INFO SugarCRM - Query:SELECT name from suboffice_mast where id = '6a537a41-246d-ab19-1d68-4522109b2ae6' AND deleted=0
Tue Apr 28 14:12:43 2009,163 [16420] INFO SugarCRM - Query Execution Time:0.00012500000000001
Tue Apr 28 14:12:43 2009,163 [16420] INFO SugarCRM - Query:SELECT name from verticals_mast where id = 'd4ceb30c-a257-4659-88f3-46a4a137ba68' AND deleted=0
Tue Apr 28 14:12:43 2009,163 [16420] INFO SugarCRM - Query Execution Time:0.000114
Tue Apr 28 14:12:43 2009,164 [16420] INFO SugarCRM - Query:SELECT u1.first_name, u1.last_name from users  u1, users  u2 where u1.id = u2.reports_to_id AND u2.id = '5f3f3269-7a7d-6cde-fd28-46ade30c9354' and u1.deleted=0
Tue Apr 28 14:12:43 2009,164 [16420] INFO SugarCRM - Query Execution Time:0.000192
Tue Apr 28 14:12:43 2009,164 [16420] INFO SugarCRM - Query:SELECT name from suboffice_mast where id = '9b9a0336-9a5d-e9f9-828c-465adde4e7da' AND deleted=0
Tue Apr 28 14:12:43 2009,165 [16420] INFO SugarCRM - Query Execution Time:0.000116
Tue Apr 28 14:12:43 2009,165 [16420] INFO SugarCRM - Query:SELECT name from usertype_mast where id = '9182080c-9e95-d0d5-9ec8-465581f07c44' AND deleted=0
Tue Apr 28 14:12:43 2009,165 [16420] INFO SugarCRM - Query Execution Time:0.000116
Tue Apr 28 14:12:43 2009,166 [16420] INFO SugarCRM - Query:SELECT u1.first_name, u1.last_name from users  u1, users  u2 where u1.id = u2.reports_to_id AND u2.id = '6852a3ba-84b8-8047-bbff-46ade4d1107f' and u1.deleted=0
Tue Apr 28 14:12:43 2009,166 [16420] INFO SugarCRM - Query Execution Time:0.00020000000000001
Tue Apr 28 14:12:43 2009,166 [16420] INFO SugarCRM - Query:SELECT name from suboffice_mast where id = '9b9a0336-9a5d-e9f9-828c-465adde4e7da' AND deleted=0
Tue Apr 28 14:12:43 2009,167 [16420] INFO SugarCRM - Query Execution Time:0.00012300000000001
Tue Apr 28 14:12:43 2009,167 [16420] INFO SugarCRM - Query:SELECT name from usertype_mast where id = '3f992304-4578-47ed-6959-49950f384b25' AND deleted=0
Tue Apr 28 14:12:43 2009,167 [16420] INFO SugarCRM - Query Execution Time:0.00011599999999998
Tue Apr 28 14:12:43 2009,167 [16420] INFO SugarCRM - Query:SELECT name from verticals_mast where id = '99c24631-aaf9-43d1-ab2d-4522616f1b16' AND deleted=0
Tue Apr 28 14:12:43 2009,167 [16420] INFO SugarCRM - Query Execution Time:0.000114
Tue Apr 28 14:12:43 2009,168 [16420] INFO SugarCRM - Query:SELECT u1.first_name, u1.last_name from users  u1, users  u2 where u1.id = u2.reports_to_id AND u2.id = '5e28ef32-a998-30f2-1357-46ade4759eea' and u1.deleted=0
Tue Apr 28 14:12:43 2009,168 [16420] INFO SugarCRM - Query Execution Time:0.00018899999999999
Tue Apr 28 14:12:43 2009,169 [16420] INFO SugarCRM - Query:SELECT name from suboffice_mast where id = '9b9a0336-9a5d-e9f9-828c-465adde4e7da' AND deleted=0
Tue Apr 28 14:12:43 2009,169 [16420] INFO SugarCRM - Query Execution Time:0.00011700000000001
Tue Apr 28 14:12:43 2009,169 [16420] INFO SugarCRM - Query:SELECT name from verticals_mast where id = 'bef6f626-f4e3-7780-1d7a-49afa32e345f' AND deleted=0
Tue Apr 28 14:12:43 2009,169 [16420] INFO SugarCRM - Query Execution Time:0.00011899999999998
Tue Apr 28 14:12:43 2009,170 [16420] INFO SugarCRM - Query:SELECT u1.first_name, u1.last_name from users  u1, users  u2 where u1.id = u2.reports_to_id AND u2.id = '69288c10-92c0-de4c-f82e-46ade45f908a' and u1.deleted=0
Tue Apr 28 14:12:43 2009,170 [16420] INFO SugarCRM - Query Execution Time:0.00020000000000001
Tue Apr 28 14:12:43 2009,171 [16420] INFO SugarCRM - Query:SELECT name from suboffice_mast where id = '9b9a0336-9a5d-e9f9-828c-465adde4e7da' AND deleted=0
Tue Apr 28 14:12:43 2009,171 [16420] INFO SugarCRM - Query Execution Time:0.00011800000000001
Tue Apr 28 14:12:43 2009,171 [16420] INFO SugarCRM - Query:SELECT name from verticals_mast where id = '99c24631-aaf9-43d1-ab2d-4522616f1b16' AND deleted=0
Tue Apr 28 14:12:43 2009,171 [16420] INFO SugarCRM - Query Execution Time:0.000115
Tue Apr 28 14:12:43 2009,172 [16420] INFO SugarCRM - Query:SELECT u1.first_name, u1.last_name from users  u1, users  u2 where u1.id = u2.reports_to_id AND u2.id = '589de9bd-8106-b0c8-2f94-46ade45c2215' and u1.deleted=0
Tue Apr 28 14:12:43 2009,173 [16420] INFO SugarCRM - Query Execution Time:0.00018699999999999
Tue Apr 28 14:12:43 2009,173 [16420] INFO SugarCRM - Query:SELECT name from suboffice_mast where id = '9b9a0336-9a5d-e9f9-828c-465adde4e7da' AND deleted=0
Tue Apr 28 14:12:43 2009,173 [16420] INFO SugarCRM - Query Execution Time:0.00011700000000001
Tue Apr 28 14:12:43 2009,173 [16420] INFO SugarCRM - Query:SELECT name from verticals_mast where id = '99c24631-aaf9-43d1-ab2d-4522616f1b16' AND deleted=0
Tue Apr 28 14:12:43 2009,173 [16420] INFO SugarCRM - Query Execution Time:0.000115
Tue Apr 28 14:12:43 2009,174 [16420] INFO SugarCRM - Query:SELECT u1.first_name, u1.last_name from users  u1, users  u2 where u1.id = u2.reports_to_id AND u2.id = '6ec65fd5-e4da-dd05-c6e1-46ade5b25948' and u1.deleted=0
Tue Apr 28 14:12:43 2009,175 [16420] INFO SugarCRM - Query Execution Time:0.00018700000000002
Tue Apr 28 14:12:43 2009,175 [16420] INFO SugarCRM - Query:SELECT name from suboffice_mast where id = '9b9a0336-9a5d-e9f9-828c-465adde4e7da' AND deleted=0
Tue Apr 28 14:12:43 2009,175 [16420] INFO SugarCRM - Query Execution Time:0.00011700000000001
Tue Apr 28 14:12:43 2009,175 [16420] INFO SugarCRM - Query:SELECT name from verticals_mast where id = 'd4bbcfc2-b560-5647-25cf-47f1fea655f4' AND deleted=0
Tue Apr 28 14:12:43 2009,175 [16420] INFO SugarCRM - Query Execution Time:0.000113
Tue Apr 28 14:12:43 2009,176 [16420] INFO SugarCRM - Query:SELECT u1.first_name, u1.last_name from users  u1, users  u2 where u1.id = u2.reports_to_id AND u2.id = '9236b89d-e13f-bc24-2bf5-46ade56e2f5a' and u1.deleted=0
Tue Apr 28 14:12:43 2009,176 [16420] INFO SugarCRM - Query Execution Time:0.000192
Tue Apr 28 14:12:43 2009,177 [16420] INFO SugarCRM - Query:SELECT name from suboffice_mast where id = '9b9a0336-9a5d-e9f9-828c-465adde4e7da' AND deleted=0
Tue Apr 28 14:12:43 2009,177 [16420] INFO SugarCRM - Query Execution Time:0.00011800000000001
Tue Apr 28 14:12:43 2009,177 [16420] INFO SugarCRM - Query:SELECT name from verticals_mast where id = 'de161878-82bd-0593-cff4-452261b2f602' AND deleted=0
Tue Apr 28 14:12:43 2009,177 [16420] INFO SugarCRM - Query Execution Time:0.00012200000000001
Tue Apr 28 14:12:43 2009,178 [16420] INFO SugarCRM - Query:SELECT u1.first_name, u1.last_name from users  u1, users  u2 where u1.id = u2.reports_to_id AND u2.id = '23f12cc3-1de4-9ac4-cfe2-46ade675ebde' and u1.deleted=0
Tue Apr 28 14:12:43 2009,178 [16420] INFO SugarCRM - Query Execution Time:0.000194
Tue Apr 28 14:12:43 2009,179 [16420] INFO SugarCRM - Query:SELECT name from suboffice_mast where id = '9b9a0336-9a5d-e9f9-828c-465adde4e7da' AND deleted=0
Tue Apr 28 14:12:43 2009,179 [16420] INFO SugarCRM - Query Execution Time:0.00011700000000001
Tue Apr 28 14:12:43 2009,179 [16420] INFO SugarCRM - Query:SELECT name from verticals_mast where id = 'd4bbcfc2-b560-5647-25cf-47f1fea655f4' AND deleted=0
Tue Apr 28 14:12:43 2009,179 [16420] INFO SugarCRM - Query Execution Time:0.000112
Tue Apr 28 14:12:43 2009,180 [16420] INFO SugarCRM - Query:SELECT u1.first_name, u1.last_name from users  u1, users  u2 where u1.id = u2.reports_to_id AND u2.id = '9b2d7282-e947-8433-f6f8-46ade6ee51a8' and u1.deleted=0
Tue Apr 28 14:12:43 2009,180 [16420] INFO SugarCRM - Query Execution Time:0.00018100000000001
Tue Apr 28 14:12:43 2009,181 [16420] INFO SugarCRM - Query:SELECT name from suboffice_mast where id = '9b9a0336-9a5d-e9f9-828c-465adde4e7da' AND deleted=0
Tue Apr 28 14:12:43 2009,181 [16420] INFO SugarCRM - Query Execution Time:0.00011900000000001
Tue Apr 28 14:12:43 2009,182 [16420] INFO SugarCRM - Query:SELECT u1.first_name, u1.last_name from users  u1, users  u2 where u1.id = u2.reports_to_id AND u2.id = 'a90cb8ac-2152-00bb-7b34-46ade6445a8d' and u1.deleted=0
Tue Apr 28 14:12:43 2009,182 [16420] INFO SugarCRM - Query Execution Time:0.00020299999999998
Tue Apr 28 14:12:43 2009,182 [16420] INFO SugarCRM - Query:SELECT name from suboffice_mast where id = '9b9a0336-9a5d-e9f9-828c-465adde4e7da' AND deleted=0
Tue Apr 28 14:12:43 2009,183 [16420] INFO SugarCRM - Query Execution Time:0.00012299999999998
Tue Apr 28 14:12:43 2009,183 [16420] INFO SugarCRM - Query:SELECT name from verticals_mast where id = '7c348676-4cca-f9a2-179c-46a4a0e86c66' AND deleted=0
Tue Apr 28 14:12:43 2009,183 [16420] INFO SugarCRM - Query Execution Time:0.00011800000000001
Tue Apr 28 14:12:43 2009,184 [16420] INFO SugarCRM - Query:SELECT u1.first_name, u1.last_name from users  u1, users  u2 where u1.id = u2.reports_to_id AND u2.id = '1ca64ee4-59ee-bb4f-2701-46ade67621c9' and u1.deleted=0
Tue Apr 28 14:12:43 2009,184 [16420] INFO SugarCRM - Query Execution Time:0.00018799999999999
Tue Apr 28 14:12:43 2009,184 [16420] INFO SugarCRM - Query:SELECT name from suboffice_mast where id = '9b9a0336-9a5d-e9f9-828c-465adde4e7da' AND deleted=0
Tue Apr 28 14:12:43 2009,185 [16420] INFO SugarCRM - Query Execution Time:0.00011699999999998
Tue Apr 28 14:12:43 2009,185 [16420] INFO SugarCRM - Query:SELECT name from usertype_mast where id = '3f992304-4578-47ed-6959-49950f384b25' AND deleted=0
Tue Apr 28 14:12:43 2009,185 [16420] INFO SugarCRM - Query Execution Time:0.00012000000000001
Tue Apr 28 14:12:43 2009,185 [16420] INFO SugarCRM - Query:SELECT name from verticals_mast where id = '3dd4bdc6-f21c-e59f-1bfb-452261c7a672' AND deleted=0
Tue Apr 28 14:12:43 2009,185 [16420] INFO SugarCRM - Query Execution Time:0.000115
Tue Apr 28 14:12:43 2009,186 [16420] INFO SugarCRM - Query:SELECT u1.first_name, u1.last_name from users  u1, users  u2 where u1.id = u2.reports_to_id AND u2.id = '89c81fa4-6b09-ce4f-a387-46ade73c04db' and u1.deleted=0
Tue Apr 28 14:12:43 2009,187 [16420] INFO SugarCRM - Query Execution Time:0.00020299999999998
Tue Apr 28 14:12:43 2009,187 [16420] INFO SugarCRM - Query:SELECT name from suboffice_mast where id = '9b9a0336-9a5d-e9f9-828c-465adde4e7da' AND deleted=0
Tue Apr 28 14:12:43 2009,187 [16420] INFO SugarCRM - Query Execution Time:0.00011800000000001
Tue Apr 28 14:12:43 2009,187 [16420] INFO SugarCRM - Query:SELECT name from verticals_mast where id = '3dd4bdc6-f21c-e59f-1bfb-452261c7a672' AND deleted=0
Tue Apr 28 14:12:43 2009,187 [16420] INFO SugarCRM - Query Execution Time:0.000114
Tue Apr 28 14:12:43 2009,188 [16420] INFO SugarCRM - Query:SELECT u1.first_name, u1.last_name from users  u1, users  u2 where u1.id = u2.reports_to_id AND u2.id = '54c91d05-0633-c9a0-16a6-46ade7203996' and u1.deleted=0
Tue Apr 28 14:12:43 2009,189 [16420] INFO SugarCRM - Query Execution Time:0.000193
Tue Apr 28 14:12:43 2009,189 [16420] INFO SugarCRM - Query:SELECT name from suboffice_mast where id = '9b9a0336-9a5d-e9f9-828c-465adde4e7da' AND deleted=0
Tue Apr 28 14:12:43 2009,189 [16420] INFO SugarCRM - Query Execution Time:0.00012299999999998
Tue Apr 28 14:12:43 2009,189 [16420] INFO SugarCRM - Query:SELECT name from verticals_mast where id = '19c34e91-870a-1aaa-325f-4522618960d8' AND deleted=0
Tue Apr 28 14:12:43 2009,189 [16420] INFO SugarCRM - Query Execution Time:0.000115
Tue Apr 28 14:12:43 2009,190 [16420] INFO SugarCRM - Query:SELECT u1.first_name, u1.last_name from users  u1, users  u2 where u1.id = u2.reports_to_id AND u2.id = '2f805932-1f16-16eb-db0c-46ade8d7c852' and u1.deleted=0
Tue Apr 28 14:12:43 2009,191 [16420] INFO SugarCRM - Query Execution Time:0.00019
Tue Apr 28 14:12:43 2009,191 [16420] INFO SugarCRM - Query:SELECT name from suboffice_mast where id = '9b9a0336-9a5d-e9f9-828c-465adde4e7da' AND deleted=0
Tue Apr 28 14:12:43 2009,191 [16420] INFO SugarCRM - Query Execution Time:0.00011699999999998
Tue Apr 28 14:12:43 2009,191 [16420] INFO SugarCRM - Query:SELECT name from verticals_mast where id = 'bef6f626-f4e3-7780-1d7a-49afa32e345f' AND deleted=0
Tue Apr 28 14:12:43 2009,191 [16420] INFO SugarCRM - Query Execution Time:0.00011800000000001
Tue Apr 28 14:12:43 2009,192 [16420] INFO SugarCRM - Query:SELECT u1.first_name, u1.last_name from users  u1, users  u2 where u1.id = u2.reports_to_id AND u2.id = 'c352da23-5977-28cd-639c-46aed07cc5c4' and u1.deleted=0
Tue Apr 28 14:12:43 2009,193 [16420] INFO SugarCRM - Query Execution Time:0.000197
Tue Apr 28 14:12:43 2009,193 [16420] INFO SugarCRM - Query:SELECT name from suboffice_mast where id = 'b0cbbe09-a7e2-2b69-24e3-465adc4773c5' AND deleted=0
Tue Apr 28 14:12:43 2009,193 [16420] INFO SugarCRM - Query Execution Time:0.00011699999999998
Tue Apr 28 14:12:43 2009,193 [16420] INFO SugarCRM - Query:SELECT name from usertype_mast where id = '37ade5d7-deca-8b8f-378f-49b0eaba5296' AND deleted=0
Tue Apr 28 14:12:43 2009,194 [16420] INFO SugarCRM - Query Execution Time:0.00012000000000001
Tue Apr 28 14:12:43 2009,194 [16420] INFO SugarCRM - Query:SELECT name from verticals_mast where id = 'd4bbcfc2-b560-5647-25cf-47f1fea655f4' AND deleted=0
Tue Apr 28 14:12:43 2009,194 [16420] INFO SugarCRM - Query Execution Time:0.000114
Tue Apr 28 14:12:43 2009,228 [16420] DEBUG SugarCRM - Where :accounts_contacts.account_id like '482c8a0c-ddca-95fc-c94e-4961a6bad0b3%'
Tue Apr 28 14:12:43 2009,229 [16420] DEBUG SugarCRM - get_list:  order_by = '' and where = 'accounts_contacts.account_id like '482c8a0c-ddca-95fc-c94e-4961a6bad0b3%'' and limit = '-1'
Tue Apr 28 14:12:43 2009,229 [16420] DEBUG SugarCRM - process_list_query: SELECT 
				contacts.*,
                accounts.name as account_name,
                accounts.id as account_id,
                accounts.assigned_user_id account_id_owner,
                users.user_name as assigned_user_name  , contacts_cstm.*
                FROM contacts LEFT JOIN users
	                    ON contacts.assigned_user_id=users.id
	                    LEFT JOIN accounts_contacts
	                    ON contacts.id=accounts_contacts.contact_id  and accounts_contacts.deleted = 0 
	                    LEFT JOIN accounts
	                    ON accounts_contacts.account_id=accounts.id   LEFT JOIN contacts_cstm ON contacts.id = contacts_cstm.id_c where (accounts_contacts.account_id like '482c8a0c-ddca-95fc-c94e-4961a6bad0b3%') AND  contacts.deleted=0  AND (accounts.deleted is NULL or accounts.deleted=0)  
Tue Apr 28 14:12:43 2009,229 [16420] INFO SugarCRM - Query:SELECT count(*) c FROM contacts LEFT JOIN users
	                    ON contacts.assigned_user_id=users.id
	                    LEFT JOIN accounts_contacts
	                    ON contacts.id=accounts_contacts.contact_id  and accounts_contacts.deleted = 0 
	                    LEFT JOIN accounts
	                    ON accounts_contacts.account_id=accounts.id   LEFT JOIN contacts_cstm ON contacts.id = contacts_cstm.id_c where (accounts_contacts.account_id like '482c8a0c-ddca-95fc-c94e-4961a6bad0b3%') AND  contacts.deleted=0  AND (accounts.deleted is NULL or accounts.deleted=0)  
Tue Apr 28 14:12:43 2009,234 [16420] INFO SugarCRM - Query Execution Time:0.005187
Tue Apr 28 14:12:43 2009,235 [16420] DEBUG SugarCRM - Limit Query:SELECT 
				contacts.*,
                accounts.name as account_name,
                accounts.id as account_id,
                accounts.assigned_user_id account_id_owner,
                users.user_name as assigned_user_name  , contacts_cstm.*
                FROM contacts LEFT JOIN users
	                    ON contacts.assigned_user_id=users.id
	                    LEFT JOIN accounts_contacts
	                    ON contacts.id=accounts_contacts.contact_id  and accounts_contacts.deleted = 0 
	                    LEFT JOIN accounts
	                    ON accounts_contacts.account_id=accounts.id   LEFT JOIN contacts_cstm ON contacts.id = contacts_cstm.id_c where (accounts_contacts.account_id like '482c8a0c-ddca-95fc-c94e-4961a6bad0b3%') AND  contacts.deleted=0  AND (accounts.deleted is NULL or accounts.deleted=0)   Start: 0 count: 31
Tue Apr 28 14:12:43 2009,235 [16420] INFO SugarCRM - Query:SELECT 
				contacts.*,
                accounts.name as account_name,
                accounts.id as account_id,
                accounts.assigned_user_id account_id_owner,
                users.user_name as assigned_user_name  , contacts_cstm.*
                FROM contacts LEFT JOIN users
	                    ON contacts.assigned_user_id=users.id
	                    LEFT JOIN accounts_contacts
	                    ON contacts.id=accounts_contacts.contact_id  and accounts_contacts.deleted = 0 
	                    LEFT JOIN accounts
	                    ON accounts_contacts.account_id=accounts.id   LEFT JOIN contacts_cstm ON contacts.id = contacts_cstm.id_c where (accounts_contacts.account_id like '482c8a0c-ddca-95fc-c94e-4961a6bad0b3%') AND  contacts.deleted=0  AND (accounts.deleted is NULL or accounts.deleted=0)   LIMIT 0,31
Tue Apr 28 14:12:43 2009,236 [16420] INFO SugarCRM - Query Execution Time:0.001082
Tue Apr 28 14:12:43 2009,236 [16420] DEBUG SugarCRM - Found 2 Contacts
